mos181: victim cpu40 L3 domain 0, 320 MiB / 20 ways = 16 MiB/way; full=fffff min=1; mode=corun chain=8 builds=[2000000] probe=4000000 (scan 30 MiB = 10% of LLC)
[hostguard] mos181 reserved by duckdb_join_corun (pid 1659862)
  n=  2000000 R= 76MiB full WB_local     inv0 eff= 320MiB occ=  67MiB bw= 24.31 settle=  25s med=  0.8700s  27.19ns/out valid=True
  n=  2000000 R= 76MiB full WB_sat       inv0 eff= 320MiB occ=  66MiB bw= 24.96 settle=  25s med=  0.8910s  27.84ns/out valid=True
  n=  2000000 R= 76MiB full WB_match_lo  inv0 eff= 320MiB occ=  63MiB bw= 10.89 settle=  25s med=  0.6760s  21.13ns/out valid=True
  n=  2000000 R= 76MiB full NTA_lo       inv0 eff= 320MiB occ=  90MiB bw= 10.77 settle=  25s med=  0.6170s  19.28ns/out valid=True
  n=  2000000 R= 76MiB full WB_match_hi  inv0 eff= 320MiB occ=  62MiB bw= 18.88 settle=  25s med=  0.6780s  21.19ns/out valid=True
  n=  2000000 R= 76MiB full NTA_sat      inv0 eff= 320MiB occ= 127MiB bw= 17.81 settle=  25s med=  0.6340s  19.81ns/out valid=True
  n=  2000000 R= 76MiB full quiescent    inv0 eff= 320MiB occ= 164MiB bw=  0.00 settle=   0s med=  0.6060s  18.94ns/out valid=True
  n=  2000000 R= 76MiB full quiescent    inv1 eff= 320MiB occ= 135MiB bw=  0.00 settle=   0s med=  0.6060s  18.94ns/out valid=True
  n=  2000000 R= 76MiB full NTA_sat      inv1 eff= 320MiB occ= 131MiB bw= 17.55 settle=  30s med=  0.6350s  19.84ns/out valid=True
  n=  2000000 R= 76MiB full WB_match_lo  inv1 eff= 320MiB occ=  68MiB bw= 10.11 settle=  25s med=  0.6700s  20.94ns/out valid=True
  n=  2000000 R= 76MiB full WB_local     inv1 eff= 320MiB occ=  70MiB bw= 24.99 settle=  25s med=  0.8920s  27.88ns/out valid=True
  n=  2000000 R= 76MiB full WB_sat       inv1 eff= 320MiB occ=  71MiB bw= 24.98 settle=  25s med=  0.9080s  28.38ns/out valid=True
  n=  2000000 R= 76MiB full NTA_lo       inv1 eff= 320MiB occ=  92MiB bw= 10.76 settle=  25s med=  0.6160s  19.25ns/out valid=True
  n=  2000000 R= 76MiB full WB_match_hi  inv1 eff= 320MiB occ=  64MiB bw= 18.89 settle=  25s med=  0.6870s  21.47ns/out valid=True
  n=  2000000 R= 76MiB full WB_match_lo  inv2 eff= 320MiB occ=  65MiB bw= 11.39 settle=  25s med=  0.6780s  21.19ns/out valid=True
  n=  2000000 R= 76MiB full NTA_lo       inv2 eff= 320MiB occ=  94MiB bw= 10.78 settle=  25s med=  0.6200s  19.38ns/out valid=True
  n=  2000000 R= 76MiB full WB_local     inv2 eff= 320MiB occ=  69MiB bw= 24.93 settle=  25s med=  0.8790s  27.47ns/out valid=True
  n=  2000000 R= 76MiB full WB_match_hi  inv2 eff= 320MiB occ=  66MiB bw= 17.68 settle=  25s med=  0.6720s  21.00ns/out valid=True
  n=  2000000 R= 76MiB full NTA_sat      inv2 eff= 320MiB occ= 144MiB bw= 17.80 settle=  25s med=  0.6410s  20.03ns/out valid=True
  n=  2000000 R= 76MiB full quiescent    inv2 eff= 320MiB occ= 145MiB bw=  0.00 settle=   0s med=  0.6100s  19.06ns/out valid=True
  n=  2000000 R= 76MiB full WB_sat       inv2 eff= 320MiB occ=  73MiB bw= 24.58 settle=  25s med=  0.8780s  27.44ns/out valid=True
  n=  2000000 R= 76MiB full NTA_lo       inv3 eff= 320MiB occ=  90MiB bw= 10.78 settle=  25s med=  0.6210s  19.41ns/out valid=True
  n=  2000000 R= 76MiB full quiescent    inv3 eff= 320MiB occ= 137MiB bw=  0.00 settle=   0s med=  0.6070s  18.97ns/out valid=True
  n=  2000000 R= 76MiB full WB_local     inv3 eff= 320MiB occ=  72MiB bw= 24.80 settle=  25s med=  0.8870s  27.72ns/out valid=True
  n=  2000000 R= 76MiB full WB_sat       inv3 eff= 320MiB occ=  69MiB bw= 24.93 settle=  25s med=  0.9080s  28.38ns/out valid=True
  n=  2000000 R= 76MiB full WB_match_hi  inv3 eff= 320MiB occ=  70MiB bw= 17.57 settle=  25s med=  0.6720s  21.00ns/out valid=True
  n=  2000000 R= 76MiB full WB_match_lo  inv3 eff= 320MiB occ=  65MiB bw= 11.02 settle=  25s med=  0.6780s  21.19ns/out valid=True
  n=  2000000 R= 76MiB full NTA_sat      inv3 eff= 320MiB occ= 124MiB bw= 17.88 settle=  25s med=  0.6450s  20.16ns/out valid=True
  n=  2000000 R= 76MiB full WB_match_hi  inv4 eff= 320MiB occ=  85MiB bw= 17.11 settle=  25s med=  0.6620s  20.69ns/out valid=True
  n=  2000000 R= 76MiB full WB_local     inv4 eff= 320MiB occ=  71MiB bw= 24.88 settle=  25s med=  0.8920s  27.88ns/out valid=True
  n=  2000000 R= 76MiB full WB_sat       inv4 eff= 320MiB occ=  67MiB bw= 24.97 settle=  25s med=  0.8950s  27.97ns/out valid=True
  n=  2000000 R= 76MiB full WB_match_lo  inv4 eff= 320MiB occ=  72MiB bw= 10.14 settle=  25s med=  0.6680s  20.88ns/out valid=True
  n=  2000000 R= 76MiB full NTA_lo       inv4 eff= 320MiB occ=  98MiB bw= 10.78 settle=  25s med=  0.6190s  19.34ns/out valid=True
  n=  2000000 R= 76MiB full quiescent    inv4 eff= 320MiB occ= 155MiB bw=  0.00 settle=   0s med=  0.6080s  19.00ns/out valid=True
  n=  2000000 R= 76MiB full NTA_sat      inv4 eff= 320MiB occ= 124MiB bw= 17.62 settle=  25s med=  0.6330s  19.78ns/out valid=True
  n=  2000000 R= 76MiB full WB_sat       inv5 eff= 320MiB occ=  70MiB bw= 24.80 settle=  25s med=  0.8910s  27.84ns/out valid=True
  n=  2000000 R= 76MiB full WB_local     inv5 eff= 320MiB occ=  67MiB bw= 24.95 settle=  25s med=  0.8800s  27.50ns/out valid=True
  n=  2000000 R= 76MiB full NTA_sat      inv5 eff= 320MiB occ= 145MiB bw= 17.81 settle=  25s med=  0.6380s  19.94ns/out valid=True
  n=  2000000 R= 76MiB full WB_match_lo  inv5 eff= 320MiB occ=  66MiB bw= 10.42 settle=  25s med=  0.6740s  21.06ns/out valid=True
  n=  2000000 R= 76MiB full quiescent    inv5 eff= 320MiB occ= 142MiB bw=  0.00 settle=   0s med=  0.6110s  19.09ns/out valid=True
  n=  2000000 R= 76MiB full NTA_lo       inv5 eff= 320MiB occ=  94MiB bw= 10.77 settle=  25s med=  0.6190s  19.34ns/out valid=True
  n=  2000000 R= 76MiB full WB_match_hi  inv5 eff= 320MiB occ=  64MiB bw= 18.78 settle=  25s med=  0.6800s  21.25ns/out valid=True
  n=  2000000 R= 76MiB full WB_sat       inv6 eff= 320MiB occ=  70MiB bw= 24.99 settle=  25s med=  0.8870s  27.72ns/out valid=True
  n=  2000000 R= 76MiB full NTA_sat      inv6 eff= 320MiB occ= 131MiB bw= 17.84 settle=  25s med=  0.6420s  20.06ns/out valid=True
  n=  2000000 R= 76MiB full WB_local     inv6 eff= 320MiB occ=  73MiB bw= 24.75 settle=  25s med=  0.8850s  27.66ns/out valid=True
  n=  2000000 R= 76MiB full NTA_lo       inv6 eff= 320MiB occ=  89MiB bw= 10.78 settle=  25s med=  0.6200s  19.38ns/out valid=True
  n=  2000000 R= 76MiB full quiescent    inv6 eff= 320MiB occ= 142MiB bw=  0.00 settle=   0s med=  0.6060s  18.94ns/out valid=True
  n=  2000000 R= 76MiB full WB_match_lo  inv6 eff= 320MiB occ=  64MiB bw= 10.95 settle=  25s med=  0.6780s  21.19ns/out valid=True
  n=  2000000 R= 76MiB full WB_match_hi  inv6 eff= 320MiB occ=  67MiB bw= 19.02 settle=  25s med=  0.6810s  21.28ns/out valid=True
  n=  2000000 R= 76MiB full WB_local     inv7 eff= 320MiB occ=  71MiB bw= 24.96 settle=  25s med=  0.8830s  27.59ns/out valid=True
  n=  2000000 R= 76MiB full WB_match_hi  inv7 eff= 320MiB occ=  71MiB bw= 17.69 settle=  25s med=  0.6720s  21.00ns/out valid=True
  n=  2000000 R= 76MiB full WB_sat       inv7 eff= 320MiB occ=  69MiB bw= 24.95 settle=  25s med=  0.9350s  29.22ns/out valid=True
  n=  2000000 R= 76MiB full quiescent    inv7 eff= 320MiB occ= 134MiB bw=  0.00 settle=   0s med=  0.6090s  19.03ns/out valid=True
  n=  2000000 R= 76MiB full WB_match_lo  inv7 eff= 320MiB occ=  67MiB bw= 10.38 settle=  25s med=  0.6700s  20.94ns/out valid=True
  n=  2000000 R= 76MiB full NTA_sat      inv7 eff= 320MiB occ= 125MiB bw= 17.88 settle=  25s med=  0.6390s  19.97ns/out valid=True
  n=  2000000 R= 76MiB full NTA_lo       inv7 eff= 320MiB occ=  93MiB bw= 10.78 settle=  25s med=  0.6150s  19.22ns/out valid=True
  n=  2000000 R= 76MiB full WB_local     inv8 eff= 320MiB occ=  66MiB bw= 24.95 settle=  25s med=  0.8820s  27.56ns/out valid=True
  n=  2000000 R= 76MiB full WB_sat       inv8 eff= 320MiB occ=  70MiB bw= 24.95 settle=  25s med=  0.8880s  27.75ns/out valid=True
  n=  2000000 R= 76MiB full NTA_lo       inv8 eff= 320MiB occ=  98MiB bw= 10.78 settle=  25s med=  0.6190s  19.34ns/out valid=True
  n=  2000000 R= 76MiB full WB_match_lo  inv8 eff= 320MiB occ=  64MiB bw= 11.10 settle=  25s med=  0.6810s  21.28ns/out valid=True
  n=  2000000 R= 76MiB full quiescent    inv8 eff= 320MiB occ= 152MiB bw=  0.00 settle=   0s med=  0.6090s  19.03ns/out valid=True
  n=  2000000 R= 76MiB full WB_match_hi  inv8 eff= 320MiB occ=  66MiB bw= 18.35 settle=  25s med=  0.6820s  21.31ns/out valid=True
  n=  2000000 R= 76MiB full NTA_sat      inv8 eff= 320MiB occ= 125MiB bw= 17.87 settle=  25s med=  0.6390s  19.97ns/out valid=True
  n=  2000000 R= 76MiB full WB_match_hi  inv9 eff= 320MiB occ=  90MiB bw= 17.02 settle=  25s med=  0.6560s  20.50ns/out valid=True
  n=  2000000 R= 76MiB full NTA_sat      inv9 eff= 320MiB occ= 123MiB bw= 17.78 settle=  25s med=  0.6360s  19.88ns/out valid=True
  n=  2000000 R= 76MiB full WB_sat       inv9 eff= 320MiB occ=  73MiB bw= 24.75 settle=  25s med=  0.8700s  27.19ns/out valid=True
  n=  2000000 R= 76MiB full NTA_lo       inv9 eff= 320MiB occ=  93MiB bw= 10.78 settle=  25s med=  0.6190s  19.34ns/out valid=True
  n=  2000000 R= 76MiB full WB_local     inv9 eff= 320MiB occ=  68MiB bw= 24.93 settle=  25s med=  0.8830s  27.59ns/out valid=True
  n=  2000000 R= 76MiB full quiescent    inv9 eff= 320MiB occ= 134MiB bw=  0.00 settle=   0s med=  0.6040s  18.88ns/out valid=True
  n=  2000000 R= 76MiB full WB_match_lo  inv9 eff= 320MiB occ=  68MiB bw= 10.53 settle=  25s med=  0.6730s  21.03ns/out valid=True
[hostguard] lock released
