moscxl: victim cpu8 L3 domain 1, 16 MiB / 16 ways = 1 MiB/way; full=ffff min=1; mode=corun chain=8 builds=[100000] probe=250000 (scan 1 MiB = 12% of LLC)
[hostguard] moscxl reserved by duckdb_join_corun (pid 140912)
  n=   100000 R=  3MiB full FB256_sat    inv0 eff=  16MiB occ=   4MiB bw= 16.93 settle=  60s med=  0.0760s  38.00ns/out valid=True
  n=   100000 R=  3MiB full quiescent    inv0 eff=  16MiB occ=   9MiB bw=  0.00 settle=   0s med=  0.0280s  14.00ns/out valid=True
  n=   100000 R=  3MiB full WB_fbmatch   inv0 eff=  16MiB occ=   2MiB bw= 12.69 settle=  25s med=  0.0430s  21.50ns/out valid=True
  n=   100000 R=  3MiB full FB0_match    inv0 eff=  16MiB occ=   2MiB bw= 12.77 settle=  25s med=  0.0410s  20.50ns/out valid=True
  n=   100000 R=  3MiB full FB0_sat      inv0 eff=  16MiB occ=   0MiB bw= 24.23 settle=  25s med=  0.2330s 116.50ns/out valid=True
  n=   100000 R=  3MiB full NTA_sat      inv0 eff=  16MiB occ=   2MiB bw= 24.58 settle=  25s med=  0.1470s  73.50ns/out valid=True
  n=   100000 R=  3MiB full WB_local     inv0 eff=  16MiB occ=   0MiB bw= 24.26 settle=  25s med=  0.2330s 116.50ns/out valid=True
  n=   100000 R=  3MiB full FB256_match  inv0 eff=  16MiB occ=   7MiB bw= 15.44 settle=  39s med=  0.0310s  15.50ns/out valid=True
  n=   100000 R=  3MiB full WB_sat       inv0 eff=  16MiB occ=   0MiB bw= 24.24 settle=  25s med=  0.2330s 116.50ns/out valid=True
  n=   100000 R=  3MiB full NTA_sat      inv1 eff=  16MiB occ=   2MiB bw= 24.54 settle=  25s med=  0.1500s  75.00ns/out valid=True
  n=   100000 R=  3MiB full FB256_match  inv1 eff=  16MiB occ=   6MiB bw= 15.42 settle=  60s med=  0.0340s  17.00ns/out valid=True
  n=   100000 R=  3MiB full WB_fbmatch   inv1 eff=  16MiB occ=   2MiB bw= 12.73 settle=  25s med=  0.0420s  21.00ns/out valid=True
  n=   100000 R=  3MiB full quiescent    inv1 eff=  16MiB occ=   7MiB bw=  0.00 settle=   0s med=  0.0290s  14.50ns/out valid=True
  n=   100000 R=  3MiB full WB_sat       inv1 eff=  16MiB occ=   0MiB bw= 24.26 settle=  25s med=  0.2340s 117.00ns/out valid=True
  n=   100000 R=  3MiB full WB_local     inv1 eff=  16MiB occ=   0MiB bw= 24.24 settle=  25s med=  0.2320s 116.00ns/out valid=True
  n=   100000 R=  3MiB full FB256_sat    inv1 eff=  16MiB occ=   5MiB bw= 16.96 settle=  60s med=  0.0750s  37.50ns/out valid=True
  n=   100000 R=  3MiB full FB0_match    inv1 eff=  16MiB occ=   2MiB bw= 12.67 settle=  25s med=  0.0410s  20.50ns/out valid=True
  n=   100000 R=  3MiB full FB0_sat      inv1 eff=  16MiB occ=   0MiB bw= 24.22 settle=  25s med=  0.2330s 116.50ns/out valid=True
  n=   100000 R=  3MiB full FB256_sat    inv2 eff=  16MiB occ=   5MiB bw= 16.97 settle=  60s med=  0.0720s  36.00ns/out valid=True
  n=   100000 R=  3MiB full quiescent    inv2 eff=  16MiB occ=   8MiB bw=  0.00 settle=   0s med=  0.0280s  14.00ns/out valid=True
  n=   100000 R=  3MiB full WB_fbmatch   inv2 eff=  16MiB occ=   2MiB bw= 12.69 settle=  25s med=  0.0370s  18.50ns/out valid=True
  n=   100000 R=  3MiB full FB256_match  inv2 eff=  16MiB occ=   7MiB bw= 15.42 settle=  60s med=  0.0350s  17.50ns/out valid=True
  n=   100000 R=  3MiB full WB_local     inv2 eff=  16MiB occ=   0MiB bw= 24.25 settle=  25s med=  0.2340s 117.00ns/out valid=True
  n=   100000 R=  3MiB full FB0_sat      inv2 eff=  16MiB occ=   0MiB bw= 24.20 settle=  25s med=  0.2380s 119.00ns/out valid=True
  n=   100000 R=  3MiB full NTA_sat      inv2 eff=  16MiB occ=   2MiB bw= 24.57 settle=  25s med=  0.1480s  74.00ns/out valid=True
  n=   100000 R=  3MiB full WB_sat       inv2 eff=  16MiB occ=   0MiB bw= 24.27 settle=  25s med=  0.2340s 117.00ns/out valid=True
  n=   100000 R=  3MiB full FB0_match    inv2 eff=  16MiB occ=   2MiB bw= 12.73 settle=  25s med=  0.0380s  19.00ns/out valid=True
  n=   100000 R=  3MiB full WB_local     inv3 eff=  16MiB occ=   0MiB bw= 24.24 settle=  25s med=  0.2340s 117.00ns/out valid=True
  n=   100000 R=  3MiB full NTA_sat      inv3 eff=  16MiB occ=   1MiB bw= 24.51 settle=  25s med=  0.1720s  86.00ns/out valid=True
  n=   100000 R=  3MiB full FB256_match  inv3 eff=  16MiB occ=   7MiB bw= 15.43 settle=  60s med=  0.0310s  15.50ns/out valid=True
  n=   100000 R=  3MiB full FB0_sat      inv3 eff=  16MiB occ=   0MiB bw= 24.25 settle=  25s med=  0.2310s 115.50ns/out valid=True
  n=   100000 R=  3MiB full quiescent    inv3 eff=  16MiB occ=   8MiB bw=  0.00 settle=   0s med=  0.0290s  14.50ns/out valid=True
  n=   100000 R=  3MiB full WB_fbmatch   inv3 eff=  16MiB occ=   2MiB bw= 12.71 settle=  25s med=  0.0460s  23.00ns/out valid=True
  n=   100000 R=  3MiB full FB256_sat    inv3 eff=  16MiB occ=   4MiB bw= 16.96 settle=  60s med=  0.0740s  37.00ns/out valid=True
  n=   100000 R=  3MiB full WB_sat       inv3 eff=  16MiB occ=   0MiB bw= 24.20 settle=  25s med=  0.2340s 117.00ns/out valid=True
  n=   100000 R=  3MiB full FB0_match    inv3 eff=  16MiB occ=   2MiB bw= 12.71 settle=  25s med=  0.0460s  23.00ns/out valid=True
  n=   100000 R=  3MiB full FB0_sat      inv4 eff=  16MiB occ=   0MiB bw= 24.22 settle=  25s med=  0.2350s 117.50ns/out valid=True
  n=   100000 R=  3MiB full FB0_match    inv4 eff=  16MiB occ=   2MiB bw= 12.72 settle=  25s med=  0.0400s  20.00ns/out valid=True
  n=   100000 R=  3MiB full NTA_sat      inv4 eff=  16MiB occ=   2MiB bw= 24.54 settle=  25s med=  0.1540s  77.00ns/out valid=True
  n=   100000 R=  3MiB full WB_local     inv4 eff=  16MiB occ=   0MiB bw= 24.26 settle=  25s med=  0.2340s 117.00ns/out valid=True
  n=   100000 R=  3MiB full WB_fbmatch   inv4 eff=  16MiB occ=   2MiB bw= 12.68 settle=  25s med=  0.0430s  21.50ns/out valid=True
  n=   100000 R=  3MiB full WB_sat       inv4 eff=  16MiB occ=   0MiB bw= 24.23 settle=  25s med=  0.2340s 117.00ns/out valid=True
  n=   100000 R=  3MiB full FB256_match  inv4 eff=  16MiB occ=   7MiB bw= 15.42 settle=  60s med=  0.0330s  16.50ns/out valid=True
  n=   100000 R=  3MiB full quiescent    inv4 eff=  16MiB occ=   8MiB bw=  0.00 settle=   0s med=  0.0280s  14.00ns/out valid=True
  n=   100000 R=  3MiB full FB256_sat    inv4 eff=  16MiB occ=   5MiB bw= 16.94 settle=  60s med=  0.0750s  37.50ns/out valid=True
  n=   100000 R=  3MiB full FB0_match    inv5 eff=  16MiB occ=   2MiB bw= 12.75 settle=  25s med=  0.0370s  18.50ns/out valid=True
  n=   100000 R=  3MiB full FB256_match  inv5 eff=  16MiB occ=   6MiB bw= 15.36 settle=  33s med=  0.0470s  23.50ns/out valid=True
  n=   100000 R=  3MiB full WB_sat       inv5 eff=  16MiB occ=   0MiB bw= 24.22 settle=  25s med=  0.2350s 117.50ns/out valid=True
  n=   100000 R=  3MiB full WB_fbmatch   inv5 eff=  16MiB occ=   2MiB bw= 12.72 settle=  25s med=  0.0450s  22.50ns/out valid=True
  n=   100000 R=  3MiB full FB0_sat      inv5 eff=  16MiB occ=   0MiB bw= 24.24 settle=  25s med=  0.2350s 117.50ns/out valid=True
  n=   100000 R=  3MiB full NTA_sat      inv5 eff=  16MiB occ=   1MiB bw= 24.55 settle=  25s med=  0.1520s  76.00ns/out valid=True
  n=   100000 R=  3MiB full FB256_sat    inv5 eff=  16MiB occ=   5MiB bw= 16.94 settle=  60s med=  0.0760s  38.00ns/out valid=True
  n=   100000 R=  3MiB full WB_local     inv5 eff=  16MiB occ=   0MiB bw= 24.26 settle=  25s med=  0.2340s 117.00ns/out valid=True
  n=   100000 R=  3MiB full quiescent    inv5 eff=  16MiB occ=   8MiB bw=  0.00 settle=   0s med=  0.0290s  14.50ns/out valid=True
  n=   100000 R=  3MiB full WB_sat       inv6 eff=  16MiB occ=   0MiB bw= 24.21 settle=  25s med=  0.2350s 117.50ns/out valid=True
  n=   100000 R=  3MiB full FB256_sat    inv6 eff=  16MiB occ=   4MiB bw= 16.96 settle=  60s med=  0.0750s  37.50ns/out valid=True
  n=   100000 R=  3MiB full NTA_sat      inv6 eff=  16MiB occ=   2MiB bw= 24.50 settle=  25s med=  0.1530s  76.50ns/out valid=True
  n=   100000 R=  3MiB full WB_local     inv6 eff=  16MiB occ=   0MiB bw= 24.25 settle=  25s med=  0.2340s 117.00ns/out valid=True
  n=   100000 R=  3MiB full WB_fbmatch   inv6 eff=  16MiB occ=   2MiB bw= 12.62 settle=  25s med=  0.0410s  20.50ns/out valid=True
  n=   100000 R=  3MiB full FB0_match    inv6 eff=  16MiB occ=   2MiB bw= 12.71 settle=  25s med=  0.0450s  22.50ns/out valid=True
  n=   100000 R=  3MiB full quiescent    inv6 eff=  16MiB occ=   9MiB bw=  0.00 settle=   0s med=  0.0290s  14.50ns/out valid=True
  n=   100000 R=  3MiB full FB0_sat      inv6 eff=  16MiB occ=   0MiB bw= 24.20 settle=  25s med=  0.2340s 117.00ns/out valid=True
  n=   100000 R=  3MiB full FB256_match  inv6 eff=  16MiB occ=   7MiB bw= 15.40 settle=  60s med=  0.0340s  17.00ns/out valid=True
  n=   100000 R=  3MiB full FB256_sat    inv7 eff=  16MiB occ=   5MiB bw= 16.95 settle=  60s med=  0.0740s  37.00ns/out valid=True
  n=   100000 R=  3MiB full FB256_match  inv7 eff=  16MiB occ=   6MiB bw= 15.39 settle=  31s med=  0.0350s  17.50ns/out valid=True
  n=   100000 R=  3MiB full FB0_match    inv7 eff=  16MiB occ=   2MiB bw= 12.70 settle=  25s med=  0.0420s  21.00ns/out valid=True
  n=   100000 R=  3MiB full FB0_sat      inv7 eff=  16MiB occ=   0MiB bw= 24.22 settle=  25s med=  0.2350s 117.50ns/out valid=True
  n=   100000 R=  3MiB full NTA_sat      inv7 eff=  16MiB occ=   2MiB bw= 24.54 settle=  25s med=  0.1520s  76.00ns/out valid=True
  n=   100000 R=  3MiB full quiescent    inv7 eff=  16MiB occ=   8MiB bw=  0.00 settle=   0s med=  0.0280s  14.00ns/out valid=True
  n=   100000 R=  3MiB full WB_local     inv7 eff=  16MiB occ=   0MiB bw= 24.23 settle=  25s med=  0.2350s 117.50ns/out valid=True
  n=   100000 R=  3MiB full WB_sat       inv7 eff=  16MiB occ=   0MiB bw= 24.25 settle=  25s med=  0.2340s 117.00ns/out valid=True
  n=   100000 R=  3MiB full WB_fbmatch   inv7 eff=  16MiB occ=   2MiB bw= 12.70 settle=  25s med=  0.0430s  21.50ns/out valid=True
  n=   100000 R=  3MiB full quiescent    inv8 eff=  16MiB occ=   7MiB bw=  0.00 settle=   0s med=  0.0290s  14.50ns/out valid=True
  n=   100000 R=  3MiB full WB_local     inv8 eff=  16MiB occ=   0MiB bw= 24.27 settle=  25s med=  0.2330s 116.50ns/out valid=True
  n=   100000 R=  3MiB full FB256_match  inv8 eff=  16MiB occ=   7MiB bw= 15.38 settle=  60s med=  0.0330s  16.50ns/out valid=True
  n=   100000 R=  3MiB full WB_sat       inv8 eff=  16MiB occ=   0MiB bw= 24.25 settle=  25s med=  0.2320s 116.00ns/out valid=True
  n=   100000 R=  3MiB full FB0_sat      inv8 eff=  16MiB occ=   0MiB bw= 24.17 settle=  25s med=  0.2340s 117.00ns/out valid=True
  n=   100000 R=  3MiB full FB256_sat    inv8 eff=  16MiB occ=   5MiB bw= 16.98 settle=  60s med=  0.0750s  37.50ns/out valid=True
  n=   100000 R=  3MiB full FB0_match    inv8 eff=  16MiB occ=   2MiB bw= 12.74 settle=  25s med=  0.0470s  23.50ns/out valid=True
  n=   100000 R=  3MiB full WB_fbmatch   inv8 eff=  16MiB occ=   2MiB bw= 12.78 settle=  25s med=  0.0420s  21.00ns/out valid=True
  n=   100000 R=  3MiB full NTA_sat      inv8 eff=  16MiB occ=   2MiB bw= 24.55 settle=  25s med=  0.1480s  74.00ns/out valid=True
  n=   100000 R=  3MiB full FB256_sat    inv9 eff=  16MiB occ=   5MiB bw= 16.97 settle=  60s med=  0.0740s  37.00ns/out valid=True
  n=   100000 R=  3MiB full FB0_sat      inv9 eff=  16MiB occ=   0MiB bw= 24.21 settle=  25s med=  0.2330s 116.50ns/out valid=True
  n=   100000 R=  3MiB full FB256_match  inv9 eff=  16MiB occ=   7MiB bw= 15.43 settle=  55s med=  0.0340s  17.00ns/out valid=True
  n=   100000 R=  3MiB full NTA_sat      inv9 eff=  16MiB occ=   2MiB bw= 24.50 settle=  25s med=  0.1510s  75.50ns/out valid=True
  n=   100000 R=  3MiB full WB_local     inv9 eff=  16MiB occ=   0MiB bw= 24.26 settle=  25s med=  0.2330s 116.50ns/out valid=True
  n=   100000 R=  3MiB full FB0_match    inv9 eff=  16MiB occ=   2MiB bw= 12.78 settle=  25s med=  0.0420s  21.00ns/out valid=True
  n=   100000 R=  3MiB full WB_sat       inv9 eff=  16MiB occ=   0MiB bw= 24.21 settle=  25s med=  0.2340s 117.00ns/out valid=True
  n=   100000 R=  3MiB full quiescent    inv9 eff=  16MiB occ=   8MiB bw=  0.00 settle=   0s med=  0.0290s  14.50ns/out valid=True
  n=   100000 R=  3MiB full WB_fbmatch   inv9 eff=  16MiB occ=   2MiB bw= 12.73 settle=  25s med=  0.0430s  21.50ns/out valid=True
[hostguard] lock released
