mos181: victim cpu40 L3 domain 0, 320 MiB / 20 ways = 16 MiB/way; full=fffff min=1; mode=ntaintel chain=8 builds=[2000000] probe=4000000 (scan 30 MiB = 10% of LLC)
[hostguard] mos181 reserved by duckdb_join_ntaintel (pid 1783886)
  n=  2000000 R= 76MiB full NTA_lo       inv0 eff= 320MiB occ=  94MiB bw= 10.76 settle=  25s med=  0.6190s  19.34ns/out valid=True
  n=  2000000 R= 76MiB full NTA_sat      inv0 eff= 320MiB occ= 127MiB bw= 17.86 settle=  25s med=  0.6360s  19.88ns/out valid=True
  n=  2000000 R= 76MiB full WB_match_hi  inv0 eff= 320MiB occ=  94MiB bw= 17.00 settle=  25s med=  0.6580s  20.56ns/out valid=True
  n=  2000000 R= 76MiB full WB_match_lo  inv0 eff= 320MiB occ=  60MiB bw= 11.21 settle=  25s med=  0.6800s  21.25ns/out valid=True
  n=  2000000 R= 76MiB full quiescent    inv0 eff= 320MiB occ= 130MiB bw=  0.00 settle=   0s med=  0.6050s  18.91ns/out valid=True
  n=  2000000 R= 76MiB full WB_match_lo  inv1 eff= 320MiB occ=  60MiB bw= 11.19 settle=  25s med=  0.6760s  21.13ns/out valid=True
  n=  2000000 R= 76MiB full quiescent    inv1 eff= 320MiB occ= 144MiB bw=  0.00 settle=   0s med=  0.6070s  18.97ns/out valid=True
  n=  2000000 R= 76MiB full WB_match_hi  inv1 eff= 320MiB occ=  64MiB bw= 18.63 settle=  25s med=  0.6760s  21.13ns/out valid=True
  n=  2000000 R= 76MiB full NTA_sat      inv1 eff= 320MiB occ= 127MiB bw= 17.93 settle=  25s med=  0.6370s  19.91ns/out valid=True
  n=  2000000 R= 76MiB full NTA_lo       inv1 eff= 320MiB occ=  94MiB bw= 10.76 settle=  25s med=  0.6210s  19.41ns/out valid=True
  n=  2000000 R= 76MiB full quiescent    inv2 eff= 320MiB occ= 140MiB bw=  0.00 settle=   0s med=  0.6080s  19.00ns/out valid=True
  n=  2000000 R= 76MiB full WB_match_hi  inv2 eff= 320MiB occ=  64MiB bw= 18.73 settle=  25s med=  0.6790s  21.22ns/out valid=True
  n=  2000000 R= 76MiB full NTA_lo       inv2 eff= 320MiB occ=  97MiB bw= 10.77 settle=  25s med=  0.6170s  19.28ns/out valid=True
  n=  2000000 R= 76MiB full WB_match_lo  inv2 eff= 320MiB occ=  63MiB bw= 11.66 settle=  25s med=  0.6800s  21.25ns/out valid=True
  n=  2000000 R= 76MiB full NTA_sat      inv2 eff= 320MiB occ= 124MiB bw= 17.85 settle=  25s med=  0.6360s  19.88ns/out valid=True
  n=  2000000 R= 76MiB full WB_match_lo  inv3 eff= 320MiB occ=  72MiB bw= 10.44 settle=  25s med=  0.6760s  21.13ns/out valid=True
  n=  2000000 R= 76MiB full NTA_sat      inv3 eff= 320MiB occ= 130MiB bw= 17.93 settle=  25s med=  0.6360s  19.88ns/out valid=True
  n=  2000000 R= 76MiB full NTA_lo       inv3 eff= 320MiB occ=  92MiB bw= 10.77 settle=  25s med=  0.6130s  19.16ns/out valid=True
  n=  2000000 R= 76MiB full quiescent    inv3 eff= 320MiB occ= 141MiB bw=  0.00 settle=   0s med=  0.6050s  18.91ns/out valid=True
  n=  2000000 R= 76MiB full WB_match_hi  inv3 eff= 320MiB occ=  67MiB bw= 18.82 settle=  25s med=  0.6830s  21.34ns/out valid=True
  n=  2000000 R= 76MiB full NTA_lo       inv4 eff= 320MiB occ=  90MiB bw= 10.77 settle=  25s med=  0.6140s  19.19ns/out valid=True
  n=  2000000 R= 76MiB full NTA_sat      inv4 eff= 320MiB occ= 125MiB bw= 17.86 settle=  25s med=  0.6380s  19.94ns/out valid=True
  n=  2000000 R= 76MiB full WB_match_hi  inv4 eff= 320MiB occ=  90MiB bw= 17.00 settle=  25s med=  0.6510s  20.34ns/out valid=True
  n=  2000000 R= 76MiB full quiescent    inv4 eff= 320MiB occ= 133MiB bw=  0.00 settle=   0s med=  0.6050s  18.91ns/out valid=True
  n=  2000000 R= 76MiB full WB_match_lo  inv4 eff= 320MiB occ=  64MiB bw= 10.73 settle=  25s med=  0.6760s  21.13ns/out valid=True
  n=  2000000 R= 76MiB full NTA_sat      inv5 eff= 320MiB occ= 134MiB bw= 17.93 settle=  25s med=  0.6360s  19.88ns/out valid=True
  n=  2000000 R= 76MiB full quiescent    inv5 eff= 320MiB occ= 135MiB bw=  0.00 settle=   0s med=  0.6060s  18.94ns/out valid=True
  n=  2000000 R= 76MiB full WB_match_lo  inv5 eff= 320MiB occ=  66MiB bw= 10.41 settle=  25s med=  0.6740s  21.06ns/out valid=True
  n=  2000000 R= 76MiB full WB_match_hi  inv5 eff= 320MiB occ=  61MiB bw= 18.98 settle=  25s med=  0.6760s  21.13ns/out valid=True
  n=  2000000 R= 76MiB full NTA_lo       inv5 eff= 320MiB occ=  93MiB bw= 10.77 settle=  25s med=  0.6170s  19.28ns/out valid=True
  n=  2000000 R= 76MiB full WB_match_hi  inv6 eff= 320MiB occ=  67MiB bw= 18.95 settle=  25s med=  0.6790s  21.22ns/out valid=True
  n=  2000000 R= 76MiB full NTA_lo       inv6 eff= 320MiB occ=  93MiB bw= 10.78 settle=  25s med=  0.6190s  19.34ns/out valid=True
  n=  2000000 R= 76MiB full NTA_sat      inv6 eff= 320MiB occ= 125MiB bw= 17.77 settle=  25s med=  0.6300s  19.69ns/out valid=True
  n=  2000000 R= 76MiB full quiescent    inv6 eff= 320MiB occ= 139MiB bw=  0.00 settle=   0s med=  0.6060s  18.94ns/out valid=True
  n=  2000000 R= 76MiB full WB_match_lo  inv6 eff= 320MiB occ=  65MiB bw= 10.69 settle=  25s med=  0.6760s  21.13ns/out valid=True
  n=  2000000 R= 76MiB full WB_match_lo  inv7 eff= 320MiB occ=  65MiB bw= 11.87 settle=  25s med=  0.6810s  21.28ns/out valid=True
  n=  2000000 R= 76MiB full WB_match_hi  inv7 eff= 320MiB occ=  66MiB bw= 19.01 settle=  25s med=  0.6810s  21.28ns/out valid=True
  n=  2000000 R= 76MiB full NTA_lo       inv7 eff= 320MiB occ=  98MiB bw= 10.78 settle=  25s med=  0.6200s  19.38ns/out valid=True
  n=  2000000 R= 76MiB full NTA_sat      inv7 eff= 320MiB occ= 138MiB bw= 17.84 settle=  25s med=  0.6350s  19.84ns/out valid=True
  n=  2000000 R= 76MiB full quiescent    inv7 eff= 320MiB occ= 132MiB bw=  0.00 settle=   0s med=  0.6050s  18.91ns/out valid=True
  n=  2000000 R= 76MiB full WB_match_hi  inv8 eff= 320MiB occ=  88MiB bw= 16.86 settle=  25s med=  0.6540s  20.44ns/out valid=True
  n=  2000000 R= 76MiB full NTA_sat      inv8 eff= 320MiB occ= 127MiB bw= 17.75 settle=  25s med=  0.6380s  19.94ns/out valid=True
  n=  2000000 R= 76MiB full WB_match_lo  inv8 eff= 320MiB occ=  68MiB bw= 10.36 settle=  25s med=  0.6710s  20.97ns/out valid=True
  n=  2000000 R= 76MiB full NTA_lo       inv8 eff= 320MiB occ=  93MiB bw= 10.78 settle=  25s med=  0.6150s  19.22ns/out valid=True
  n=  2000000 R= 76MiB full quiescent    inv8 eff= 320MiB occ= 134MiB bw=  0.00 settle=   0s med=  0.6060s  18.94ns/out valid=True
  n=  2000000 R= 76MiB full WB_match_hi  inv9 eff= 320MiB occ=  64MiB bw= 18.71 settle=  25s med=  0.6760s  21.13ns/out valid=True
  n=  2000000 R= 76MiB full NTA_lo       inv9 eff= 320MiB occ=  95MiB bw= 10.78 settle=  25s med=  0.6150s  19.22ns/out valid=True
  n=  2000000 R= 76MiB full WB_match_lo  inv9 eff= 320MiB occ=  64MiB bw= 11.85 settle=  25s med=  0.6810s  21.28ns/out valid=True
  n=  2000000 R= 76MiB full quiescent    inv9 eff= 320MiB occ= 130MiB bw=  0.00 settle=   0s med=  0.6060s  18.94ns/out valid=True
  n=  2000000 R= 76MiB full NTA_sat      inv9 eff= 320MiB occ= 126MiB bw= 17.69 settle=  25s med=  0.6270s  19.59ns/out valid=True
[hostguard] lock released
