warn: The se.py script is deprecated. It will be removed in future releases of  gem5.
warn: Base 10 memory/cache size 1kB will be cast to base 2 size 1KiB.
warn: Base 10 memory/cache size 1kB will be cast to base 2 size 1KiB.
warn: Base 10 memory/cache size 1kB will be cast to base 2 size 1KiB.
warn: Base 10 memory/cache size 1kB will be cast to base 2 size 1KiB.
warn: Base 10 memory/cache size 1kB will be cast to base 2 size 1KiB.
warn: Base 10 memory/cache size 1kB will be cast to base 2 size 1KiB.
warn: Base 10 memory/cache size 1kB will be cast to base 2 size 1KiB.
Global frequency set at 1000000000000 ticks per second
warn: No dot file generated. Please install pydot to generate the dot file and pdf.
src/base/statistics.hh:279: warn: One of the stats is a legacy stat. Legacy stat is a stat that does not belong to any statistics::Group. Legacy stat is deprecated.
src/base/stats/storage.hh:278: warn: Bucket size (4) does not divide range [1:32] into equal-sized buckets. Rounding up.
src/base/stats/storage.hh:278: warn: Bucket size (4) does not divide range [1:8] into equal-sized buckets. Rounding up.
src/base/statistics.hh:279: warn: One of the stats is a legacy stat. Legacy stat is a stat that does not belong to any statistics::Group. Legacy stat is deprecated.
src/base/stats/storage.hh:278: warn: Bucket size (4) does not divide range [1:32] into equal-sized buckets. Rounding up.
src/base/stats/storage.hh:278: warn: Bucket size (4) does not divide range [1:8] into equal-sized buckets. Rounding up.
system.remote_gdb: Listening for connections on port 7001
gem5 Simulator System.  https://www.gem5.org
gem5 is copyrighted software; use the --copyright option for details.

gem5 version 25.1.0.1
gem5 compiled Aug  9 2026 07:55:19
gem5 started Aug 10 2026 16:52:00
gem5 executing on mos181, pid 613498
command line: /home/domin/DutyFree-Gem5/build_Intel_8592/gem5.opt --outdir=/home/domin/DutyFree/results/gem5/hash_join_fused_null/stats/t1_q /home/domin/DutyFree/gem5/configs/deprecated/example/se.py --cmd=/home/domin/DutyFree/benchmarks/e2e/hash_join/build/cxl_join_bench.gem5 '--options=--mode probe-workload --policy wb --fact-bytes 16m --fact-node 1 --hot-node 0 --hot-bytes 2778726 --threads 1 --cpu-list 0 --warmups 1 --reps 3 ' --ruby --topology=Pt2Pt --chi-config=/home/domin/DutyFree/gem5/configs/ruby/CHI_config_8592.py --num-l3caches=1 --num-dirs=1 --cpu-type=O3CPU --num-cpus=2 --cpu-clock=1.9GHz --l1d_size=48KiB --l1d_assoc=12 --l1i_size=32KiB --l1i_assoc=8 --l2_size=256KiB --l2_assoc=8 --l3_size=5MiB --l3_assoc=20 --mem-type=SimpleMemory --mem-size=256GiB --cxl-mem-size=128GiB --dram-latency=98ns --cxl-latency=203ns

**** REAL SIMULATION ****
src/mem/ruby/system/Sequencer.cc:707: warn: Replacement policy updates recently became the responsibility of SLICC state machines. Make sure to setMRU() near callbacks in .sm files!
src/sim/syscall_emul.cc:86: warn: ignoring syscall set_robust_list(...)
src/sim/syscall_emul.cc:86: warn: ignoring syscall rseq(...)
src/sim/mem_state.cc:443: info: Increasing stack size by one page.
src/sim/syscall_emul.cc:86: warn: ignoring syscall mprotect(...)
