warn: The se.py script is deprecated. It will be removed in future releases of  gem5.
warn: Base 10 memory/cache size 1kB will be cast to base 2 size 1KiB.
warn: Base 10 memory/cache size 1kB will be cast to base 2 size 1KiB.
warn: Base 10 memory/cache size 1kB will be cast to base 2 size 1KiB.
warn: Base 10 memory/cache size 1kB will be cast to base 2 size 1KiB.
Global frequency set at 1000000000000 ticks per second
warn: rounding error > tolerance
    1.818989 rounded to 2
warn: rounding error > tolerance
    1.818989 rounded to 2
warn: rounding error > tolerance
    1.818989 rounded to 2
warn: rounding error > tolerance
    1.818989 rounded to 2
warn: No dot file generated. Please install pydot to generate the dot file and pdf.
warn: rounding error > tolerance
    1.818989 rounded to 2
warn: rounding error > tolerance
    1.818989 rounded to 2
src/base/statistics.hh:279: warn: One of the stats is a legacy stat. Legacy stat is a stat that does not belong to any statistics::Group. Legacy stat is deprecated.
src/base/stats/storage.hh:278: warn: Bucket size (4) does not divide range [1:32] into equal-sized buckets. Rounding up.
src/base/stats/storage.hh:278: warn: Bucket size (4) does not divide range [1:8] into equal-sized buckets. Rounding up.
src/base/statistics.hh:279: warn: One of the stats is a legacy stat. Legacy stat is a stat that does not belong to any statistics::Group. Legacy stat is deprecated.
src/base/remote_gdb.cc:418: warn: Sockets disabled, not accepting gdb connections
gem5 Simulator System.  https://www.gem5.org
gem5 is copyrighted software; use the --copyright option for details.

gem5 version 25.1.0.1
gem5 compiled Sep  4 2026 12:47:48
gem5 started Sep  4 2026 21:00:27
gem5 executing on mos181, pid 1408244
command line: /home/domin/DutyFree/gem5/build_Intel_8592/gem5.opt --outdir=/home/domin/DutyFree/logs/se_chi_h1bw_sc/h1bw_sc_wb_1c_l3x1_m48_r48_20260904 /home/domin/DutyFree/gem5/configs/deprecated/example/se.py --cmd=/home/domin/DutyFree/benchmarks/e2e/hash_join/build/cxl_join_bench.gem5wbrk '--options=--mode stream-smoke --policy wb --fact-bytes 16m --fact-node 1 --hot-node 0 --threads 1 --cpu-list 0 --warmups 2 --reps 8 --window-brackets' --ruby --topology=Pt2Pt --chi-config=/home/domin/DutyFree/gem5/configs/ruby/CHI_config_8592.py --num-l3caches=1 --num-dirs=1 --cpu-type=O3CPU --num-cpus=1 --cpu-clock=1.9GHz --l1d_size=48KiB --l1d_assoc=12 --l1i_size=32KiB --l1i_assoc=8 --l2_size=2MiB --l2_assoc=16 --l3_size=5MiB --l3_assoc=20 --mem-type=SimpleMemory --mem-size=256GiB --cxl-mem-size=128GiB --dram-latency=98ns --cxl-latency=203ns

info: Standard input is not a terminal, disabling listeners.
**** REAL SIMULATION ****
src/mem/ruby/system/Sequencer.cc:707: warn: Replacement policy updates recently became the responsibility of SLICC state machines. Make sure to setMRU() near callbacks in .sm files!
src/sim/syscall_emul.cc:86: warn: ignoring syscall set_robust_list(...)
src/sim/syscall_emul.cc:86: warn: ignoring syscall rseq(...)
src/sim/mem_state.cc:443: info: Increasing stack size by one page.
src/sim/syscall_emul.cc:86: warn: ignoring syscall mprotect(...)
BIND_POOL fact addr=0x7ffff6fff000 bytes=16777216 node=1 pool=1
AGGBW_WINDOW_OPEN cpu=0 reps=8
AGGBW_WINDOW_CLOSE cpu=0 seconds=0.032743884
{"mode":"stream-smoke","probe_batch":0,"policy":"wb","declare":"m5op","fact_bytes":16777216,"hot_bytes":1048576,"flush_distance":0,"huge2m":false,"line_stride":false,"fact_node":1,"hot_node":0,"threads":1,"reps":8,"warmups":2,"iterations":4194304,"pf_distance":0,"stream_count":4,"seed":13835551735702238294,"hit_rate":0.5,"fact_base":"0x7ffff6fff000","fact_end":"0x7ffff7fff000","thread_mapping":[{"thread":0,"cpu":0}],"placement":"gem5 SE no NUMA placement check","declare_seconds":1.222e-06,"window_brackets":true,"anon_huge_kb":0,"kernel_page_kb":0,"mmu_page_kb":0,"timed_minor_faults":0,"timed_major_faults":0,"samples":[4.10553715,4.09704827,4.09629302,4.10028748,4.09979251,4.09846949,4.09934072,4.09538209],"median":4.09890511,"cov":0.0007694911,"seconds":0.032743884,"bandwidth_gbps":4.09901672,"checksum":0,"status":"ok"}
Exiting @ tick 199607586178 because exiting with last active thread context
