c[?7l[2J[0mSeaBIOS (version 1.17.0-debian-1.17.0-1ubuntu1)
Booting from ROM..c[?7l[2J[    0.000000] Linux version 6.8.0 (domin@mos181) (gcc (Ubuntu 15.2.0-16ubuntu1) 15.2.0, GNU ld (GNU Binutils for Ubuntu) 2.46) #2 SMP PREEMPT_DYNAMIC Fri Sep  4 04:31:10 KST 2026
[    0.000000] Command line: console=ttyS0 rdinit=/init kunit.enable=1 transparent_hugepage=always default_hugepagesz=2M hugepagesz=1G hugepages=4 panic=1
[    0.000000] x86/split lock detection: #DB: warning on user-space bus_locks
[    0.000000] BIOS-provided physical RAM map:
[    0.000000] BIOS-e820: [mem 0x0000000000000000-0x000000000009fbff] usable
[    0.000000] BIOS-e820: [mem 0x000000000009fc00-0x000000000009ffff] reserved
[    0.000000] BIOS-e820: [mem 0x00000000000f0000-0x00000000000fffff] reserved
[    0.000000] BIOS-e820: [mem 0x0000000000100000-0x00000000bffdffff] usable
[    0.000000] BIOS-e820: [mem 0x00000000bffe0000-0x00000000bfffffff] reserved
[    0.000000] BIOS-e820: [mem 0x00000000feffc000-0x00000000feffffff] reserved
[    0.000000] BIOS-e820: [mem 0x00000000fffc0000-0x00000000ffffffff] reserved
[    0.000000] BIOS-e820: [mem 0x0000000100000000-0x000000023fffffff] usable
[    0.000000] NX (Execute Disable) protection: active
[    0.000000] APIC: Static calls initialized
[    0.000000] SMBIOS 2.8 present.
[    0.000000] DMI: QEMU Ubuntu 26.04 PC (i440FX + PIIX, 1996), BIOS 1.17.0-debian-1.17.0-1ubuntu1 04/01/2014
[    0.000000] Hypervisor detected: KVM
[    0.000000] kvm-clock: Using msrs 4b564d01 and 4b564d00
[    0.000000] kvm-clock: using sched offset of 256187348 cycles
[    0.000002] clocksource: kvm-clock: mask: 0xffffffffffffffff max_cycles: 0x1cd42e4dffb, max_idle_ns: 881590591483 ns
[    0.000005] tsc: Detected 1900.000 MHz processor
[    0.000350] last_pfn = 0x240000 max_arch_pfn = 0x10000000000
[    0.000408] MTRR map: 4 entries (3 fixed + 1 variable; max 19), built from 8 variable MTRRs
[    0.000412] x86/PAT: Configuration [0-7]: WB  WC  UC- UC  WB  WP  ST  WT  
[    0.000484] last_pfn = 0xbffe0 max_arch_pfn = 0x10000000000
[    0.005054] found SMP MP-table at [mem 0x000f5460-0x000f546f]
[    0.005063] Using GB pages for direct mapping
[    0.005515] RAMDISK: [mem 0xbfce9000-0xbffdffff]
[    0.005523] ACPI: Early table checksum verification disabled
[    0.005525] ACPI: RSDP 0x00000000000F5260 000014 (v00 BOCHS )
[    0.005533] ACPI: RSDT 0x00000000BFFE241D 000034 (v01 BOCHS  BXPC     00000001 BXPC 00000001)
[    0.005540] ACPI: FACP 0x00000000BFFE22B9 000074 (v01 BOCHS  BXPC     00000001 BXPC 00000001)
[    0.005545] ACPI: DSDT 0x00000000BFFE0040 002279 (v01 BOCHS  BXPC     00000001 BXPC 00000001)
[    0.005554] ACPI: FACS 0x00000000BFFE0000 000040
[    0.005556] ACPI: APIC 0x00000000BFFE232D 000090 (v03 BOCHS  BXPC     00000001 BXPC 00000001)
[    0.005559] ACPI: HPET 0x00000000BFFE23BD 000038 (v01 BOCHS  BXPC     00000001 BXPC 00000001)
[    0.005562] ACPI: WAET 0x00000000BFFE23F5 000028 (v01 BOCHS  BXPC     00000001 BXPC 00000001)
[    0.005564] ACPI: Reserving FACP table memory at [mem 0xbffe22b9-0xbffe232c]
[    0.005566] ACPI: Reserving DSDT table memory at [mem 0xbffe0040-0xbffe22b8]
[    0.005567] ACPI: Reserving FACS table memory at [mem 0xbffe0000-0xbffe003f]
[    0.005568] ACPI: Reserving APIC table memory at [mem 0xbffe232d-0xbffe23bc]
[    0.005569] ACPI: Reserving HPET table memory at [mem 0xbffe23bd-0xbffe23f4]
[    0.005570] ACPI: Reserving WAET table memory at [mem 0xbffe23f5-0xbffe241c]
[    0.005942] No NUMA configuration found
[    0.005943] Faking a node at [mem 0x0000000000000000-0x000000023fffffff]
[    0.005946] NODE_DATA(0) allocated [mem 0x23fffa000-0x23fffdfff]
[    0.006014] Zone ranges:
[    0.006014]   DMA      [mem 0x0000000000001000-0x0000000000ffffff]
[    0.006016]   DMA32    [mem 0x0000000001000000-0x00000000ffffffff]
[    0.006018]   Normal   [mem 0x0000000100000000-0x000000023fffffff]
[    0.006020] Movable zone start for each node
[    0.006021] Early memory node ranges
[    0.006021]   node   0: [mem 0x0000000000001000-0x000000000009efff]
[    0.006023]   node   0: [mem 0x0000000000100000-0x00000000bffdffff]
[    0.006024]   node   0: [mem 0x0000000100000000-0x000000023fffffff]
[    0.006026] Initmem setup node 0 [mem 0x0000000000001000-0x000000023fffffff]
[    0.006278] On node 0, zone DMA: 1 pages in unavailable ranges
[    0.006312] On node 0, zone DMA: 97 pages in unavailable ranges
[    0.031571] On node 0, zone Normal: 32 pages in unavailable ranges
[    0.032018] ACPI: PM-Timer IO Port: 0x608
[    0.032024] ACPI: LAPIC_NMI (acpi_id[0xff] dfl dfl lint[0x1])
[    0.032077] IOAPIC[0]: apic_id 0, version 17, address 0xfec00000, GSI 0-23
[    0.032080] ACPI: INT_SRC_OVR (bus 0 bus_irq 0 global_irq 2 dfl dfl)
[    0.032082] ACPI: INT_SRC_OVR (bus 0 bus_irq 5 global_irq 5 high level)
[    0.032083] ACPI: INT_SRC_OVR (bus 0 bus_irq 9 global_irq 9 high level)
[    0.032084] ACPI: INT_SRC_OVR (bus 0 bus_irq 10 global_irq 10 high level)
[    0.032085] ACPI: INT_SRC_OVR (bus 0 bus_irq 11 global_irq 11 high level)
[    0.032089] ACPI: Using ACPI (MADT) for SMP configuration information
[    0.032090] ACPI: HPET id: 0x8086a201 base: 0xfed00000
[    0.032093] TSC deadline timer available
[    0.032093] smpboot: Allowing 4 CPUs, 0 hotplug CPUs
[    0.032108] kvm-guest: APIC: eoi() replaced with kvm_guest_apic_eoi_write()
[    0.032123] kvm-guest: KVM setup pv remote TLB flush
[    0.032129] kvm-guest: setup PV sched yield
[    0.032136] PM: hibernation: Registered nosave memory: [mem 0x00000000-0x00000fff]
[    0.032137] PM: hibernation: Registered nosave memory: [mem 0x0009f000-0x0009ffff]
[    0.032139] PM: hibernation: Registered nosave memory: [mem 0x000a0000-0x000effff]
[    0.032139] PM: hibernation: Registered nosave memory: [mem 0x000f0000-0x000fffff]
[    0.032141] PM: hibernation: Registered nosave memory: [mem 0xbffe0000-0xbfffffff]
[    0.032141] PM: hibernation: Registered nosave memory: [mem 0xc0000000-0xfeffbfff]
[    0.032142] PM: hibernation: Registered nosave memory: [mem 0xfeffc000-0xfeffffff]
[    0.032143] PM: hibernation: Registered nosave memory: [mem 0xff000000-0xfffbffff]
[    0.032144] PM: hibernation: Registered nosave memory: [mem 0xfffc0000-0xffffffff]
[    0.032145] [mem 0xc0000000-0xfeffbfff] available for PCI devices
[    0.032147] Booting paravirtualized kernel on KVM
[    0.032148] clocksource: refined-jiffies: mask: 0xffffffff max_cycles: 0xffffffff, max_idle_ns: 1910969940391419 ns
[    0.040534] setup_percpu: NR_CPUS:64 nr_cpumask_bits:4 nr_cpu_ids:4 nr_node_ids:1
[    0.040974] percpu: Embedded 52 pages/cpu s183784 r0 d29208 u524288
[    0.041013] Kernel command line: console=ttyS0 rdinit=/init kunit.enable=1 transparent_hugepage=always default_hugepagesz=2M hugepagesz=1G hugepages=4 panic=1
[    0.042105] random: crng init done
[    0.043638] Dentry cache hash table entries: 1048576 (order: 11, 8388608 bytes, linear)
[    0.044403] Inode-cache hash table entries: 524288 (order: 10, 4194304 bytes, linear)
[    0.044482] Fallback order for Node 0: 0 
[    0.044485] Built 1 zonelists, mobility grouping on.  Total pages: 2064096
[    0.044487] Policy zone: Normal
[    0.044488] mem auto-init: stack:all(zero), heap alloc:off, heap free:off
[    0.044491] software IO TLB: area num 4.
[    0.071607] Memory: 3943480K/8388088K available (16384K kernel code, 2729K rwdata, 5000K rodata, 2504K init, 2512K bss, 4444408K reserved, 0K cma-reserved)
[    0.071640] SLUB: HWalign=64, Order=0-3, MinObjects=0, CPUs=4, Nodes=1
[    0.072351] Dynamic Preempt: voluntary
[    0.072642] rcu: Preemptible hierarchical RCU implementation.
[    0.072643] rcu: 	RCU event tracing is enabled.
[    0.072643] rcu: 	RCU restricting CPUs from NR_CPUS=64 to nr_cpu_ids=4.
[    0.072645] 	Trampoline variant of Tasks RCU enabled.
[    0.072645] rcu: RCU calculated value of scheduler-enlistment delay is 100 jiffies.
[    0.072646] rcu: Adjusting geometry for rcu_fanout_leaf=16, nr_cpu_ids=4
[    0.074401] NR_IRQS: 4352, nr_irqs: 456, preallocated irqs: 16
[    0.074596] rcu: srcu_init: Setting srcu_struct sizes based on contention.
[    0.074734] Console: colour *CGA 80x25
[    0.074781] printk: legacy console [ttyS0] enabled
[    0.200604] ACPI: Core revision 20230628
[    0.201467] clocksource: hpet: mask: 0xffffffff max_cycles: 0xffffffff, max_idle_ns: 19112604467 ns
[    0.203263] APIC: Switch to symmetric I/O mode setup
[    0.204169] kvm-guest: APIC: send_IPI_mask() replaced with kvm_send_ipi_mask()
[    0.205480] kvm-guest: APIC: send_IPI_mask_allbutself() replaced with kvm_send_ipi_mask_allbutself()
[    0.207103] kvm-guest: setup PV IPIs
[    0.209279] ..TIMER: vector=0x30 apic1=0 pin1=2 apic2=-1 pin2=-1
[    0.210389] clocksource: tsc-early: mask: 0xffffffffffffffff max_cycles: 0x36c657b5833, max_idle_ns: 881590513399 ns
[    0.212254] Calibrating delay loop (skipped) preset value.. 3800.00 BogoMIPS (lpj=1900000)
[    0.213470] x86/cpu: User Mode Instruction Prevention (UMIP) activated
[    0.215252] Last level iTLB entries: 4KB 0, 2MB 0, 4MB 0
[    0.216188] Last level dTLB entries: 4KB 0, 2MB 0, 4MB 0, 1GB 0
[    0.217264] Spectre V1 : Mitigation: usercopy/swapgs barriers and __user pointer sanitization
[    0.218256] Spectre V2 : Mitigation: Enhanced / Automatic IBRS
[    0.219252] Spectre V2 : Spectre v2 / SpectreRSB mitigation: Filling RSB on context switch
[    0.220252] Spectre V2 : Spectre v2 / PBRSB-eIBRS: Retire a single CALL on VMEXIT
[    0.221253] Spectre V2 : mitigation: Enabling conditional Indirect Branch Prediction Barrier
[    0.222253] Speculative Store Bypass: Mitigation: Speculative Store Bypass disabled via prctl
[    0.223252] TAA: Mitigation: TSX disabled
[    0.224310] x86/fpu: Supporting XSAVE feature 0x001: 'x87 floating point registers'
[    0.225252] x86/fpu: Supporting XSAVE feature 0x002: 'SSE registers'
[    0.226252] x86/fpu: Supporting XSAVE feature 0x004: 'AVX registers'
[    0.227252] x86/fpu: Supporting XSAVE feature 0x020: 'AVX-512 opmask'
[    0.228252] x86/fpu: Supporting XSAVE feature 0x040: 'AVX-512 Hi256'
[    0.229252] x86/fpu: Supporting XSAVE feature 0x080: 'AVX-512 ZMM_Hi256'
[    0.230252] x86/fpu: Supporting XSAVE feature 0x200: 'Protection Keys User registers'
[    0.231252] x86/fpu: Supporting XSAVE feature 0x20000: 'AMX Tile config'
[    0.232252] x86/fpu: Supporting XSAVE feature 0x40000: 'AMX Tile data'
[    0.233252] x86/fpu: xstate_offset[2]:  576, xstate_sizes[2]:  256
[    0.234252] x86/fpu: xstate_offset[5]:  832, xstate_sizes[5]:   64
[    0.235252] x86/fpu: xstate_offset[6]:  896, xstate_sizes[6]:  512
[    0.236252] x86/fpu: xstate_offset[7]: 1408, xstate_sizes[7]: 1024
[    0.237252] x86/fpu: xstate_offset[9]: 2432, xstate_sizes[9]:    8
[    0.238252] x86/fpu: xstate_offset[17]: 2496, xstate_sizes[17]:   64
[    0.239252] x86/fpu: xstate_offset[18]: 2560, xstate_sizes[18]: 8192
[    0.240252] x86/fpu: Enabled xstate features 0x602e7, context size is 10752 bytes, using 'compacted' format.
[    0.261796] Freeing SMP alternatives memory: 44K
[    0.262252] pid_max: default: 32768 minimum: 301
[    0.263274] LSM: initializing lsm=capability,selinux,integrity
[    0.264253] SELinux:  Initializing.
[    0.265294] Mount-cache hash table entries: 16384 (order: 5, 131072 bytes, linear)
[    0.266267] Mountpoint-cache hash table entries: 16384 (order: 5, 131072 bytes, linear)
[    0.267494] smpboot: CPU0: Intel INTEL(R) XEON(R) PLATINUM 8592+ (family: 0x6, model: 0xcf, stepping: 0x2)
[    0.268651] RCU Tasks: Setting shift to 2 and lim to 1 rcu_task_cb_adjust=1.
[    0.269264] Performance Events: PEBS fmt0-, Sapphire Rapids events, full-width counters, Intel PMU driver.
[    0.270257] ... version:                2
[    0.270974] ... bit width:              48
[    0.271254] ... generic registers:      8
[    0.271973] ... value mask:             0000ffffffffffff
[    0.272254] ... max period:             00007fffffffffff
[    0.273204] ... fixed-purpose events:   3
[    0.273254] ... event mask:             00000007000000ff
[    0.274358] signal: max sigframe size: 11952
[    0.275162] rcu: Hierarchical SRCU implementation.
[    0.275254] rcu: 	Max phase no-delay instances is 400.
[    0.276245] smp: Bringing up secondary CPUs ...
[    0.276350] smpboot: x86: Booting SMP configuration:
[    0.277234] .... node  #0, CPUs:      #1 #2 #3
[    0.279307] smp: Brought up 1 node, 4 CPUs
[    0.280255] smpboot: Max logical packages: 1
[    0.281022] smpboot: Total of 4 processors activated (15200.00 BogoMIPS)
[    0.282254] devtmpfs: initialized
[    0.283078] clocksource: jiffies: mask: 0xffffffff max_cycles: 0xffffffff, max_idle_ns: 1911260446275000 ns
[    0.283256] futex hash table entries: 1024 (order: 4, 65536 bytes, linear)
[    0.284380] PM: RTC time: 19:32:42, date: 2026-09-03
[    0.285543] NET: Registered PF_NETLINK/PF_ROUTE protocol family
[    0.286326] audit: initializing netlink subsys (disabled)
[    0.287290] audit: type=2000 audit(1788463963.144:1): state=initialized audit_enabled=0 res=1
[    0.287310] thermal_sys: Registered thermal governor 'step_wise'
[    0.288254] thermal_sys: Registered thermal governor 'user_space'
[    0.289263] cpuidle: using governor menu
[    0.291275] PCI: Using configuration type 1 for base access
[    0.293257] HugeTLB: registered 2.00 MiB page size, pre-allocated 0 pages
[    0.294254] HugeTLB: 28 KiB vmemmap can be freed for a 2.00 MiB page
[    0.295254] HugeTLB: registered 1.00 GiB page size, pre-allocated 4 pages
[    0.296254] HugeTLB: 16380 KiB vmemmap can be freed for a 1.00 GiB page
[    0.297333] ACPI: Added _OSI(Module Device)
[    0.298255] ACPI: Added _OSI(Processor Device)
[    0.299051] ACPI: Added _OSI(3.0 _SCP Extensions)
[    0.299254] ACPI: Added _OSI(Processor Aggregator Device)
[    0.300788] ACPI: 1 ACPI AML tables successfully acquired and loaded
[    0.303481] ACPI: _OSC evaluation for CPUs failed, trying _PDC
[    0.304338] ACPI: Interpreter enabled
[    0.305019] ACPI: PM: (supports S0 S3 S4 S5)
[    0.305254] ACPI: Using IOAPIC for interrupt routing
[    0.306163] PCI: Using host bridge windows from ACPI; if necessary, use "pci=nocrs" and report a bug
[    0.306254] PCI: Using E820 reservations for host bridge windows
[    0.307325] ACPI: Enabled 2 GPEs in block 00 to 0F
[    0.310000] ACPI: PCI Root Bridge [PCI0] (domain 0000 [bus 00-ff])
[    0.310257] acpi PNP0A03:00: _OSC: OS supports [ASPM ClockPM Segments MSI HPX-Type3]
[    0.311255] acpi PNP0A03:00: _OSC: not requesting OS control; OS requires [ExtendedConfig ASPM ClockPM MSI]
[    0.312260] acpi PNP0A03:00: fail to add MMCONFIG information, can't access extended configuration space under this bridge
[    0.313362] PCI host bridge to bus 0000:00
[    0.314105] pci_bus 0000:00: root bus resource [io  0x0000-0x0cf7 window]
[    0.314254] pci_bus 0000:00: root bus resource [io  0x0d00-0xffff window]
[    0.315254] pci_bus 0000:00: root bus resource [mem 0x000a0000-0x000bffff window]
[    0.316254] pci_bus 0000:00: root bus resource [mem 0xc0000000-0xfebfffff window]
[    0.317254] pci_bus 0000:00: root bus resource [mem 0x240000000-0x2bfffffff window]
[    0.318254] pci_bus 0000:00: root bus resource [bus 00-ff]
[    0.319282] pci 0000:00:00.0: [8086:1237] type 00 class 0x060000 conventional PCI endpoint
[    0.320815] pci 0000:00:01.0: [8086:7000] type 00 class 0x060100 conventional PCI endpoint
[    0.322017] pci 0000:00:01.1: [8086:7010] type 00 class 0x010180 conventional PCI endpoint
[    0.324234] pci 0000:00:01.1: BAR 4 [io  0xc000-0xc00f]
[    0.325093] pci 0000:00:01.1: BAR 0 [io  0x01f0-0x01f7]: legacy IDE quirk
[    0.325254] pci 0000:00:01.1: BAR 1 [io  0x03f6]: legacy IDE quirk
[    0.326254] pci 0000:00:01.1: BAR 2 [io  0x0170-0x0177]: legacy IDE quirk
[    0.327254] pci 0000:00:01.1: BAR 3 [io  0x0376]: legacy IDE quirk
[    0.328464] pci 0000:00:01.3: [8086:7113] type 00 class 0x068000 conventional PCI endpoint
[    0.330119] pci 0000:00:01.3: quirk: [io  0x0600-0x063f] claimed by PIIX4 ACPI
[    0.330265] pci 0000:00:01.3: quirk: [io  0x0700-0x070f] claimed by PIIX4 SMB
[    0.331945] ACPI: PCI: Interrupt link LNKA configured for IRQ 10
[    0.332355] ACPI: PCI: Interrupt link LNKB configured for IRQ 10
[    0.333338] ACPI: PCI: Interrupt link LNKC configured for IRQ 11
[    0.334337] ACPI: PCI: Interrupt link LNKD configured for IRQ 11
[    0.335302] ACPI: PCI: Interrupt link LNKS configured for IRQ 9
[    0.336505] iommu: Default domain type: Translated
[    0.337254] iommu: DMA domain TLB invalidation policy: lazy mode
[    0.338304] SCSI subsystem initialized
[    0.338993] ACPI: bus type USB registered
[    0.339265] usbcore: registered new interface driver usbfs
[    0.340248] usbcore: registered new interface driver hub
[    0.341209] usbcore: registered new device driver usb
[    0.341265] pps_core: LinuxPPS API ver. 1 registered
[    0.342160] pps_core: Software ver. 5.3.6 - Copyright 2005-2007 Rodolfo Giometti <giometti@linux.it>
[    0.342256] PTP clock support registered
[    0.343278] Advanced Linux Sound Architecture Driver Initialized.
[    0.344570] NetLabel: Initializing
[    0.345184] NetLabel:  domain hash size = 128
[    0.345254] NetLabel:  protocols = UNLABELED CIPSOv4 CALIPSO
[    0.346269] NetLabel:  unlabeled traffic allowed by default
[    0.347285] PCI: Using ACPI for IRQ routing
[    0.348125] vgaarb: loaded
[    0.348288] hpet0: at MMIO 0xfed00000, IRQs 2, 8, 0
[    0.349184] hpet0: 3 comparators, 64-bit 100.000000 MHz counter
[    0.352298] clocksource: Switched to clocksource kvm-clock
[    0.353332] VFS: Disk quotas dquot_6.6.0
[    0.354057] VFS: Dquot-cache hash table entries: 512 (order 0, 4096 bytes)
[    0.355354] pnp: PnP ACPI init
[    0.356148] pnp: PnP ACPI: found 5 devices
[    0.365109] clocksource: acpi_pm: mask: 0xffffff max_cycles: 0xffffff, max_idle_ns: 2085701024 ns
[    0.366781] NET: Registered PF_INET protocol family
[    0.368128] IP idents hash table entries: 131072 (order: 8, 1048576 bytes, linear)
[    0.371219] tcp_listen_portaddr_hash hash table entries: 4096 (order: 4, 65536 bytes, linear)
[    0.372760] Table-perturb hash table entries: 65536 (order: 6, 262144 bytes, linear)
[    0.374152] TCP established hash table entries: 65536 (order: 7, 524288 bytes, linear)
[    0.375659] TCP bind hash table entries: 65536 (order: 9, 2097152 bytes, linear)
[    0.377706] TCP: Hash tables configured (established 65536 bind 65536)
[    0.378923] UDP hash table entries: 4096 (order: 5, 131072 bytes, linear)
[    0.380162] UDP-Lite hash table entries: 4096 (order: 5, 131072 bytes, linear)
[    0.381516] NET: Registered PF_UNIX/PF_LOCAL protocol family
[    0.383174] RPC: Registered named UNIX socket transport module.
[    0.384268] RPC: Registered udp transport module.
[    0.385118] RPC: Registered tcp transport module.
[    0.385981] RPC: Registered tcp-with-tls transport module.
[    0.386975] RPC: Registered tcp NFSv4.1 backchannel transport module.
[    0.388791] pci_bus 0000:00: resource 4 [io  0x0000-0x0cf7 window]
[    0.389909] pci_bus 0000:00: resource 5 [io  0x0d00-0xffff window]
[    0.391020] pci_bus 0000:00: resource 6 [mem 0x000a0000-0x000bffff window]
[    0.392262] pci_bus 0000:00: resource 7 [mem 0xc0000000-0xfebfffff window]
[    0.393485] pci_bus 0000:00: resource 8 [mem 0x240000000-0x2bfffffff window]
[    0.394786] pci 0000:00:01.0: PIIX3: Enabling Passive Release
[    0.395841] pci 0000:00:00.0: Limiting direct PCI/PCI transfers
[    0.396953] PCI: CLS 0 bytes, default 64
[    0.397686] PCI-DMA: Using software bounce buffering for IO (SWIOTLB)
[    0.397767] Unpacking initramfs...
[    0.398845] software IO TLB: mapped [mem 0x00000000bbce9000-0x00000000bfce9000] (64MB)
[    0.401740] RAPL PMU: API unit is 2^-32 Joules, 1 fixed counters, 10737418240 ms ovfl timer
[    0.403296] RAPL PMU: hw unit of domain psys 2^-0 Joules
[    0.404271] clocksource: tsc: mask: 0xffffffffffffffff max_cycles: 0x36c657b5833, max_idle_ns: 881590513399 ns
[    0.410408] Initialise system trusted keyrings
[    0.411690] workingset: timestamp_bits=56 max_order=21 bucket_order=0
[    0.413115] NFS: Registering the id_resolver key type
[    0.414048] Key type id_resolver registered
[    0.414825] Key type id_legacy registered
[    0.415872] 9p: Installing v9fs 9p2000 file system support
[    0.428234] Key type asymmetric registered
[    0.428963] Asymmetric key parser 'x509' registered
[    0.429852] Block layer SCSI generic (bsg) driver version 0.4 loaded (major 251)
[    0.431179] io scheduler mq-deadline registered
[    0.431991] io scheduler kyber registered
[    0.433287] input: Power Button as /devices/LNXSYSTM:00/LNXPWRBN:00/input/input0
[    0.434688] ACPI: button: Power Button [PWRF]
[    0.436070] Serial: 8250/16550 driver, 4 ports, IRQ sharing enabled
[    0.437371] 00:03: ttyS0 at I/O 0x3f8 (irq = 4, base_baud = 115200) is a 16550A
[    0.439376] Non-volatile memory driver v1.3
[    0.440132] Linux agpgart interface v0.103
[    0.442510] loop: module loaded
[    0.444226] scsi host0: ata_piix
[    0.445249] scsi host1: ata_piix
[    0.445866] ata1: PATA max MWDMA2 cmd 0x1f0 ctl 0x3f6 bmdma 0xc000 irq 14 lpm-pol 0
[    0.447247] ata2: PATA max MWDMA2 cmd 0x170 ctl 0x376 bmdma 0xc008 irq 15 lpm-pol 0
[    0.448796] e100: Intel(R) PRO/100 Network Driver
[    0.449793] e100: Copyright(c) 1999-2006 Intel Corporation
[    0.450801] e1000: Intel(R) PRO/1000 Network Driver
[    0.451685] e1000: Copyright (c) 1999-2006 Intel Corporation.
[    0.452724] e1000e: Intel(R) PRO/1000 Network Driver
[    0.453607] e1000e: Copyright(c) 1999 - 2015 Intel Corporation.
[    0.454676] sky2: driver version 1.30
[    0.455599] usbcore: registered new interface driver usblp
[    0.456597] usbcore: registered new interface driver usb-storage
[    0.457693] i8042: PNP: PS/2 Controller [PNP0303:KBD,PNP0f13:MOU] at 0x60,0x64 irq 1,12
[    0.459962] serio: i8042 KBD port at 0x60,0x64 irq 1
[    0.460856] serio: i8042 AUX port at 0x60,0x64 irq 12
[    0.461934] rtc_cmos 00:04: RTC can wake from S4
[    0.463388] input: AT Translated Set 2 keyboard as /devices/platform/i8042/serio0/input/input1
[    0.465308] Freeing initrd memory: 3036K
[    0.466423] rtc_cmos 00:04: registered as rtc0
[    0.467639] rtc_cmos 00:04: alarms up to one day, y3k, 242 bytes nvram, hpet irqs
[    0.469765] device-mapper: ioctl: 4.48.0-ioctl (2023-03-01) initialised: dm-devel@redhat.com
[    0.471357] intel_pstate: CPU model not supported
[    0.472231] hid: raw HID events driver (C) Jiri Kosina
[    0.473252] usbcore: registered new interface driver usbhid
[    0.474265] usbhid: USB HID core driver
[    0.476448] Initializing XFRM netlink socket
[    0.477271] NET: Registered PF_INET6 protocol family
[    0.479101] Segment Routing with IPv6
[    0.479855] In-situ OAM (IOAM) with IPv6
[    0.480606] sit: IPv6, IPv4 and MPLS over IPv4 tunneling driver
[    0.481783] NET: Registered PF_PACKET protocol family
[    0.482735] 9pnet: Installing 9P2000 support
[    0.483518] Key type dns_resolver registered
[    0.485558] IPI shorthand broadcast: enabled
[    0.487994] sched_clock: Marking stable (356004059, 131648737)->(548709068, -61056272)
[    0.490048] registered taskstats version 1
[    0.490791] Loading compiled-in X.509 certificates
[    0.493016] PM:   Magic number: 10:736:545
[    0.493791] printk: legacy console [netcon0] enabled
[    0.494704] netconsole: network logging started
[    0.495569] cfg80211: Loading compiled-in X.509 certificates for regulatory database
[    0.497248] cryptomgr_probe (67) used greatest stack depth: 15736 bytes left
[    0.497415] Loaded X.509 cert 'sforshee: 00b28ddf47aef9cea7'
[    0.499796] Loaded X.509 cert 'wens: 61c038651aabdcf94bd0ac7ff06c7248db18c600'
[    0.501099] platform regulatory.0: Direct firmware load for regulatory.db failed with error -2
[    0.502654] cfg80211: failed to load regulatory.db
[    0.502821] ALSA device list:
[    0.504094]   No soundcards found.
[    0.504725] KTAP version 1
[    0.505230] 1..1
[    0.505754]     KTAP version 1
[    0.506309]     # Subtest: pat_streaming
[    0.507023]     # module: streaming_kunit
[    0.507025]     1..10
[    0.508415] kunit_try_catch (68) used greatest stack depth: 15728 bytes left
[    0.508851]     ok 1 pat_streaming_msr_test
[    0.509688] kunit_try_catch (69) used greatest stack depth: 15456 bytes left
[    0.512801]     ok 2 cachemode_table_roundtrip_test
[    0.513446]     ok 3 pgprot_streaming_bits_test
[    0.515023]     ok 4 pgprot_streaming_idempotent_test
[    0.516214]     ok 5 large_encoding_test
[    0.517311]     ok 6 streaming_4k_encoding_at_pmd_is_uc_minus_test
[    0.518097] kunit_try_catch (80) used greatest stack depth: 14216 bytes left
[    0.518180]     ok 7 streaming_vma_allows_no_thp_order_test
[    0.520953]     ok 8 vm_streaming_bit_test
[    0.522774]     ok 9 arch_calc_streaming_bit_test
[    0.524068]     ok 10 arch_validate_prot_test
[    0.524965] # pat_streaming: pass:10 fail:0 skip:0 total:10
[    0.525775] # Totals: pass:10 fail:0 skip:0 total:10
[    0.526786] ok 1 pat_streaming
[    0.607671] Freeing unused kernel image (initmem) memory: 2504K
[    0.608411] Write protecting the kernel read-only data: 22528k
[    0.610654] Freeing unused kernel image (rodata/data gap) memory: 1144K
[    0.622300] x86/mm: Checked W+X mappings: passed, no W+X pages found.
[    0.623077] Run /init as init process
=== HOST CONFIG ===
thp_enabled: [always] madvise never
[    0.628456] cat (91) used greatest stack depth: 14080 bytes left
khugepaged: present
[    0.631481] busybox (93) used greatest stack depth: 13904 bytes left
nr_hugepages_2M: 64
nr_hugepages_1G: 4
ksm: 0
=== BEGIN streaming_basic ===
TAP version 13
1..10
ok 1 mmap RW + populate
ok 2 PROT_WRITE|PROT_STREAMING is rejected (errno=22)
ok 3 cross-VMA PROT_STREAMING is rejected (errno=22)
ok 4 one-VMA setup restored
ok 5 mprotect(PROT_READ|PROT_STREAMING)
ok 6 PTE cache bits == PAT slot 6 (raw=0x840000020b0000b5)
ok 7 PTE write bit cleared
ok 8 write to streaming [    0.642115] streaming_basic (99) used greatest stack depth: 13776 bytes left
region traps SIGSEGV
ok 9 PTE cache bits cleared (raw=0x800000020b000067)
ok 10 write succeeds after leaving streaming
# Totals: pass:10 fail:0 xfail:0 xpass:0 skip:0 error:0
=== END streaming_basic rc=0 ===
=== BEGIN streaming_reject ===
TAP version 13
1..17
ok 1 PROT_STREAMING with PROT_WRITE -> EINVAL
ok 2 bogus PROT bit 0x40 -> EINVAL
ok 3 MAP_SHARED anonymous VMA -> EINVAL
ok 4 MAP_SHARED file VMA -> EINVAL
ok 5 ordinary MAP_PRIVATE file VMA -> EINVAL
ok 6 MADV_MERGEABLE VMA -> EINVAL
ok 7 uffd-wp registered VMA -> EINVAL
ok 8 MADV_MERGEABLE during STREAMING epoch -> EINVAL
ok 9 MADV_DONTNEED during STREAMING epoch -> EINVAL
ok 10 FOLL_FORCE write during STREAMING epoch is rejected (errno=5)
ok 11 MADV_DONTFORK omits STREAMING VMA from child
ok 12 fork during STREAMING epoch -> EBUSY
ok 13 STREAMING mremap resize -> EINVAL
ok 14 STREAMING MREMAP_DONTUNMAP -> EINVAL
ok 15 same-size STREAMING mremap move preserves data and epoch
ok 16 pre-existing COW alias -> EBUSY
ok 17 unpopulated anonymous range -> EBUSY
# Totals: pass:17 fail:0 xfail:0 xpass:0 skip:0 error:0
=== END streaming_reject rc=0 ===
=== BEGIN streaming_hugetlb ===
TAP version 13
1..13
ok 1 2MB: mprotect(PROT_READ|PROT_STREAMING)
ok 2 2MB: leaf cache bits == large slot 6 (raw=0x84000002030010b5)
ok 3 2MB: write bit cleared
ok 4 2MB: level_shift == 21 (got 21)
ok 5 2MB: write to streaming region traps SIGSEGV
ok 6 2MB: cache bits cleared and write OK after leaving (raw=0x84000002030000a5)
ok 7 MAP_SHARED hugetlb -> EINVAL
ok 8 1GB: mprotect(PROT_READ|PROT_STREAMING)
ok 9 1GB: leaf cache bits == large slot 6 (raw=0x84000001000010b5)
ok 10 1GB: write bit cleared
ok 11 1GB: level_shift == 30 (got 30)
ok 12 1GB: write to streaming region traps SIGSEGV
ok 13 1GB: cache bits cleared and write OK after leaving (raw=0x84000001000000a5)
# Totals: pass:13 fail:0 xfail:0 xpass:0 skip:0 error:0
=== END streaming_hugetlb rc=0 ===
=== BEGIN streaming_memfd ===
TAP version 13
1..3
ok 1 sealed memfd, single mapper -> EINVAL
ok 2 unsealed shared memfd -> EINVAL
ok 3 sealed memfd with a second mapper -> EINVAL
# Totals: pass:3 fail:0 xfail:0 xpass:0 skip:0 error:0
=== END streaming_memfd rc=0 ===
=== BEGIN streaming_lifecycle ===
TAP version 13
1..4
ok 1 private WB object allocated
ok 2 dirty WB producer is visible to cross-CPU STREAMING reader
ok 3 eight retire/rebuild generations never expose stale data
# H2 transition 8MiB: enter_avg=90 us enter_max=168 us exit_avg=77 us
# H2 affinity: producer_cpu=0 reader_cpu=1 online_cpus=4
ok 4 transition latency reported separately
# Totals: pass:4 fail:0 xfail:0 xpass:0 skip:0 error:0
=== END streaming_lifecycle rc=0 ===
=== ALL TESTS COMPLETE ===
[    1.086882] input: ImExPS/2 Generic Explorer Mouse as /devices/platform/i8042/serio1/input/input3
[    1.090356] ACPI: PM: Preparing to enter system sleep state S5
[    1.091255] reboot: Power down
