c[?7l[2J[0mSeaBIOS (version 1.17.0-debian-1.17.0-1ubuntu1)
Booting from ROM..c[?7l[2J[    0.000000] Linux version 6.8.0-gb9f60fafda72-dirty (domin@mos181) (gcc (Ubuntu 15.2.0-16ubuntu1) 15.2.0, GNU ld (GNU Binutils for Ubuntu) 2.46) #15 SMP PREEMPT_DYNAMIC Fri Sep  4 04:44:23 KST 2026
[    0.000000] Command line: console=ttyS0 rdinit=/init kunit.enable=1 transparent_hugepage=always default_hugepagesz=2M hugepagesz=1G hugepages=4 panic=1
[    0.000000] x86/split lock detection: #DB: warning on user-space bus_locks
[    0.000000] BIOS-provided physical RAM map:
[    0.000000] BIOS-e820: [mem 0x0000000000000000-0x000000000009fbff] usable
[    0.000000] BIOS-e820: [mem 0x000000000009fc00-0x000000000009ffff] reserved
[    0.000000] BIOS-e820: [mem 0x00000000000f0000-0x00000000000fffff] reserved
[    0.000000] BIOS-e820: [mem 0x0000000000100000-0x00000000bffdffff] usable
[    0.000000] BIOS-e820: [mem 0x00000000bffe0000-0x00000000bfffffff] reserved
[    0.000000] BIOS-e820: [mem 0x00000000feffc000-0x00000000feffffff] reserved
[    0.000000] BIOS-e820: [mem 0x00000000fffc0000-0x00000000ffffffff] reserved
[    0.000000] BIOS-e820: [mem 0x0000000100000000-0x000000023fffffff] usable
[    0.000000] NX (Execute Disable) protection: active
[    0.000000] APIC: Static calls initialized
[    0.000000] SMBIOS 2.8 present.
[    0.000000] DMI: QEMU Ubuntu 26.04 PC (i440FX + PIIX, 1996), BIOS 1.17.0-debian-1.17.0-1ubuntu1 04/01/2014
[    0.000000] Hypervisor detected: KVM
[    0.000000] kvm-clock: Using msrs 4b564d01 and 4b564d00
[    0.000000] kvm-clock: using sched offset of 254164256 cycles
[    0.000002] clocksource: kvm-clock: mask: 0xffffffffffffffff max_cycles: 0x1cd42e4dffb, max_idle_ns: 881590591483 ns
[    0.000005] tsc: Detected 1900.000 MHz processor
[    0.000356] last_pfn = 0x240000 max_arch_pfn = 0x10000000000
[    0.000415] MTRR map: 4 entries (3 fixed + 1 variable; max 19), built from 8 variable MTRRs
[    0.000419] x86/PAT: Configuration [0-7]: WB  WC  UC- UC  WB  WP  ST  WT  
[    0.000490] last_pfn = 0xbffe0 max_arch_pfn = 0x10000000000
[    0.005046] found SMP MP-table at [mem 0x000f5460-0x000f546f]
[    0.005055] Using GB pages for direct mapping
[    0.005495] RAMDISK: [mem 0xbfce9000-0xbffdffff]
[    0.005503] ACPI: Early table checksum verification disabled
[    0.005505] ACPI: RSDP 0x00000000000F5260 000014 (v00 BOCHS )
[    0.005513] ACPI: RSDT 0x00000000BFFE241D 000034 (v01 BOCHS  BXPC     00000001 BXPC 00000001)
[    0.005520] ACPI: FACP 0x00000000BFFE22B9 000074 (v01 BOCHS  BXPC     00000001 BXPC 00000001)
[    0.005525] ACPI: DSDT 0x00000000BFFE0040 002279 (v01 BOCHS  BXPC     00000001 BXPC 00000001)
[    0.005528] ACPI: FACS 0x00000000BFFE0000 000040
[    0.005530] ACPI: APIC 0x00000000BFFE232D 000090 (v03 BOCHS  BXPC     00000001 BXPC 00000001)
[    0.005533] ACPI: HPET 0x00000000BFFE23BD 000038 (v01 BOCHS  BXPC     00000001 BXPC 00000001)
[    0.005536] ACPI: WAET 0x00000000BFFE23F5 000028 (v01 BOCHS  BXPC     00000001 BXPC 00000001)
[    0.005538] ACPI: Reserving FACP table memory at [mem 0xbffe22b9-0xbffe232c]
[    0.005540] ACPI: Reserving DSDT table memory at [mem 0xbffe0040-0xbffe22b8]
[    0.005541] ACPI: Reserving FACS table memory at [mem 0xbffe0000-0xbffe003f]
[    0.005542] ACPI: Reserving APIC table memory at [mem 0xbffe232d-0xbffe23bc]
[    0.005543] ACPI: Reserving HPET table memory at [mem 0xbffe23bd-0xbffe23f4]
[    0.005543] ACPI: Reserving WAET table memory at [mem 0xbffe23f5-0xbffe241c]
[    0.005917] No NUMA configuration found
[    0.005918] Faking a node at [mem 0x0000000000000000-0x000000023fffffff]
[    0.005926] NODE_DATA(0) allocated [mem 0x23fffa000-0x23fffdfff]
[    0.005995] Zone ranges:
[    0.005996]   DMA      [mem 0x0000000000001000-0x0000000000ffffff]
[    0.005998]   DMA32    [mem 0x0000000001000000-0x00000000ffffffff]
[    0.006000]   Normal   [mem 0x0000000100000000-0x000000023fffffff]
[    0.006001] Movable zone start for each node
[    0.006002] Early memory node ranges
[    0.006002]   node   0: [mem 0x0000000000001000-0x000000000009efff]
[    0.006004]   node   0: [mem 0x0000000000100000-0x00000000bffdffff]
[    0.006006]   node   0: [mem 0x0000000100000000-0x000000023fffffff]
[    0.006007] Initmem setup node 0 [mem 0x0000000000001000-0x000000023fffffff]
[    0.006258] On node 0, zone DMA: 1 pages in unavailable ranges
[    0.006289] On node 0, zone DMA: 97 pages in unavailable ranges
[    0.031180] On node 0, zone Normal: 32 pages in unavailable ranges
[    0.031629] ACPI: PM-Timer IO Port: 0x608
[    0.031635] ACPI: LAPIC_NMI (acpi_id[0xff] dfl dfl lint[0x1])
[    0.031682] IOAPIC[0]: apic_id 0, version 17, address 0xfec00000, GSI 0-23
[    0.031685] ACPI: INT_SRC_OVR (bus 0 bus_irq 0 global_irq 2 dfl dfl)
[    0.031687] ACPI: INT_SRC_OVR (bus 0 bus_irq 5 global_irq 5 high level)
[    0.031689] ACPI: INT_SRC_OVR (bus 0 bus_irq 9 global_irq 9 high level)
[    0.031690] ACPI: INT_SRC_OVR (bus 0 bus_irq 10 global_irq 10 high level)
[    0.031691] ACPI: INT_SRC_OVR (bus 0 bus_irq 11 global_irq 11 high level)
[    0.031695] ACPI: Using ACPI (MADT) for SMP configuration information
[    0.031696] ACPI: HPET id: 0x8086a201 base: 0xfed00000
[    0.031698] TSC deadline timer available
[    0.031699] smpboot: Allowing 4 CPUs, 0 hotplug CPUs
[    0.031713] kvm-guest: APIC: eoi() replaced with kvm_guest_apic_eoi_write()
[    0.031728] kvm-guest: KVM setup pv remote TLB flush
[    0.031734] kvm-guest: setup PV sched yield
[    0.031740] PM: hibernation: Registered nosave memory: [mem 0x00000000-0x00000fff]
[    0.031742] PM: hibernation: Registered nosave memory: [mem 0x0009f000-0x0009ffff]
[    0.031743] PM: hibernation: Registered nosave memory: [mem 0x000a0000-0x000effff]
[    0.031744] PM: hibernation: Registered nosave memory: [mem 0x000f0000-0x000fffff]
[    0.031745] PM: hibernation: Registered nosave memory: [mem 0xbffe0000-0xbfffffff]
[    0.031746] PM: hibernation: Registered nosave memory: [mem 0xc0000000-0xfeffbfff]
[    0.031747] PM: hibernation: Registered nosave memory: [mem 0xfeffc000-0xfeffffff]
[    0.031748] PM: hibernation: Registered nosave memory: [mem 0xff000000-0xfffbffff]
[    0.031749] PM: hibernation: Registered nosave memory: [mem 0xfffc0000-0xffffffff]
[    0.031750] [mem 0xc0000000-0xfeffbfff] available for PCI devices
[    0.031751] Booting paravirtualized kernel on KVM
[    0.031753] clocksource: refined-jiffies: mask: 0xffffffff max_cycles: 0xffffffff, max_idle_ns: 1910969940391419 ns
[    0.040147] setup_percpu: NR_CPUS:64 nr_cpumask_bits:4 nr_cpu_ids:4 nr_node_ids:1
[    0.040574] percpu: Embedded 52 pages/cpu s183784 r0 d29208 u524288
[    0.040612] Kernel command line: console=ttyS0 rdinit=/init kunit.enable=1 transparent_hugepage=always default_hugepagesz=2M hugepagesz=1G hugepages=4 panic=1
[    0.041673] random: crng init done
[    0.043192] Dentry cache hash table entries: 1048576 (order: 11, 8388608 bytes, linear)
[    0.043966] Inode-cache hash table entries: 524288 (order: 10, 4194304 bytes, linear)
[    0.044043] Fallback order for Node 0: 0 
[    0.044046] Built 1 zonelists, mobility grouping on.  Total pages: 2064096
[    0.044047] Policy zone: Normal
[    0.044048] mem auto-init: stack:all(zero), heap alloc:off, heap free:off
[    0.044051] software IO TLB: area num 4.
[    0.070540] Memory: 3943480K/8388088K available (16384K kernel code, 2729K rwdata, 5000K rodata, 2504K init, 2512K bss, 4444408K reserved, 0K cma-reserved)
[    0.070574] SLUB: HWalign=64, Order=0-3, MinObjects=0, CPUs=4, Nodes=1
[    0.071288] Dynamic Preempt: voluntary
[    0.071564] rcu: Preemptible hierarchical RCU implementation.
[    0.071565] rcu: 	RCU event tracing is enabled.
[    0.071566] rcu: 	RCU restricting CPUs from NR_CPUS=64 to nr_cpu_ids=4.
[    0.071567] 	Trampoline variant of Tasks RCU enabled.
[    0.071568] rcu: RCU calculated value of scheduler-enlistment delay is 100 jiffies.
[    0.071569] rcu: Adjusting geometry for rcu_fanout_leaf=16, nr_cpu_ids=4
[    0.073333] NR_IRQS: 4352, nr_irqs: 456, preallocated irqs: 16
[    0.073528] rcu: srcu_init: Setting srcu_struct sizes based on contention.
[    0.073664] Console: colour *CGA 80x25
[    0.073711] printk: legacy console [ttyS0] enabled
[    0.199763] ACPI: Core revision 20230628
[    0.200630] clocksource: hpet: mask: 0xffffffff max_cycles: 0xffffffff, max_idle_ns: 19112604467 ns
[    0.202384] APIC: Switch to symmetric I/O mode setup
[    0.203345] kvm-guest: APIC: send_IPI_mask() replaced with kvm_send_ipi_mask()
[    0.204674] kvm-guest: APIC: send_IPI_mask_allbutself() replaced with kvm_send_ipi_mask_allbutself()
[    0.206292] kvm-guest: setup PV IPIs
[    0.208467] ..TIMER: vector=0x30 apic1=0 pin1=2 apic2=-1 pin2=-1
[    0.209576] clocksource: tsc-early: mask: 0xffffffffffffffff max_cycles: 0x36c657b5833, max_idle_ns: 881590513399 ns
[    0.211451] Calibrating delay loop (skipped) preset value.. 3800.00 BogoMIPS (lpj=1900000)
[    0.212662] x86/cpu: User Mode Instruction Prevention (UMIP) activated
[    0.214495] Last level iTLB entries: 4KB 0, 2MB 0, 4MB 0
[    0.215434] Last level dTLB entries: 4KB 0, 2MB 0, 4MB 0, 1GB 0
[    0.215460] Spectre V1 : Mitigation: usercopy/swapgs barriers and __user pointer sanitization
[    0.216454] Spectre V2 : Mitigation: Enhanced / Automatic IBRS
[    0.217449] Spectre V2 : Spectre v2 / SpectreRSB mitigation: Filling RSB on context switch
[    0.218449] Spectre V2 : Spectre v2 / PBRSB-eIBRS: Retire a single CALL on VMEXIT
[    0.219450] Spectre V2 : mitigation: Enabling conditional Indirect Branch Prediction Barrier
[    0.220450] Speculative Store Bypass: Mitigation: Speculative Store Bypass disabled via prctl
[    0.221449] TAA: Mitigation: TSX disabled
[    0.222507] x86/fpu: Supporting XSAVE feature 0x001: 'x87 floating point registers'
[    0.223449] x86/fpu: Supporting XSAVE feature 0x002: 'SSE registers'
[    0.224449] x86/fpu: Supporting XSAVE feature 0x004: 'AVX registers'
[    0.225449] x86/fpu: Supporting XSAVE feature 0x020: 'AVX-512 opmask'
[    0.226449] x86/fpu: Supporting XSAVE feature 0x040: 'AVX-512 Hi256'
[    0.227449] x86/fpu: Supporting XSAVE feature 0x080: 'AVX-512 ZMM_Hi256'
[    0.228449] x86/fpu: Supporting XSAVE feature 0x200: 'Protection Keys User registers'
[    0.229449] x86/fpu: Supporting XSAVE feature 0x20000: 'AMX Tile config'
[    0.230449] x86/fpu: Supporting XSAVE feature 0x40000: 'AMX Tile data'
[    0.231449] x86/fpu: xstate_offset[2]:  576, xstate_sizes[2]:  256
[    0.232449] x86/fpu: xstate_offset[5]:  832, xstate_sizes[5]:   64
[    0.233449] x86/fpu: xstate_offset[6]:  896, xstate_sizes[6]:  512
[    0.234449] x86/fpu: xstate_offset[7]: 1408, xstate_sizes[7]: 1024
[    0.235449] x86/fpu: xstate_offset[9]: 2432, xstate_sizes[9]:    8
[    0.236449] x86/fpu: xstate_offset[17]: 2496, xstate_sizes[17]:   64
[    0.237449] x86/fpu: xstate_offset[18]: 2560, xstate_sizes[18]: 8192
[    0.238449] x86/fpu: Enabled xstate features 0x602e7, context size is 10752 bytes, using 'compacted' format.
[    0.260266] Freeing SMP alternatives memory: 44K
[    0.260450] pid_max: default: 32768 minimum: 301
[    0.261464] LSM: initializing lsm=capability,selinux,integrity
[    0.262450] SELinux:  Initializing.
[    0.263482] Mount-cache hash table entries: 16384 (order: 5, 131072 bytes, linear)
[    0.264465] Mountpoint-cache hash table entries: 16384 (order: 5, 131072 bytes, linear)
[    0.265681] smpboot: CPU0: Intel INTEL(R) XEON(R) PLATINUM 8592+ (family: 0x6, model: 0xcf, stepping: 0x2)
[    0.266838] RCU Tasks: Setting shift to 2 and lim to 1 rcu_task_cb_adjust=1.
[    0.267463] Performance Events: PEBS fmt0-, Sapphire Rapids events, full-width counters, Intel PMU driver.
[    0.268454] ... version:                2
[    0.269201] ... bit width:              48
[    0.269451] ... generic registers:      8
[    0.270181] ... value mask:             0000ffffffffffff
[    0.270451] ... max period:             00007fffffffffff
[    0.271400] ... fixed-purpose events:   3
[    0.271451] ... event mask:             00000007000000ff
[    0.272537] signal: max sigframe size: 11952
[    0.273336] rcu: Hierarchical SRCU implementation.
[    0.273451] rcu: 	Max phase no-delay instances is 400.
[    0.274439] smp: Bringing up secondary CPUs ...
[    0.274547] smpboot: x86: Booting SMP configuration:
[    0.275430] .... node  #0, CPUs:      #1 #2 #3
[    0.277503] smp: Brought up 1 node, 4 CPUs
[    0.278454] smpboot: Max logical packages: 1
[    0.279238] smpboot: Total of 4 processors activated (15200.00 BogoMIPS)
[    0.280452] devtmpfs: initialized
[    0.281506] clocksource: jiffies: mask: 0xffffffff max_cycles: 0xffffffff, max_idle_ns: 1911260446275000 ns
[    0.282453] futex hash table entries: 1024 (order: 4, 65536 bytes, linear)
[    0.283582] PM: RTC time: 19:46:53, date: 2026-09-03
[    0.284554] NET: Registered PF_NETLINK/PF_ROUTE protocol family
[    0.285524] audit: initializing netlink subsys (disabled)
[    0.286495] audit: type=2000 audit(1788464814.244:1): state=initialized audit_enabled=0 res=1
[    0.286507] thermal_sys: Registered thermal governor 'step_wise'
[    0.287452] thermal_sys: Registered thermal governor 'user_space'
[    0.288460] cpuidle: using governor menu
[    0.290566] PCI: Using configuration type 1 for base access
[    0.292454] HugeTLB: registered 2.00 MiB page size, pre-allocated 0 pages
[    0.293451] HugeTLB: 28 KiB vmemmap can be freed for a 2.00 MiB page
[    0.294452] HugeTLB: registered 1.00 GiB page size, pre-allocated 4 pages
[    0.295451] HugeTLB: 16380 KiB vmemmap can be freed for a 1.00 GiB page
[    0.296531] ACPI: Added _OSI(Module Device)
[    0.297452] ACPI: Added _OSI(Processor Device)
[    0.298266] ACPI: Added _OSI(3.0 _SCP Extensions)
[    0.298451] ACPI: Added _OSI(Processor Aggregator Device)
[    0.299992] ACPI: 1 ACPI AML tables successfully acquired and loaded
[    0.302477] ACPI: _OSC evaluation for CPUs failed, trying _PDC
[    0.303536] ACPI: Interpreter enabled
[    0.304224] ACPI: PM: (supports S0 S3 S4 S5)
[    0.304452] ACPI: Using IOAPIC for interrupt routing
[    0.305355] PCI: Using host bridge windows from ACPI; if necessary, use "pci=nocrs" and report a bug
[    0.305451] PCI: Using E820 reservations for host bridge windows
[    0.306520] ACPI: Enabled 2 GPEs in block 00 to 0F
[    0.309315] ACPI: PCI Root Bridge [PCI0] (domain 0000 [bus 00-ff])
[    0.309454] acpi PNP0A03:00: _OSC: OS supports [ASPM ClockPM Segments MSI HPX-Type3]
[    0.310452] acpi PNP0A03:00: _OSC: not requesting OS control; OS requires [ExtendedConfig ASPM ClockPM MSI]
[    0.311457] acpi PNP0A03:00: fail to add MMCONFIG information, can't access extended configuration space under this bridge
[    0.312560] PCI host bridge to bus 0000:00
[    0.313309] pci_bus 0000:00: root bus resource [io  0x0000-0x0cf7 window]
[    0.313451] pci_bus 0000:00: root bus resource [io  0x0d00-0xffff window]
[    0.314451] pci_bus 0000:00: root bus resource [mem 0x000a0000-0x000bffff window]
[    0.315451] pci_bus 0000:00: root bus resource [mem 0xc0000000-0xfebfffff window]
[    0.316451] pci_bus 0000:00: root bus resource [mem 0x240000000-0x2bfffffff window]
[    0.317452] pci_bus 0000:00: root bus resource [bus 00-ff]
[    0.318510] pci 0000:00:00.0: [8086:1237] type 00 class 0x060000 conventional PCI endpoint
[    0.320017] pci 0000:00:01.0: [8086:7000] type 00 class 0x060100 conventional PCI endpoint
[    0.321223] pci 0000:00:01.1: [8086:7010] type 00 class 0x010180 conventional PCI endpoint
[    0.323452] pci 0000:00:01.1: BAR 4 [io  0xc000-0xc00f]
[    0.325105] pci 0000:00:01.1: BAR 0 [io  0x01f0-0x01f7]: legacy IDE quirk
[    0.325451] pci 0000:00:01.1: BAR 1 [io  0x03f6]: legacy IDE quirk
[    0.326451] pci 0000:00:01.1: BAR 2 [io  0x0170-0x0177]: legacy IDE quirk
[    0.327451] pci 0000:00:01.1: BAR 3 [io  0x0376]: legacy IDE quirk
[    0.328659] pci 0000:00:01.3: [8086:7113] type 00 class 0x068000 conventional PCI endpoint
[    0.330064] pci 0000:00:01.3: quirk: [io  0x0600-0x063f] claimed by PIIX4 ACPI
[    0.330463] pci 0000:00:01.3: quirk: [io  0x0700-0x070f] claimed by PIIX4 SMB
[    0.332159] ACPI: PCI: Interrupt link LNKA configured for IRQ 10
[    0.332546] ACPI: PCI: Interrupt link LNKB configured for IRQ 10
[    0.333535] ACPI: PCI: Interrupt link LNKC configured for IRQ 11
[    0.334541] ACPI: PCI: Interrupt link LNKD configured for IRQ 11
[    0.335499] ACPI: PCI: Interrupt link LNKS configured for IRQ 9
[    0.336712] iommu: Default domain type: Translated
[    0.337451] iommu: DMA domain TLB invalidation policy: lazy mode
[    0.338500] SCSI subsystem initialized
[    0.339193] ACPI: bus type USB registered
[    0.339462] usbcore: registered new interface driver usbfs
[    0.340455] usbcore: registered new interface driver hub
[    0.341428] usbcore: registered new device driver usb
[    0.341462] pps_core: LinuxPPS API ver. 1 registered
[    0.342368] pps_core: Software ver. 5.3.6 - Copyright 2005-2007 Rodolfo Giometti <giometti@linux.it>
[    0.342453] PTP clock support registered
[    0.343474] Advanced Linux Sound Architecture Driver Initialized.
[    0.344764] NetLabel: Initializing
[    0.345400] NetLabel:  domain hash size = 128
[    0.345451] NetLabel:  protocols = UNLABELED CIPSOv4 CALIPSO
[    0.346467] NetLabel:  unlabeled traffic allowed by default
[    0.347485] PCI: Using ACPI for IRQ routing
[    0.348468] vgaarb: loaded
[    0.348991] hpet0: at MMIO 0xfed00000, IRQs 2, 8, 0
[    0.349451] hpet0: 3 comparators, 64-bit 100.000000 MHz counter
[    0.353496] clocksource: Switched to clocksource kvm-clock
[    0.354528] VFS: Disk quotas dquot_6.6.0
[    0.355270] VFS: Dquot-cache hash table entries: 512 (order 0, 4096 bytes)
[    0.356562] pnp: PnP ACPI init
[    0.357364] pnp: PnP ACPI: found 5 devices
[    0.368533] clocksource: acpi_pm: mask: 0xffffff max_cycles: 0xffffff, max_idle_ns: 2085701024 ns
[    0.370224] NET: Registered PF_INET protocol family
[    0.371190] IP idents hash table entries: 131072 (order: 8, 1048576 bytes, linear)
[    0.374260] tcp_listen_portaddr_hash hash table entries: 4096 (order: 4, 65536 bytes, linear)
[    0.375827] Table-perturb hash table entries: 65536 (order: 6, 262144 bytes, linear)
[    0.377244] TCP established hash table entries: 65536 (order: 7, 524288 bytes, linear)
[    0.379004] TCP bind hash table entries: 65536 (order: 9, 2097152 bytes, linear)
[    0.380793] TCP: Hash tables configured (established 65536 bind 65536)
[    0.382025] UDP hash table entries: 4096 (order: 5, 131072 bytes, linear)
[    0.383271] UDP-Lite hash table entries: 4096 (order: 5, 131072 bytes, linear)
[    0.384639] NET: Registered PF_UNIX/PF_LOCAL protocol family
[    0.386958] RPC: Registered named UNIX socket transport module.
[    0.388076] RPC: Registered udp transport module.
[    0.388940] RPC: Registered tcp transport module.
[    0.389798] RPC: Registered tcp-with-tls transport module.
[    0.390801] RPC: Registered tcp NFSv4.1 backchannel transport module.
[    0.392852] pci_bus 0000:00: resource 4 [io  0x0000-0x0cf7 window]
[    0.394033] pci_bus 0000:00: resource 5 [io  0x0d00-0xffff window]
[    0.395157] pci_bus 0000:00: resource 6 [mem 0x000a0000-0x000bffff window]
[    0.396412] pci_bus 0000:00: resource 7 [mem 0xc0000000-0xfebfffff window]
[    0.397648] pci_bus 0000:00: resource 8 [mem 0x240000000-0x2bfffffff window]
[    0.398971] pci 0000:00:01.0: PIIX3: Enabling Passive Release
[    0.400025] pci 0000:00:00.0: Limiting direct PCI/PCI transfers
[    0.401148] PCI: CLS 0 bytes, default 64
[    0.401885] PCI-DMA: Using software bounce buffering for IO (SWIOTLB)
[    0.402146] Unpacking initramfs...
[    0.403050] software IO TLB: mapped [mem 0x00000000bbce9000-0x00000000bfce9000] (64MB)
[    0.405661] RAPL PMU: API unit is 2^-32 Joules, 1 fixed counters, 10737418240 ms ovfl timer
[    0.407241] RAPL PMU: hw unit of domain psys 2^-0 Joules
[    0.408225] clocksource: tsc: mask: 0xffffffffffffffff max_cycles: 0x36c657b5833, max_idle_ns: 881590513399 ns
[    0.413725] Initialise system trusted keyrings
[    0.415037] workingset: timestamp_bits=56 max_order=21 bucket_order=0
[    0.417017] NFS: Registering the id_resolver key type
[    0.418005] Key type id_resolver registered
[    0.418761] Key type id_legacy registered
[    0.419566] 9p: Installing v9fs 9p2000 file system support
[    0.431920] Key type asymmetric registered
[    0.432649] Asymmetric key parser 'x509' registered
[    0.433557] Block layer SCSI generic (bsg) driver version 0.4 loaded (major 251)
[    0.434906] io scheduler mq-deadline registered
[    0.435720] io scheduler kyber registered
[    0.437613] input: Power Button as /devices/LNXSYSTM:00/LNXPWRBN:00/input/input0
[    0.439064] ACPI: button: Power Button [PWRF]
[    0.440634] Serial: 8250/16550 driver, 4 ports, IRQ sharing enabled
[    0.442012] 00:03: ttyS0 at I/O 0x3f8 (irq = 4, base_baud = 115200) is a 16550A
[    0.445777] Non-volatile memory driver v1.3
[    0.446586] Linux agpgart interface v0.103
[    0.452978] loop: module loaded
[    0.455555] scsi host0: ata_piix
[    0.457475] scsi host1: ata_piix
[    0.458173] ata1: PATA max MWDMA2 cmd 0x1f0 ctl 0x3f6 bmdma 0xc000 irq 14 lpm-pol 0
[    0.459598] ata2: PATA max MWDMA2 cmd 0x170 ctl 0x376 bmdma 0xc008 irq 15 lpm-pol 0
[    0.461151] e100: Intel(R) PRO/100 Network Driver
[    0.462159] e100: Copyright(c) 1999-2006 Intel Corporation
[    0.463180] e1000: Intel(R) PRO/1000 Network Driver
[    0.464067] e1000: Copyright (c) 1999-2006 Intel Corporation.
[    0.465108] e1000e: Intel(R) PRO/1000 Network Driver
[    0.466015] e1000e: Copyright(c) 1999 - 2015 Intel Corporation.
[    0.467103] sky2: driver version 1.30
[    0.468060] usbcore: registered new interface driver usblp
[    0.468176] Freeing initrd memory: 3036K
[    0.469074] usbcore: registered new interface driver usb-storage
[    0.470929] i8042: PNP: PS/2 Controller [PNP0303:KBD,PNP0f13:MOU] at 0x60,0x64 irq 1,12
[    0.473399] serio: i8042 KBD port at 0x60,0x64 irq 1
[    0.474310] serio: i8042 AUX port at 0x60,0x64 irq 12
[    0.475459] rtc_cmos 00:04: RTC can wake from S4
[    0.477165] input: AT Translated Set 2 keyboard as /devices/platform/i8042/serio0/input/input1
[    0.477170] rtc_cmos 00:04: registered as rtc0
[    0.479965] rtc_cmos 00:04: alarms up to one day, y3k, 242 bytes nvram, hpet irqs
[    0.481945] device-mapper: ioctl: 4.48.0-ioctl (2023-03-01) initialised: dm-devel@redhat.com
[    0.483675] intel_pstate: CPU model not supported
[    0.484554] hid: raw HID events driver (C) Jiri Kosina
[    0.485588] usbcore: registered new interface driver usbhid
[    0.486602] usbhid: USB HID core driver
[    0.488478] Initializing XFRM netlink socket
[    0.489285] NET: Registered PF_INET6 protocol family
[    0.490762] Segment Routing with IPv6
[    0.491470] In-situ OAM (IOAM) with IPv6
[    0.492271] sit: IPv6, IPv4 and MPLS over IPv4 tunneling driver
[    0.493458] NET: Registered PF_PACKET protocol family
[    0.494414] 9pnet: Installing 9P2000 support
[    0.495203] Key type dns_resolver registered
[    0.497235] IPI shorthand broadcast: enabled
[    0.499661] sched_clock: Marking stable (366003088, 132912902)->(557964627, -59048637)
[    0.501395] registered taskstats version 1
[    0.502146] Loading compiled-in X.509 certificates
[    0.504386] PM:   Magic number: 10:495:798
[    0.505167] printk: legacy console [netcon0] enabled
[    0.506085] netconsole: network logging started
[    0.506953] cfg80211: Loading compiled-in X.509 certificates for regulatory database
[    0.508780] cryptomgr_probe (65) used greatest stack depth: 15720 bytes left
[    0.508968] Loaded X.509 cert 'sforshee: 00b28ddf47aef9cea7'
[    0.511299] Loaded X.509 cert 'wens: 61c038651aabdcf94bd0ac7ff06c7248db18c600'
[    0.512634] platform regulatory.0: Direct firmware load for regulatory.db failed with error -2
[    0.514187] cfg80211: failed to load regulatory.db
[    0.515073] ALSA device list:
[    0.515622]   No soundcards found.
[    0.516249] KTAP version 1
[    0.516763] 1..1
[    0.517297]     KTAP version 1
[    0.517860]     # Subtest: pat_streaming
[    0.518596]     # module: streaming_kunit
[    0.518598]     1..10
[    0.519933]     ok 1 pat_streaming_msr_test
[    0.520020]     ok 2 cachemode_table_roundtrip_test
[    0.520842] kunit_try_catch (70) used greatest stack depth: 15456 bytes left
[    0.521068]     ok 3 pgprot_streaming_bits_test
[    0.523115]     ok 4 pgprot_streaming_idempotent_test
[    0.524037]     ok 5 large_encoding_test
[    0.525058]     ok 6 streaming_4k_encoding_at_pmd_is_uc_minus_test
[    0.525824] kunit_try_catch (78) used greatest stack depth: 14216 bytes left
[    0.525889]     ok 7 streaming_vma_allows_no_thp_order_test
[    0.528580]     ok 8 vm_streaming_bit_test
[    0.529911]     ok 9 arch_calc_streaming_bit_test
[    0.530843]     ok 10 arch_validate_prot_test
[    0.531716] # pat_streaming: pass:10 fail:0 skip:0 total:10
[    0.532530] # Totals: pass:10 fail:0 skip:0 total:10
[    0.533548] ok 1 pat_streaming
[    0.615923] Freeing unused kernel image (initmem) memory: 2504K
[    0.616647] Write protecting the kernel read-only data: 22528k
[    0.619068] Freeing unused kernel image (rodata/data gap) memory: 1144K
[    0.630659] x86/mm: Checked W+X mappings: passed, no W+X pages found.
[    0.631444] Run /init as init process
[    0.634600] busybox (89) used greatest stack depth: 14176 bytes left
=== HOST CONFIG ===
thp_enabled: [always] madvise never
[    0.637198] cat (91) used greatest stack depth: 14080 bytes left
khugepaged: present
[    0.640523] busybox (95) used greatest stack depth: 13904 bytes left
nr_hugepages_2M: 64
nr_hugepages_1G: 4
ksm: 0
=== BEGIN streaming_basic ===
TAP version 13
1..10
ok 1 mmap RW + populate
ok 2 PROT_WRITE|PROT_STREAMING is rejected (errno=22)
ok 3 cross-VMA PROT_STREAMING is rejected (errno=22)
ok 4 one-VMA setup restored
ok 5 mprotect(PROT_REA[    0.648343] streaming_basic (100) used greatest stack depth: 13776 bytes left
D|PROT_STREAMING)
ok 6 PTE cache bits == PAT slot 6 (raw=0x84000002010000b5)
ok 7 PTE write bit cleared
ok 8 write to streaming region traps SIGSEGV
ok 9 PTE cache bits cleared (raw=0x8000000201000067)
ok 10 write succeeds after leaving streaming
# Totals: pass:10 fail:0 xfail:0 xpass:0 skip:0 error:0
=== END streaming_basic rc=0 ===
=== BEGIN streaming_reject ===
TAP version 13
1..17
ok 1 PROT_STREAMING with PROT_WRITE -> EINVAL
ok 2 bogus PROT bit 0x40 -> EINVAL
ok 3 MAP_SHARED anonymous VMA -> EINVAL
ok 4 MAP_SHARED file VMA -> EINVAL
ok 5 ordinary MAP_PRIVATE file VMA -> EINVAL
ok 6 MADV_MERGEABLE VMA -> EINVAL
ok 7 uffd-wp registered VMA -> EINVAL
ok 8 MADV_MERGEABLE during STREAMING epoch -> EINVAL
ok 9 MADV_DONTNEED during STREAMING epoch -> EINVAL
ok 10 FOLL_FORCE write during STREAMING epoch is rejected (errno=5)
ok 11 MADV_DONTFORK omits STREAMING VMA from child
ok 12 fork during STREAMING epoch -> EBUSY
ok 13 STREAMING mremap resize -> EINVAL
ok 14 STREAMING MREMAP_DONTUNMAP -> EINVAL
ok 15 same-size STREAMING mremap move preserves data and epoch
ok 16 pre-existing COW alias -> EBUSY
ok 17 unpopulated anonymous range -> EBUSY
# Totals: pass:17 fail:0 xfail:0 xpass:0 skip:0 error:0
=== END streaming_reject rc=0 ===
=== BEGIN streaming_hugetlb ===
TAP version 13
1..13
ok 1 2MB: mprotect(PROT_READ|PROT_STREAMING)
ok 2 2MB: leaf cache bits == large slot 6 (raw=0x84000002026010b5)
ok 3 2MB: write bit cleared
ok 4 2MB: level_shift == 21 (got 21)
ok 5 2MB: write to streaming region traps SIGSEGV
ok 6 2MB: cache bits cleared and write OK after leaving (raw=0x84000002026000a5)
ok 7 MAP_SHARED hugetlb -> EINVAL
ok 8 1GB: mprotect(PROT_READ|PROT_STREAMING)
ok 9 1GB: leaf cache bits == large slot 6 (raw=0x84000001000010b5)
ok 10 1GB: write bit cleared
ok 11 1GB: level_shift == 30 (got 30)
ok 12 1GB: write to streaming region traps SIGSEGV
ok 13 1GB: cache bits cleared and write OK after leaving (raw=0x84000001000000a5)
# Totals: pass:13 fail:0 xfail:0 xpass:0 skip:0 error:0
=== END streaming_hugetlb rc=0 ===
=== BEGIN streaming_memfd ===
TAP version 13
1..3
ok 1 sealed memfd, single mapper -> EINVAL
ok 2 unsealed shared memfd -> EINVAL
ok 3 sealed memfd with a second mapper -> EINVAL
# Totals: pass:3 fail:0 xfail:0 xpass:0 skip:0 error:0
=== END streaming_memfd rc=0 ===
=== BEGIN streaming_lifecycle ===
TAP version 13
1..4
ok 1 private WB object allocated
ok 2 dirty WB producer is visible to cross-CPU STREAMING reader
ok 3 eight retire/rebuild generations never expose stale data
# H2 transition 8MiB: enter_avg=87 us enter_max=156 us exit_avg=81 us
# H2 affinity: producer_cpu=0 reader_cpu=1 online_cpus=4
ok 4 transition latency reported separately
# Totals: pass:4 fail:0 xfail:0 xpass:0 skip:0 error:0
=== END streaming_lifecycle rc=0 ===
=== ALL TESTS COMPLETE ===
[    1.106115] input: ImExPS/2 Generic Explorer Mouse as /devices/platform/i8042/serio1/input/input3
[    1.109950] ACPI: PM: Preparing to enter system sleep state S5
[    1.110904] reboot: Power down
