{
  "hostname": "moscxl",
  "kernel": "7.0.0-28-generic",
  "cpu_model": "AMD EPYC 9754 128-Core Processor",
  "microcode": "0xaa00215",
  "node_distances": {
    "node0": "10 32 60",
    "node1": "32 10 50",
    "node2": "255 255 10"
  },
  "smt_control": "on",
  "smt_active": "1",
  "boost": "1",
  "governor": "schedutil",
  "scaling_driver": "acpi-cpufreq",
  "perf_event_paranoid": "-1",
  "l2_size_cpu0": "1024K",
  "l3_size_cpu0": "16384K",
  "victim_bin_mtime": "2026-08-23 15:24:03.527066941 +0900",
  "aggressor_bin_mtime": "2026-08-23 15:24:03.132691356 +0900",
  "victim_sha256": "90089579af329b44174ab35c486ee2faf5756b29cf2c18b8c3edfebddd92109c",
  "aggressor_sha256": "583257f526e308b22a3a7c83004dd4059c832c37e5f02307c01a3e410645bc3a",
  "uptime": "01:34:20 up 7 days,  9:47,  2 users,  load average: 0.54, 1.21, 0.77",
  "date_utc": "Fri Sep  4 04:34:20 PM UTC 2026",
  "cmd_victim": "/home/domin/tmp_dutyfree_exp/bin/victim -c 0 -w <WSS> -P -d 3 -W 1",
  "cmd_aggressor": "/home/domin/tmp_dutyfree_exp/bin/aggressor -m wb_load -t 7 -c <CORES> -N 2 -s 64 -d 10",
  "cores": {
    "same": "1,2,3,4,5,6,7",
    "other": "9,10,11,12,13,14,15",
    "xsock": "129,130,131,132,133,134,135"
  }
}
== THP requested=never readback=never ==
  quiescent_a wss=  512 thp=never  rep 1 cyc/acc=   17.66 hit%= 99.95 bw=  0.00 vcpu=[0] aw=0t[]
  quiescent_a wss=  512 thp=never  rep 2 cyc/acc=   17.66 hit%= 99.94 bw=  0.00 vcpu=[0] aw=0t[]
  quiescent_a wss=  512 thp=never  rep 3 cyc/acc=   17.66 hit%= 99.94 bw=  0.00 vcpu=[0] aw=0t[]
  quiescent_a wss=  512 thp=never  rep 4 cyc/acc=   18.21 hit%= 98.42 bw=  0.00 vcpu=[0] aw=0t[]
  quiescent_a wss=  512 thp=never  rep 5 cyc/acc=   17.67 hit%= 99.90 bw=  0.00 vcpu=[0] aw=0t[]
  quiescent_a wss=  512 thp=never  rep 6 cyc/acc=   17.68 hit%= 99.88 bw=  0.00 vcpu=[0] aw=0t[]
  quiescent_a wss=  512 thp=never  rep 7 cyc/acc=   17.66 hit%= 99.95 bw=  0.00 vcpu=[0] aw=0t[]
  quiescent_a wss=  512 thp=never  rep 8 cyc/acc=   17.65 hit%= 99.96 bw=  0.00 vcpu=[0] aw=0t[]
  quiescent_a wss=  512 thp=never  rep 9 cyc/acc=   17.72 hit%= 99.80 bw=  0.00 vcpu=[0] aw=0t[]
  quiescent_a wss=  512 thp=never  rep10 cyc/acc=   17.65 hit%= 99.96 bw=  0.00 vcpu=[0] aw=0t[]
  quiescent_a wss=  512 thp=never  rep11 cyc/acc=   17.66 hit%= 99.95 bw=  0.00 vcpu=[0] aw=0t[]
  quiescent_a wss=  512 thp=never  rep12 cyc/acc=   17.65 hit%= 99.96 bw=  0.00 vcpu=[0] aw=0t[]
  quiescent_a wss=  512 thp=never  rep13 cyc/acc=   17.65 hit%= 99.95 bw=  0.00 vcpu=[0] aw=0t[]
  quiescent_a wss=  512 thp=never  rep14 cyc/acc=   17.68 hit%= 99.88 bw=  0.00 vcpu=[0] aw=0t[]
  quiescent_a wss=  512 thp=never  rep15 cyc/acc=   17.66 hit%= 99.93 bw=  0.00 vcpu=[0] aw=0t[]
  quiescent_a wss=  512 thp=never  rep16 cyc/acc=   17.66 hit%= 99.95 bw=  0.00 vcpu=[0] aw=0t[]
  quiescent_a wss=  512 thp=never  rep17 cyc/acc=   17.66 hit%= 99.93 bw=  0.00 vcpu=[0] aw=0t[]
  quiescent_a wss=  512 thp=never  rep18 cyc/acc=   19.09 hit%= 96.06 bw=  0.00 vcpu=[0] aw=0t[]
  quiescent_a wss=  512 thp=never  rep19 cyc/acc=   17.66 hit%= 99.93 bw=  0.00 vcpu=[0] aw=0t[]
  quiescent_a wss=  512 thp=never  rep20 cyc/acc=   17.67 hit%= 99.92 bw=  0.00 vcpu=[0] aw=0t[]
  same        wss=  512 thp=never  rep 1 cyc/acc=   62.04 hit%= 91.85 bw= 24.73 vcpu=[0] aw=7t[1, 2, 3, 4, 5, 6, 7]
  same        wss=  512 thp=never  rep 2 cyc/acc=   35.61 hit%= 96.92 bw= 24.81 vcpu=[0] aw=7t[1, 2, 3, 4, 5, 6, 7]
  same        wss=  512 thp=never  rep 3 cyc/acc=   60.86 hit%= 91.96 bw= 24.84 vcpu=[0] aw=7t[1, 2, 3, 4, 5, 6, 7]
  same        wss=  512 thp=never  rep 4 cyc/acc=   35.75 hit%= 96.89 bw= 24.82 vcpu=[0] aw=7t[1, 2, 3, 4, 5, 6, 7]
  same        wss=  512 thp=never  rep 5 cyc/acc=   60.94 hit%= 91.97 bw= 24.86 vcpu=[0] aw=7t[1, 2, 3, 4, 5, 6, 7]
  same        wss=  512 thp=never  rep 6 cyc/acc=   35.77 hit%= 96.92 bw= 24.69 vcpu=[0] aw=7t[1, 2, 3, 4, 5, 6, 7]
  same        wss=  512 thp=never  rep 7 cyc/acc=   60.93 hit%= 91.99 bw= 24.79 vcpu=[0] aw=7t[1, 2, 3, 4, 5, 6, 7]
  same        wss=  512 thp=never  rep 8 cyc/acc=   35.45 hit%= 96.93 bw= 24.77 vcpu=[0] aw=7t[1, 2, 3, 4, 5, 6, 7]
  same        wss=  512 thp=never  rep 9 cyc/acc=   60.75 hit%= 92.02 bw= 24.81 vcpu=[0] aw=7t[1, 2, 3, 4, 5, 6, 7]
  same        wss=  512 thp=never  rep10 cyc/acc=   35.78 hit%= 96.90 bw= 24.80 vcpu=[0] aw=7t[1, 2, 3, 4, 5, 6, 7]
  same        wss=  512 thp=never  rep11 cyc/acc=   61.51 hit%= 91.92 bw= 24.75 vcpu=[0] aw=7t[1, 2, 3, 4, 5, 6, 7]
  same        wss=  512 thp=never  rep12 cyc/acc=   35.46 hit%= 96.94 bw= 24.72 vcpu=[0] aw=7t[1, 2, 3, 4, 5, 6, 7]
  same        wss=  512 thp=never  rep13 cyc/acc=   60.57 hit%= 91.97 bw= 24.86 vcpu=[0] aw=7t[1, 2, 3, 4, 5, 6, 7]
  same        wss=  512 thp=never  rep14 cyc/acc=   35.40 hit%= 96.94 bw= 24.82 vcpu=[0] aw=7t[1, 2, 3, 4, 5, 6, 7]
  same        wss=  512 thp=never  rep15 cyc/acc=   61.26 hit%= 91.89 bw= 24.82 vcpu=[0] aw=7t[1, 2, 3, 4, 5, 6, 7]
  same        wss=  512 thp=never  rep16 cyc/acc=   35.51 hit%= 96.91 bw= 24.82 vcpu=[0] aw=7t[1, 2, 3, 4, 5, 6, 7]
  same        wss=  512 thp=never  rep17 cyc/acc=   60.90 hit%= 92.02 bw= 24.81 vcpu=[0] aw=7t[1, 2, 3, 4, 5, 6, 7]
  same        wss=  512 thp=never  rep18 cyc/acc=   35.40 hit%= 96.92 bw= 24.79 vcpu=[0] aw=7t[1, 2, 3, 4, 5, 6, 7]
  same        wss=  512 thp=never  rep19 cyc/acc=   60.72 hit%= 92.00 bw= 24.75 vcpu=[0] aw=7t[1, 2, 3, 4, 5, 6, 7]
  same        wss=  512 thp=never  rep20 cyc/acc=   35.53 hit%= 96.83 bw= 24.83 vcpu=[0] aw=7t[1, 2, 3, 4, 5, 6, 7]
  other       wss=  512 thp=never  rep 1 cyc/acc=   18.94 hit%= 96.60 bw= 24.73 vcpu=[0] aw=7t[9, 10, 11, 12, 13, 14, 15]
  other       wss=  512 thp=never  rep 2 cyc/acc=   19.13 hit%= 97.02 bw= 24.77 vcpu=[0] aw=7t[9, 10, 11, 12, 13, 14, 15]
  other       wss=  512 thp=never  rep 3 cyc/acc=   20.84 hit%= 92.35 bw= 24.75 vcpu=[0] aw=7t[9, 10, 11, 12, 13, 14, 15]
  other       wss=  512 thp=never  rep 4 cyc/acc=   19.14 hit%= 97.04 bw= 24.69 vcpu=[0] aw=7t[9, 10, 11, 12, 13, 14, 15]
  other       wss=  512 thp=never  rep 5 cyc/acc=   20.84 hit%= 92.34 bw= 24.81 vcpu=[0] aw=7t[9, 10, 11, 12, 13, 14, 15]
  other       wss=  512 thp=never  rep 6 cyc/acc=   19.13 hit%= 97.04 bw= 24.82 vcpu=[0] aw=7t[9, 10, 11, 12, 13, 14, 15]
  other       wss=  512 thp=never  rep 7 cyc/acc=   20.17 hit%= 94.18 bw= 24.79 vcpu=[0] aw=7t[9, 10, 11, 12, 13, 14, 15]
  other       wss=  512 thp=never  rep 8 cyc/acc=   19.11 hit%= 97.05 bw= 24.83 vcpu=[0] aw=7t[9, 10, 11, 12, 13, 14, 15]
  other       wss=  512 thp=never  rep 9 cyc/acc=   20.17 hit%= 94.18 bw= 24.77 vcpu=[0] aw=7t[9, 10, 11, 12, 13, 14, 15]
  other       wss=  512 thp=never  rep10 cyc/acc=   19.13 hit%= 97.04 bw= 24.80 vcpu=[0] aw=7t[9, 10, 11, 12, 13, 14, 15]
  other       wss=  512 thp=never  rep11 cyc/acc=   20.88 hit%= 92.25 bw= 24.79 vcpu=[0] aw=7t[9, 10, 11, 12, 13, 14, 15]
  other       wss=  512 thp=never  rep12 cyc/acc=   19.15 hit%= 96.96 bw= 24.86 vcpu=[0] aw=7t[9, 10, 11, 12, 13, 14, 15]
  other       wss=  512 thp=never  rep13 cyc/acc=   18.07 hit%= 99.93 bw= 24.79 vcpu=[0] aw=7t[9, 10, 11, 12, 13, 14, 15]
  other       wss=  512 thp=never  rep14 cyc/acc=   18.10 hit%= 99.85 bw= 24.78 vcpu=[0] aw=7t[9, 10, 11, 12, 13, 14, 15]
  other       wss=  512 thp=never  rep15 cyc/acc=   18.09 hit%= 99.89 bw= 24.83 vcpu=[0] aw=7t[9, 10, 11, 12, 13, 14, 15]
  other       wss=  512 thp=never  rep16 cyc/acc=   19.14 hit%= 97.01 bw= 24.85 vcpu=[0] aw=7t[9, 10, 11, 12, 13, 14, 15]
  other       wss=  512 thp=never  rep17 cyc/acc=   18.07 hit%= 99.91 bw= 24.85 vcpu=[0] aw=7t[9, 10, 11, 12, 13, 14, 15]
  other       wss=  512 thp=never  rep18 cyc/acc=   18.99 hit%= 97.21 bw= 24.87 vcpu=[0] aw=7t[9, 10, 11, 12, 13, 14, 15]
  other       wss=  512 thp=never  rep19 cyc/acc=   18.07 hit%= 99.93 bw= 24.81 vcpu=[0] aw=7t[9, 10, 11, 12, 13, 14, 15]
  other       wss=  512 thp=never  rep20 cyc/acc=   17.69 hit%= 99.96 bw= 24.83 vcpu=[0] aw=7t[9, 10, 11, 12, 13, 14, 15]
  xsock       wss=  512 thp=never  rep 1 cyc/acc=   17.67 hit%= 99.92 bw= 24.89 vcpu=[0] aw=7t[129, 130, 131, 132, 133, 134, 135]
  xsock       wss=  512 thp=never  rep 2 cyc/acc=   17.68 hit%= 99.89 bw= 24.83 vcpu=[0] aw=7t[129, 130, 131, 132, 133, 134, 135]
  xsock       wss=  512 thp=never  rep 3 cyc/acc=   18.66 hit%= 97.09 bw= 24.88 vcpu=[0] aw=7t[129, 130, 131, 132, 133, 134, 135]
  xsock       wss=  512 thp=never  rep 4 cyc/acc=   17.66 hit%= 99.95 bw= 24.96 vcpu=[0] aw=7t[129, 130, 131, 132, 133, 134, 135]
  xsock       wss=  512 thp=never  rep 5 cyc/acc=   18.69 hit%= 97.06 bw= 24.94 vcpu=[0] aw=7t[129, 130, 131, 132, 133, 134, 135]
  xsock       wss=  512 thp=never  rep 6 cyc/acc=   17.68 hit%= 99.88 bw= 24.88 vcpu=[0] aw=7t[129, 130, 131, 132, 133, 134, 135]
  xsock       wss=  512 thp=never  rep 7 cyc/acc=   18.57 hit%= 97.39 bw= 24.92 vcpu=[0] aw=7t[129, 130, 131, 132, 133, 134, 135]
  xsock       wss=  512 thp=never  rep 8 cyc/acc=   17.67 hit%= 99.90 bw= 24.89 vcpu=[0] aw=7t[129, 130, 131, 132, 133, 134, 135]
  xsock       wss=  512 thp=never  rep 9 cyc/acc=   17.66 hit%= 99.94 bw= 24.84 vcpu=[0] aw=7t[129, 130, 131, 132, 133, 134, 135]
  xsock       wss=  512 thp=never  rep10 cyc/acc=   17.66 hit%= 99.94 bw= 24.89 vcpu=[0] aw=7t[129, 130, 131, 132, 133, 134, 135]
  xsock       wss=  512 thp=never  rep11 cyc/acc=   17.71 hit%= 99.78 bw= 24.88 vcpu=[0] aw=7t[129, 130, 131, 132, 133, 134, 135]
  xsock       wss=  512 thp=never  rep12 cyc/acc=   17.68 hit%= 99.89 bw= 24.91 vcpu=[0] aw=7t[129, 130, 131, 132, 133, 134, 135]
  xsock       wss=  512 thp=never  rep13 cyc/acc=   17.67 hit%= 99.92 bw= 24.91 vcpu=[0] aw=7t[129, 130, 131, 132, 133, 134, 135]
  xsock       wss=  512 thp=never  rep14 cyc/acc=   18.28 hit%= 98.22 bw= 24.82 vcpu=[0] aw=7t[129, 130, 131, 132, 133, 134, 135]
  xsock       wss=  512 thp=never  rep15 cyc/acc=   17.67 hit%= 99.90 bw= 24.94 vcpu=[0] aw=7t[129, 130, 131, 132, 133, 134, 135]
  xsock       wss=  512 thp=never  rep16 cyc/acc=   18.23 hit%= 98.33 bw= 25.00 vcpu=[0] aw=7t[129, 130, 131, 132, 133, 134, 135]
  xsock       wss=  512 thp=never  rep17 cyc/acc=   17.67 hit%= 99.91 bw= 24.94 vcpu=[0] aw=7t[129, 130, 131, 132, 133, 134, 135]
  xsock       wss=  512 thp=never  rep18 cyc/acc=   18.63 hit%= 97.24 bw= 24.89 vcpu=[0] aw=7t[129, 130, 131, 132, 133, 134, 135]
  xsock       wss=  512 thp=never  rep19 cyc/acc=   17.66 hit%= 99.94 bw= 24.90 vcpu=[0] aw=7t[129, 130, 131, 132, 133, 134, 135]
  xsock       wss=  512 thp=never  rep20 cyc/acc=   18.25 hit%= 98.32 bw= 24.95 vcpu=[0] aw=7t[129, 130, 131, 132, 133, 134, 135]
  quiescent_b wss=  512 thp=never  rep 1 cyc/acc=   17.66 hit%= 99.94 bw=  0.00 vcpu=[0] aw=0t[]
  quiescent_b wss=  512 thp=never  rep 2 cyc/acc=   17.65 hit%= 99.95 bw=  0.00 vcpu=[0] aw=0t[]
  quiescent_b wss=  512 thp=never  rep 3 cyc/acc=   17.70 hit%= 99.82 bw=  0.00 vcpu=[0] aw=0t[]
  quiescent_b wss=  512 thp=never  rep 4 cyc/acc=   17.66 hit%= 99.93 bw=  0.00 vcpu=[0] aw=0t[]
  quiescent_b wss=  512 thp=never  rep 5 cyc/acc=   17.67 hit%= 99.92 bw=  0.00 vcpu=[0] aw=0t[]
  quiescent_b wss=  512 thp=never  rep 6 cyc/acc=   18.30 hit%= 98.16 bw=  0.00 vcpu=[0] aw=0t[]
  quiescent_b wss=  512 thp=never  rep 7 cyc/acc=   18.33 hit%= 98.08 bw=  0.00 vcpu=[0] aw=0t[]
  quiescent_b wss=  512 thp=never  rep 8 cyc/acc=   17.67 hit%= 99.90 bw=  0.00 vcpu=[0] aw=0t[]
  quiescent_b wss=  512 thp=never  rep 9 cyc/acc=   18.27 hit%= 98.25 bw=  0.00 vcpu=[0] aw=0t[]
  quiescent_b wss=  512 thp=never  rep10 cyc/acc=   17.66 hit%= 99.95 bw=  0.00 vcpu=[0] aw=0t[]
  quiescent_b wss=  512 thp=never  rep11 cyc/acc=   17.65 hit%= 99.96 bw=  0.00 vcpu=[0] aw=0t[]
  quiescent_b wss=  512 thp=never  rep12 cyc/acc=   17.66 hit%= 99.94 bw=  0.00 vcpu=[0] aw=0t[]
  quiescent_b wss=  512 thp=never  rep13 cyc/acc=   17.68 hit%= 99.90 bw=  0.00 vcpu=[0] aw=0t[]
  quiescent_b wss=  512 thp=never  rep14 cyc/acc=   17.68 hit%= 99.89 bw=  0.00 vcpu=[0] aw=0t[]
  quiescent_b wss=  512 thp=never  rep15 cyc/acc=   17.66 hit%= 99.94 bw=  0.00 vcpu=[0] aw=0t[]
  quiescent_b wss=  512 thp=never  rep16 cyc/acc=   17.65 hit%= 99.96 bw=  0.00 vcpu=[0] aw=0t[]
  quiescent_b wss=  512 thp=never  rep17 cyc/acc=   17.66 hit%= 99.96 bw=  0.00 vcpu=[0] aw=0t[]
  quiescent_b wss=  512 thp=never  rep18 cyc/acc=   17.71 hit%= 99.79 bw=  0.00 vcpu=[0] aw=0t[]
  quiescent_b wss=  512 thp=never  rep19 cyc/acc=   17.66 hit%= 99.95 bw=  0.00 vcpu=[0] aw=0t[]
  quiescent_b wss=  512 thp=never  rep20 cyc/acc=   17.66 hit%= 99.93 bw=  0.00 vcpu=[0] aw=0t[]
  quiescent_a wss= 4096 thp=never  rep 1 cyc/acc=   55.72 hit%= 11.26 bw=  0.00 vcpu=[0] aw=0t[]
  quiescent_a wss= 4096 thp=never  rep 2 cyc/acc=   54.96 hit%= 13.42 bw=  0.00 vcpu=[0] aw=0t[]
  quiescent_a wss= 4096 thp=never  rep 3 cyc/acc=   54.44 hit%= 14.88 bw=  0.00 vcpu=[0] aw=0t[]
  quiescent_a wss= 4096 thp=never  rep 4 cyc/acc=   55.20 hit%= 13.99 bw=  0.00 vcpu=[0] aw=0t[]
  quiescent_a wss= 4096 thp=never  rep 5 cyc/acc=   54.81 hit%= 13.84 bw=  0.00 vcpu=[0] aw=0t[]
  quiescent_a wss= 4096 thp=never  rep 6 cyc/acc=   56.32 hit%= 13.44 bw=  0.00 vcpu=[0] aw=0t[]
  quiescent_a wss= 4096 thp=never  rep 7 cyc/acc=   54.82 hit%= 13.82 bw=  0.00 vcpu=[0] aw=0t[]
  quiescent_a wss= 4096 thp=never  rep 8 cyc/acc=   55.46 hit%= 15.48 bw=  0.00 vcpu=[0] aw=0t[]
  quiescent_a wss= 4096 thp=never  rep 9 cyc/acc=   55.04 hit%= 14.97 bw=  0.00 vcpu=[0] aw=0t[]
  quiescent_a wss= 4096 thp=never  rep10 cyc/acc=   54.23 hit%= 15.46 bw=  0.00 vcpu=[0] aw=0t[]
  quiescent_a wss= 4096 thp=never  rep11 cyc/acc=   55.21 hit%= 12.80 bw=  0.00 vcpu=[0] aw=0t[]
  quiescent_a wss= 4096 thp=never  rep12 cyc/acc=   56.00 hit%= 10.51 bw=  0.00 vcpu=[0] aw=0t[]
  quiescent_a wss= 4096 thp=never  rep13 cyc/acc=   55.48 hit%= 15.45 bw=  0.00 vcpu=[0] aw=0t[]
  quiescent_a wss= 4096 thp=never  rep14 cyc/acc=   54.97 hit%= 13.40 bw=  0.00 vcpu=[0] aw=0t[]
  quiescent_a wss= 4096 thp=never  rep15 cyc/acc=   55.95 hit%= 14.32 bw=  0.00 vcpu=[0] aw=0t[]
  quiescent_a wss= 4096 thp=never  rep16 cyc/acc=   56.33 hit%= 13.40 bw=  0.00 vcpu=[0] aw=0t[]
  quiescent_a wss= 4096 thp=never  rep17 cyc/acc=   55.75 hit%= 11.23 bw=  0.00 vcpu=[0] aw=0t[]
  quiescent_a wss= 4096 thp=never  rep18 cyc/acc=   54.96 hit%= 13.43 bw=  0.00 vcpu=[0] aw=0t[]
  quiescent_a wss= 4096 thp=never  rep19 cyc/acc=   54.23 hit%= 15.48 bw=  0.00 vcpu=[0] aw=0t[]
  quiescent_a wss= 4096 thp=never  rep20 cyc/acc=   54.20 hit%= 15.54 bw=  0.00 vcpu=[0] aw=0t[]
  same        wss= 4096 thp=never  rep 1 cyc/acc= 1533.39 hit%=  0.01 bw= 24.79 vcpu=[0] aw=7t[1, 2, 3, 4, 5, 6, 7]
  same        wss= 4096 thp=never  rep 2 cyc/acc= 1530.03 hit%=  0.00 bw= 24.78 vcpu=[0] aw=7t[1, 2, 3, 4, 5, 6, 7]
  same        wss= 4096 thp=never  rep 3 cyc/acc= 1531.20 hit%=  0.01 bw= 24.68 vcpu=[0] aw=7t[1, 2, 3, 4, 5, 6, 7]
  same        wss= 4096 thp=never  rep 4 cyc/acc= 1534.32 hit%=  0.01 bw= 24.75 vcpu=[0] aw=7t[1, 2, 3, 4, 5, 6, 7]
  same        wss= 4096 thp=never  rep 5 cyc/acc= 1516.00 hit%=  0.00 bw= 24.83 vcpu=[0] aw=7t[1, 2, 3, 4, 5, 6, 7]
  same        wss= 4096 thp=never  rep 6 cyc/acc= 1526.57 hit%=  0.00 bw= 24.80 vcpu=[0] aw=7t[1, 2, 3, 4, 5, 6, 7]
  same        wss= 4096 thp=never  rep 7 cyc/acc= 1535.10 hit%=  0.01 bw= 24.79 vcpu=[0] aw=7t[1, 2, 3, 4, 5, 6, 7]
  same        wss= 4096 thp=never  rep 8 cyc/acc= 1526.79 hit%=  0.00 bw= 24.81 vcpu=[0] aw=7t[1, 2, 3, 4, 5, 6, 7]
  same        wss= 4096 thp=never  rep 9 cyc/acc= 1528.47 hit%=  0.00 bw= 24.82 vcpu=[0] aw=7t[1, 2, 3, 4, 5, 6, 7]
  same        wss= 4096 thp=never  rep10 cyc/acc= 1531.15 hit%=  0.00 bw= 24.81 vcpu=[0] aw=7t[1, 2, 3, 4, 5, 6, 7]
  same        wss= 4096 thp=never  rep11 cyc/acc= 1521.06 hit%=  0.00 bw= 24.79 vcpu=[0] aw=7t[1, 2, 3, 4, 5, 6, 7]
  same        wss= 4096 thp=never  rep12 cyc/acc= 1525.13 hit%=  0.00 bw= 24.73 vcpu=[0] aw=7t[1, 2, 3, 4, 5, 6, 7]
  same        wss= 4096 thp=never  rep13 cyc/acc= 1530.95 hit%=  0.01 bw= 24.77 vcpu=[0] aw=7t[1, 2, 3, 4, 5, 6, 7]
  same        wss= 4096 thp=never  rep14 cyc/acc= 1530.99 hit%=  0.00 bw= 24.78 vcpu=[0] aw=7t[1, 2, 3, 4, 5, 6, 7]
  same        wss= 4096 thp=never  rep15 cyc/acc= 1535.41 hit%=  0.00 bw= 24.77 vcpu=[0] aw=7t[1, 2, 3, 4, 5, 6, 7]
  same        wss= 4096 thp=never  rep16 cyc/acc= 1527.23 hit%=  0.00 bw= 24.81 vcpu=[0] aw=7t[1, 2, 3, 4, 5, 6, 7]
  same        wss= 4096 thp=never  rep17 cyc/acc= 1535.49 hit%=  0.00 bw= 24.72 vcpu=[0] aw=7t[1, 2, 3, 4, 5, 6, 7]
  same        wss= 4096 thp=never  rep18 cyc/acc= 1532.09 hit%=  0.00 bw= 24.74 vcpu=[0] aw=7t[1, 2, 3, 4, 5, 6, 7]
  same        wss= 4096 thp=never  rep19 cyc/acc= 1535.46 hit%=  0.01 bw= 24.73 vcpu=[0] aw=7t[1, 2, 3, 4, 5, 6, 7]
  same        wss= 4096 thp=never  rep20 cyc/acc= 1526.50 hit%=  0.01 bw= 24.76 vcpu=[0] aw=7t[1, 2, 3, 4, 5, 6, 7]
  other       wss= 4096 thp=never  rep 1 cyc/acc=   71.73 hit%=  0.00 bw= 24.79 vcpu=[0] aw=7t[9, 10, 11, 12, 13, 14, 15]
  other       wss= 4096 thp=never  rep 2 cyc/acc=   71.76 hit%=  0.00 bw= 24.80 vcpu=[0] aw=7t[9, 10, 11, 12, 13, 14, 15]
  other       wss= 4096 thp=never  rep 3 cyc/acc=   64.99 hit%=  5.70 bw= 24.83 vcpu=[0] aw=7t[9, 10, 11, 12, 13, 14, 15]
  other       wss= 4096 thp=never  rep 4 cyc/acc=   71.71 hit%=  0.00 bw= 24.85 vcpu=[0] aw=7t[9, 10, 11, 12, 13, 14, 15]
  other       wss= 4096 thp=never  rep 5 cyc/acc=   71.92 hit%=  0.00 bw= 24.76 vcpu=[0] aw=7t[9, 10, 11, 12, 13, 14, 15]
  other       wss= 4096 thp=never  rep 6 cyc/acc=   71.82 hit%=  0.00 bw= 24.81 vcpu=[0] aw=7t[9, 10, 11, 12, 13, 14, 15]
  other       wss= 4096 thp=never  rep 7 cyc/acc=   71.78 hit%=  0.00 bw= 24.80 vcpu=[0] aw=7t[9, 10, 11, 12, 13, 14, 15]
  other       wss= 4096 thp=never  rep 8 cyc/acc=   71.91 hit%=  0.00 bw= 24.81 vcpu=[0] aw=7t[9, 10, 11, 12, 13, 14, 15]
  other       wss= 4096 thp=never  rep 9 cyc/acc=   71.87 hit%=  0.00 bw= 24.77 vcpu=[0] aw=7t[9, 10, 11, 12, 13, 14, 15]
  other       wss= 4096 thp=never  rep10 cyc/acc=   71.70 hit%=  0.00 bw= 24.78 vcpu=[0] aw=7t[9, 10, 11, 12, 13, 14, 15]
  other       wss= 4096 thp=never  rep11 cyc/acc=   55.45 hit%= 14.50 bw= 24.80 vcpu=[0] aw=7t[9, 10, 11, 12, 13, 14, 15]
  other       wss= 4096 thp=never  rep12 cyc/acc=   71.58 hit%=  0.00 bw= 24.87 vcpu=[0] aw=7t[9, 10, 11, 12, 13, 14, 15]
  other       wss= 4096 thp=never  rep13 cyc/acc=   72.16 hit%=  0.00 bw= 24.77 vcpu=[0] aw=7t[9, 10, 11, 12, 13, 14, 15]
  other       wss= 4096 thp=never  rep14 cyc/acc=   71.74 hit%=  0.00 bw= 24.81 vcpu=[0] aw=7t[9, 10, 11, 12, 13, 14, 15]
  other       wss= 4096 thp=never  rep15 cyc/acc=   72.05 hit%=  0.00 bw= 24.76 vcpu=[0] aw=7t[9, 10, 11, 12, 13, 14, 15]
  other       wss= 4096 thp=never  rep16 cyc/acc=   71.78 hit%=  0.00 bw= 24.80 vcpu=[0] aw=7t[9, 10, 11, 12, 13, 14, 15]
  other       wss= 4096 thp=never  rep17 cyc/acc=   71.66 hit%=  0.00 bw= 24.84 vcpu=[0] aw=7t[9, 10, 11, 12, 13, 14, 15]
  other       wss= 4096 thp=never  rep18 cyc/acc=   71.88 hit%=  0.00 bw= 24.77 vcpu=[0] aw=7t[9, 10, 11, 12, 13, 14, 15]
  other       wss= 4096 thp=never  rep19 cyc/acc=   68.49 hit%=  2.91 bw= 24.84 vcpu=[0] aw=7t[9, 10, 11, 12, 13, 14, 15]
  other       wss= 4096 thp=never  rep20 cyc/acc=   71.94 hit%=  0.00 bw= 24.78 vcpu=[0] aw=7t[9, 10, 11, 12, 13, 14, 15]
  xsock       wss= 4096 thp=never  rep 1 cyc/acc=   54.38 hit%= 14.97 bw= 24.94 vcpu=[0] aw=7t[129, 130, 131, 132, 133, 134, 135]
  xsock       wss= 4096 thp=never  rep 2 cyc/acc=   54.23 hit%= 15.40 bw= 24.85 vcpu=[0] aw=7t[129, 130, 131, 132, 133, 134, 135]
  xsock       wss= 4096 thp=never  rep 3 cyc/acc=   55.73 hit%= 11.19 bw= 24.93 vcpu=[0] aw=7t[129, 130, 131, 132, 133, 134, 135]
  xsock       wss= 4096 thp=never  rep 4 cyc/acc=   55.18 hit%= 12.72 bw= 24.84 vcpu=[0] aw=7t[129, 130, 131, 132, 133, 134, 135]
  xsock       wss= 4096 thp=never  rep 5 cyc/acc=   54.62 hit%= 14.31 bw= 24.96 vcpu=[0] aw=7t[129, 130, 131, 132, 133, 134, 135]
  xsock       wss= 4096 thp=never  rep 6 cyc/acc=   54.22 hit%= 15.39 bw= 24.93 vcpu=[0] aw=7t[129, 130, 131, 132, 133, 134, 135]
  xsock       wss= 4096 thp=never  rep 7 cyc/acc=   54.29 hit%= 15.20 bw= 24.90 vcpu=[0] aw=7t[129, 130, 131, 132, 133, 134, 135]
  xsock       wss= 4096 thp=never  rep 8 cyc/acc=   56.53 hit%= 12.85 bw= 24.92 vcpu=[0] aw=7t[129, 130, 131, 132, 133, 134, 135]
  xsock       wss= 4096 thp=never  rep 9 cyc/acc=   54.37 hit%= 14.99 bw= 24.85 vcpu=[0] aw=7t[129, 130, 131, 132, 133, 134, 135]
  xsock       wss= 4096 thp=never  rep10 cyc/acc=   54.94 hit%= 13.39 bw= 24.91 vcpu=[0] aw=7t[129, 130, 131, 132, 133, 134, 135]
  xsock       wss= 4096 thp=never  rep11 cyc/acc=   55.41 hit%= 15.52 bw= 24.89 vcpu=[0] aw=7t[129, 130, 131, 132, 133, 134, 135]
  xsock       wss= 4096 thp=never  rep12 cyc/acc=   55.21 hit%= 12.60 bw= 24.81 vcpu=[0] aw=7t[129, 130, 131, 132, 133, 134, 135]
  xsock       wss= 4096 thp=never  rep13 cyc/acc=   54.89 hit%= 13.52 bw= 24.92 vcpu=[0] aw=7t[129, 130, 131, 132, 133, 134, 135]
  xsock       wss= 4096 thp=never  rep14 cyc/acc=   54.90 hit%= 13.49 bw= 24.86 vcpu=[0] aw=7t[129, 130, 131, 132, 133, 134, 135]
  xsock       wss= 4096 thp=never  rep15 cyc/acc=   54.63 hit%= 15.33 bw= 24.94 vcpu=[0] aw=7t[129, 130, 131, 132, 133, 134, 135]
  xsock       wss= 4096 thp=never  rep16 cyc/acc=   54.17 hit%= 15.54 bw= 24.96 vcpu=[0] aw=7t[129, 130, 131, 132, 133, 134, 135]
  xsock       wss= 4096 thp=never  rep17 cyc/acc=   54.25 hit%= 15.29 bw= 24.89 vcpu=[0] aw=7t[129, 130, 131, 132, 133, 134, 135]
  xsock       wss= 4096 thp=never  rep18 cyc/acc=   56.36 hit%= 13.43 bw= 24.92 vcpu=[0] aw=7t[129, 130, 131, 132, 133, 134, 135]
  xsock       wss= 4096 thp=never  rep19 cyc/acc=   54.63 hit%= 14.31 bw= 24.84 vcpu=[0] aw=7t[129, 130, 131, 132, 133, 134, 135]
  xsock       wss= 4096 thp=never  rep20 cyc/acc=   56.54 hit%= 12.86 bw= 24.96 vcpu=[0] aw=7t[129, 130, 131, 132, 133, 134, 135]
  quiescent_b wss= 4096 thp=never  rep 1 cyc/acc=   54.49 hit%= 14.84 bw=  0.00 vcpu=[0] aw=0t[]
  quiescent_b wss= 4096 thp=never  rep 2 cyc/acc=   54.68 hit%= 14.27 bw=  0.00 vcpu=[0] aw=0t[]
  quiescent_b wss= 4096 thp=never  rep 3 cyc/acc=   55.94 hit%= 14.34 bw=  0.00 vcpu=[0] aw=0t[]
  quiescent_b wss= 4096 thp=never  rep 4 cyc/acc=   56.34 hit%= 13.40 bw=  0.00 vcpu=[0] aw=0t[]
  quiescent_b wss= 4096 thp=never  rep 5 cyc/acc=   54.22 hit%= 15.50 bw=  0.00 vcpu=[0] aw=0t[]
  quiescent_b wss= 4096 thp=never  rep 6 cyc/acc=   54.85 hit%= 13.75 bw=  0.00 vcpu=[0] aw=0t[]
  quiescent_b wss= 4096 thp=never  rep 7 cyc/acc=   55.36 hit%= 12.31 bw=  0.00 vcpu=[0] aw=0t[]
  quiescent_b wss= 4096 thp=never  rep 8 cyc/acc=   55.36 hit%= 12.31 bw=  0.00 vcpu=[0] aw=0t[]
  quiescent_b wss= 4096 thp=never  rep 9 cyc/acc=   54.22 hit%= 15.49 bw=  0.00 vcpu=[0] aw=0t[]
  quiescent_b wss= 4096 thp=never  rep10 cyc/acc=   55.37 hit%= 12.28 bw=  0.00 vcpu=[0] aw=0t[]
  quiescent_b wss= 4096 thp=never  rep11 cyc/acc=   54.23 hit%= 15.50 bw=  0.00 vcpu=[0] aw=0t[]
  quiescent_b wss= 4096 thp=never  rep12 cyc/acc=   54.66 hit%= 14.29 bw=  0.00 vcpu=[0] aw=0t[]
  quiescent_b wss= 4096 thp=never  rep13 cyc/acc=   54.27 hit%= 15.37 bw=  0.00 vcpu=[0] aw=0t[]
  quiescent_b wss= 4096 thp=never  rep14 cyc/acc=   54.64 hit%= 14.32 bw=  0.00 vcpu=[0] aw=0t[]
  quiescent_b wss= 4096 thp=never  rep15 cyc/acc=   56.56 hit%= 12.90 bw=  0.00 vcpu=[0] aw=0t[]
  quiescent_b wss= 4096 thp=never  rep16 cyc/acc=   54.99 hit%= 13.35 bw=  0.00 vcpu=[0] aw=0t[]
  quiescent_b wss= 4096 thp=never  rep17 cyc/acc=   56.42 hit%= 13.22 bw=  0.00 vcpu=[0] aw=0t[]
  quiescent_b wss= 4096 thp=never  rep18 cyc/acc=   54.60 hit%= 14.45 bw=  0.00 vcpu=[0] aw=0t[]
  quiescent_b wss= 4096 thp=never  rep19 cyc/acc=   54.67 hit%= 14.25 bw=  0.00 vcpu=[0] aw=0t[]
  quiescent_b wss= 4096 thp=never  rep20 cyc/acc=   55.51 hit%= 15.38 bw=  0.00 vcpu=[0] aw=0t[]
== THP requested=always readback=always ==
  quiescent_a wss=  512 thp=always rep 1 cyc/acc=   19.20 hit%= 95.69 bw=  0.00 vcpu=[0] aw=0t[]
  quiescent_a wss=  512 thp=always rep 2 cyc/acc=   17.65 hit%= 99.96 bw=  0.00 vcpu=[0] aw=0t[]
  quiescent_a wss=  512 thp=always rep 3 cyc/acc=   19.27 hit%= 95.49 bw=  0.00 vcpu=[0] aw=0t[]
  quiescent_a wss=  512 thp=always rep 4 cyc/acc=   17.67 hit%= 99.91 bw=  0.00 vcpu=[0] aw=0t[]
  quiescent_a wss=  512 thp=always rep 5 cyc/acc=   18.66 hit%= 97.17 bw=  0.00 vcpu=[0] aw=0t[]
  quiescent_a wss=  512 thp=always rep 6 cyc/acc=   17.72 hit%= 99.79 bw=  0.00 vcpu=[0] aw=0t[]
  quiescent_a wss=  512 thp=always rep 7 cyc/acc=   18.48 hit%= 97.66 bw=  0.00 vcpu=[0] aw=0t[]
  quiescent_a wss=  512 thp=always rep 8 cyc/acc=   17.66 hit%= 99.95 bw=  0.00 vcpu=[0] aw=0t[]
  quiescent_a wss=  512 thp=always rep 9 cyc/acc=   19.32 hit%= 95.34 bw=  0.00 vcpu=[0] aw=0t[]
  quiescent_a wss=  512 thp=always rep10 cyc/acc=   17.74 hit%= 99.70 bw=  0.00 vcpu=[0] aw=0t[]
  quiescent_a wss=  512 thp=always rep11 cyc/acc=   20.77 hit%= 91.37 bw=  0.00 vcpu=[0] aw=0t[]
  quiescent_a wss=  512 thp=always rep12 cyc/acc=   17.67 hit%= 99.92 bw=  0.00 vcpu=[0] aw=0t[]
  quiescent_a wss=  512 thp=always rep13 cyc/acc=   20.47 hit%= 92.11 bw=  0.00 vcpu=[0] aw=0t[]
  quiescent_a wss=  512 thp=always rep14 cyc/acc=   18.28 hit%= 98.24 bw=  0.00 vcpu=[0] aw=0t[]
  quiescent_a wss=  512 thp=always rep15 cyc/acc=   18.71 hit%= 97.11 bw=  0.00 vcpu=[0] aw=0t[]
  quiescent_a wss=  512 thp=always rep16 cyc/acc=   17.68 hit%= 99.88 bw=  0.00 vcpu=[0] aw=0t[]
  quiescent_a wss=  512 thp=always rep17 cyc/acc=   18.73 hit%= 96.98 bw=  0.00 vcpu=[0] aw=0t[]
  quiescent_a wss=  512 thp=always rep18 cyc/acc=   18.67 hit%= 97.13 bw=  0.00 vcpu=[0] aw=0t[]
  quiescent_a wss=  512 thp=always rep19 cyc/acc=   17.79 hit%= 99.61 bw=  0.00 vcpu=[0] aw=0t[]
  quiescent_a wss=  512 thp=always rep20 cyc/acc=   17.66 hit%= 99.94 bw=  0.00 vcpu=[0] aw=0t[]
  same        wss=  512 thp=always rep 1 cyc/acc=   32.86 hit%= 97.00 bw= 24.29 vcpu=[0] aw=7t[1, 2, 3, 4, 5, 6, 7]
  same        wss=  512 thp=always rep 2 cyc/acc=   33.88 hit%= 96.76 bw= 24.24 vcpu=[0] aw=7t[1, 2, 3, 4, 5, 6, 7]
  same        wss=  512 thp=always rep 3 cyc/acc=   33.77 hit%= 96.85 bw= 24.32 vcpu=[0] aw=7t[1, 2, 3, 4, 5, 6, 7]
  same        wss=  512 thp=always rep 4 cyc/acc=   34.62 hit%= 96.68 bw= 24.22 vcpu=[0] aw=7t[1, 2, 3, 4, 5, 6, 7]
  same        wss=  512 thp=always rep 5 cyc/acc=   20.20 hit%= 99.64 bw= 24.31 vcpu=[0] aw=7t[1, 2, 3, 4, 5, 6, 7]
  same        wss=  512 thp=always rep 6 cyc/acc=   18.86 hit%= 99.89 bw= 24.30 vcpu=[0] aw=7t[1, 2, 3, 4, 5, 6, 7]
  same        wss=  512 thp=always rep 7 cyc/acc=   32.97 hit%= 96.98 bw= 24.21 vcpu=[0] aw=7t[1, 2, 3, 4, 5, 6, 7]
  same        wss=  512 thp=always rep 8 cyc/acc=   19.27 hit%= 99.79 bw= 24.24 vcpu=[0] aw=7t[1, 2, 3, 4, 5, 6, 7]
  same        wss=  512 thp=always rep 9 cyc/acc=   19.22 hit%= 99.82 bw= 24.18 vcpu=[0] aw=7t[1, 2, 3, 4, 5, 6, 7]
  same        wss=  512 thp=always rep10 cyc/acc=   34.21 hit%= 96.75 bw= 24.23 vcpu=[0] aw=7t[1, 2, 3, 4, 5, 6, 7]
  same        wss=  512 thp=always rep11 cyc/acc=   34.38 hit%= 96.69 bw= 24.23 vcpu=[0] aw=7t[1, 2, 3, 4, 5, 6, 7]
  same        wss=  512 thp=always rep12 cyc/acc=   47.76 hit%= 93.72 bw= 24.22 vcpu=[0] aw=7t[1, 2, 3, 4, 5, 6, 7]
  same        wss=  512 thp=always rep13 cyc/acc=   20.84 hit%= 99.55 bw= 24.23 vcpu=[0] aw=7t[1, 2, 3, 4, 5, 6, 7]
  same        wss=  512 thp=always rep14 cyc/acc=   18.85 hit%= 99.88 bw= 24.17 vcpu=[0] aw=7t[1, 2, 3, 4, 5, 6, 7]
  same        wss=  512 thp=always rep15 cyc/acc=   32.95 hit%= 97.01 bw= 24.27 vcpu=[0] aw=7t[1, 2, 3, 4, 5, 6, 7]
  same        wss=  512 thp=always rep16 cyc/acc=   42.51 hit%= 94.87 bw= 24.29 vcpu=[0] aw=7t[1, 2, 3, 4, 5, 6, 7]
  same        wss=  512 thp=always rep17 cyc/acc=   33.49 hit%= 96.87 bw= 24.31 vcpu=[0] aw=7t[1, 2, 3, 4, 5, 6, 7]
  same        wss=  512 thp=always rep18 cyc/acc=   33.30 hit%= 96.94 bw= 24.24 vcpu=[0] aw=7t[1, 2, 3, 4, 5, 6, 7]
  same        wss=  512 thp=always rep19 cyc/acc=   34.62 hit%= 96.60 bw= 24.24 vcpu=[0] aw=7t[1, 2, 3, 4, 5, 6, 7]
  same        wss=  512 thp=always rep20 cyc/acc=   64.82 hit%= 89.89 bw= 24.33 vcpu=[0] aw=7t[1, 2, 3, 4, 5, 6, 7]
  other       wss=  512 thp=always rep 1 cyc/acc=   18.21 hit%= 99.63 bw= 24.24 vcpu=[0] aw=7t[9, 10, 11, 12, 13, 14, 15]
  other       wss=  512 thp=always rep 2 cyc/acc=   18.19 hit%= 99.69 bw= 24.26 vcpu=[0] aw=7t[9, 10, 11, 12, 13, 14, 15]
  other       wss=  512 thp=always rep 3 cyc/acc=   18.12 hit%= 99.88 bw= 24.27 vcpu=[0] aw=7t[9, 10, 11, 12, 13, 14, 15]
  other       wss=  512 thp=always rep 4 cyc/acc=   18.10 hit%= 99.93 bw= 24.26 vcpu=[0] aw=7t[9, 10, 11, 12, 13, 14, 15]
  other       wss=  512 thp=always rep 5 cyc/acc=   18.18 hit%= 99.69 bw= 24.21 vcpu=[0] aw=7t[9, 10, 11, 12, 13, 14, 15]
  other       wss=  512 thp=always rep 6 cyc/acc=   18.11 hit%= 99.92 bw= 24.29 vcpu=[0] aw=7t[9, 10, 11, 12, 13, 14, 15]
  other       wss=  512 thp=always rep 7 cyc/acc=   20.95 hit%= 92.13 bw= 24.30 vcpu=[0] aw=7t[9, 10, 11, 12, 13, 14, 15]
  other       wss=  512 thp=always rep 8 cyc/acc=   19.19 hit%= 96.97 bw= 24.20 vcpu=[0] aw=7t[9, 10, 11, 12, 13, 14, 15]
  other       wss=  512 thp=always rep 9 cyc/acc=   19.95 hit%= 93.99 bw= 24.22 vcpu=[0] aw=7t[9, 10, 11, 12, 13, 14, 15]
  other       wss=  512 thp=always rep10 cyc/acc=   17.86 hit%= 99.88 bw= 24.25 vcpu=[0] aw=7t[9, 10, 11, 12, 13, 14, 15]
  other       wss=  512 thp=always rep11 cyc/acc=   22.13 hit%= 88.96 bw= 24.24 vcpu=[0] aw=7t[9, 10, 11, 12, 13, 14, 15]
  other       wss=  512 thp=always rep12 cyc/acc=   19.24 hit%= 96.86 bw= 24.21 vcpu=[0] aw=7t[9, 10, 11, 12, 13, 14, 15]
  other       wss=  512 thp=always rep13 cyc/acc=   22.52 hit%= 87.85 bw= 24.25 vcpu=[0] aw=7t[9, 10, 11, 12, 13, 14, 15]
  other       wss=  512 thp=always rep14 cyc/acc=   18.11 hit%= 99.92 bw= 24.19 vcpu=[0] aw=7t[9, 10, 11, 12, 13, 14, 15]
  other       wss=  512 thp=always rep15 cyc/acc=   19.21 hit%= 96.93 bw= 24.25 vcpu=[0] aw=7t[9, 10, 11, 12, 13, 14, 15]
  other       wss=  512 thp=always rep16 cyc/acc=   18.06 hit%= 99.84 bw= 24.25 vcpu=[0] aw=7t[9, 10, 11, 12, 13, 14, 15]
  other       wss=  512 thp=always rep17 cyc/acc=   19.20 hit%= 96.93 bw= 24.24 vcpu=[0] aw=7t[9, 10, 11, 12, 13, 14, 15]
  other       wss=  512 thp=always rep18 cyc/acc=   19.24 hit%= 96.86 bw= 24.24 vcpu=[0] aw=7t[9, 10, 11, 12, 13, 14, 15]
  other       wss=  512 thp=always rep19 cyc/acc=   18.15 hit%= 99.82 bw= 24.19 vcpu=[0] aw=7t[9, 10, 11, 12, 13, 14, 15]
  other       wss=  512 thp=always rep20 cyc/acc=   18.12 hit%= 99.92 bw= 24.18 vcpu=[0] aw=7t[9, 10, 11, 12, 13, 14, 15]
  xsock       wss=  512 thp=always rep 1 cyc/acc=   17.68 hit%= 99.88 bw= 24.43 vcpu=[0] aw=7t[129, 130, 131, 132, 133, 134, 135]
  xsock       wss=  512 thp=always rep 2 cyc/acc=   17.68 hit%= 99.87 bw= 24.35 vcpu=[0] aw=7t[129, 130, 131, 132, 133, 134, 135]
  xsock       wss=  512 thp=always rep 3 cyc/acc=   17.66 hit%= 99.95 bw= 24.39 vcpu=[0] aw=7t[129, 130, 131, 132, 133, 134, 135]
  xsock       wss=  512 thp=always rep 4 cyc/acc=   17.66 hit%= 99.93 bw= 24.38 vcpu=[0] aw=7t[129, 130, 131, 132, 133, 134, 135]
  xsock       wss=  512 thp=always rep 5 cyc/acc=   17.69 hit%= 99.88 bw= 24.37 vcpu=[0] aw=7t[129, 130, 131, 132, 133, 134, 135]
  xsock       wss=  512 thp=always rep 6 cyc/acc=   18.30 hit%= 98.18 bw= 24.35 vcpu=[0] aw=7t[129, 130, 131, 132, 133, 134, 135]
  xsock       wss=  512 thp=always rep 7 cyc/acc=   17.66 hit%= 99.94 bw= 24.37 vcpu=[0] aw=7t[129, 130, 131, 132, 133, 134, 135]
  xsock       wss=  512 thp=always rep 8 cyc/acc=   17.65 hit%= 99.96 bw= 24.38 vcpu=[0] aw=7t[129, 130, 131, 132, 133, 134, 135]
  xsock       wss=  512 thp=always rep 9 cyc/acc=   17.66 hit%= 99.94 bw= 24.38 vcpu=[0] aw=7t[129, 130, 131, 132, 133, 134, 135]
  xsock       wss=  512 thp=always rep10 cyc/acc=   17.66 hit%= 99.94 bw= 24.30 vcpu=[0] aw=7t[129, 130, 131, 132, 133, 134, 135]
  xsock       wss=  512 thp=always rep11 cyc/acc=   18.21 hit%= 98.40 bw= 24.40 vcpu=[0] aw=7t[129, 130, 131, 132, 133, 134, 135]
  xsock       wss=  512 thp=always rep12 cyc/acc=   18.22 hit%= 98.38 bw= 24.34 vcpu=[0] aw=7t[129, 130, 131, 132, 133, 134, 135]
  xsock       wss=  512 thp=always rep13 cyc/acc=   17.68 hit%= 99.88 bw= 24.39 vcpu=[0] aw=7t[129, 130, 131, 132, 133, 134, 135]
  xsock       wss=  512 thp=always rep14 cyc/acc=   17.68 hit%= 99.89 bw= 24.36 vcpu=[0] aw=7t[129, 130, 131, 132, 133, 134, 135]
  xsock       wss=  512 thp=always rep15 cyc/acc=   17.66 hit%= 99.93 bw= 24.40 vcpu=[0] aw=7t[129, 130, 131, 132, 133, 134, 135]
  xsock       wss=  512 thp=always rep16 cyc/acc=   18.66 hit%= 97.13 bw= 24.34 vcpu=[0] aw=7t[129, 130, 131, 132, 133, 134, 135]
  xsock       wss=  512 thp=always rep17 cyc/acc=   18.26 hit%= 98.29 bw= 24.39 vcpu=[0] aw=7t[129, 130, 131, 132, 133, 134, 135]
  xsock       wss=  512 thp=always rep18 cyc/acc=   17.65 hit%= 99.96 bw= 24.40 vcpu=[0] aw=7t[129, 130, 131, 132, 133, 134, 135]
  xsock       wss=  512 thp=always rep19 cyc/acc=   18.74 hit%= 96.97 bw= 24.36 vcpu=[0] aw=7t[129, 130, 131, 132, 133, 134, 135]
  xsock       wss=  512 thp=always rep20 cyc/acc=   17.66 hit%= 99.95 bw= 24.37 vcpu=[0] aw=7t[129, 130, 131, 132, 133, 134, 135]
  quiescent_b wss=  512 thp=always rep 1 cyc/acc=   19.05 hit%= 96.10 bw=  0.00 vcpu=[0] aw=0t[]
  quiescent_b wss=  512 thp=always rep 2 cyc/acc=   17.77 hit%= 99.64 bw=  0.00 vcpu=[0] aw=0t[]
  quiescent_b wss=  512 thp=always rep 3 cyc/acc=   17.71 hit%= 99.82 bw=  0.00 vcpu=[0] aw=0t[]
  quiescent_b wss=  512 thp=always rep 4 cyc/acc=   17.68 hit%= 99.87 bw=  0.00 vcpu=[0] aw=0t[]
  quiescent_b wss=  512 thp=always rep 5 cyc/acc=   17.69 hit%= 99.88 bw=  0.00 vcpu=[0] aw=0t[]
  quiescent_b wss=  512 thp=always rep 6 cyc/acc=   17.66 hit%= 99.92 bw=  0.00 vcpu=[0] aw=0t[]
  quiescent_b wss=  512 thp=always rep 7 cyc/acc=   19.49 hit%= 94.88 bw=  0.00 vcpu=[0] aw=0t[]
  quiescent_b wss=  512 thp=always rep 8 cyc/acc=   18.23 hit%= 98.35 bw=  0.00 vcpu=[0] aw=0t[]
  quiescent_b wss=  512 thp=always rep 9 cyc/acc=   17.66 hit%= 99.95 bw=  0.00 vcpu=[0] aw=0t[]
  quiescent_b wss=  512 thp=always rep10 cyc/acc=   18.39 hit%= 97.92 bw=  0.00 vcpu=[0] aw=0t[]
  quiescent_b wss=  512 thp=always rep11 cyc/acc=   19.31 hit%= 95.35 bw=  0.00 vcpu=[0] aw=0t[]
  quiescent_b wss=  512 thp=always rep12 cyc/acc=   17.68 hit%= 99.89 bw=  0.00 vcpu=[0] aw=0t[]
  quiescent_b wss=  512 thp=always rep13 cyc/acc=   17.67 hit%= 99.90 bw=  0.00 vcpu=[0] aw=0t[]
  quiescent_b wss=  512 thp=always rep14 cyc/acc=   19.01 hit%= 96.26 bw=  0.00 vcpu=[0] aw=0t[]
  quiescent_b wss=  512 thp=always rep15 cyc/acc=   18.93 hit%= 96.42 bw=  0.00 vcpu=[0] aw=0t[]
  quiescent_b wss=  512 thp=always rep16 cyc/acc=   18.67 hit%= 97.16 bw=  0.00 vcpu=[0] aw=0t[]
  quiescent_b wss=  512 thp=always rep17 cyc/acc=   17.73 hit%= 99.76 bw=  0.00 vcpu=[0] aw=0t[]
  quiescent_b wss=  512 thp=always rep18 cyc/acc=   17.67 hit%= 99.93 bw=  0.00 vcpu=[0] aw=0t[]
  quiescent_b wss=  512 thp=always rep19 cyc/acc=   18.31 hit%= 98.16 bw=  0.00 vcpu=[0] aw=0t[]
  quiescent_b wss=  512 thp=always rep20 cyc/acc=   17.67 hit%= 99.91 bw=  0.00 vcpu=[0] aw=0t[]
  quiescent_a wss= 4096 thp=always rep 1 cyc/acc=   46.41 hit%= 15.49 bw=  0.00 vcpu=[0] aw=0t[]
  quiescent_a wss= 4096 thp=always rep 2 cyc/acc=   47.67 hit%= 15.05 bw=  0.00 vcpu=[0] aw=0t[]
  quiescent_a wss= 4096 thp=always rep 3 cyc/acc=   46.42 hit%= 15.48 bw=  0.00 vcpu=[0] aw=0t[]
  quiescent_a wss= 4096 thp=always rep 4 cyc/acc=   47.68 hit%= 15.03 bw=  0.00 vcpu=[0] aw=0t[]
  quiescent_a wss= 4096 thp=always rep 5 cyc/acc=   46.41 hit%= 15.49 bw=  0.00 vcpu=[0] aw=0t[]
  quiescent_a wss= 4096 thp=always rep 6 cyc/acc=   47.67 hit%= 15.05 bw=  0.00 vcpu=[0] aw=0t[]
  quiescent_a wss= 4096 thp=always rep 7 cyc/acc=   46.42 hit%= 15.48 bw=  0.00 vcpu=[0] aw=0t[]
  quiescent_a wss= 4096 thp=always rep 8 cyc/acc=   47.67 hit%= 15.05 bw=  0.00 vcpu=[0] aw=0t[]
  quiescent_a wss= 4096 thp=always rep 9 cyc/acc=   46.41 hit%= 15.49 bw=  0.00 vcpu=[0] aw=0t[]
  quiescent_a wss= 4096 thp=always rep10 cyc/acc=   47.67 hit%= 15.04 bw=  0.00 vcpu=[0] aw=0t[]
  quiescent_a wss= 4096 thp=always rep11 cyc/acc=   46.42 hit%= 15.48 bw=  0.00 vcpu=[0] aw=0t[]
  quiescent_a wss= 4096 thp=always rep12 cyc/acc=   47.68 hit%= 15.03 bw=  0.00 vcpu=[0] aw=0t[]
  quiescent_a wss= 4096 thp=always rep13 cyc/acc=   46.41 hit%= 15.48 bw=  0.00 vcpu=[0] aw=0t[]
  quiescent_a wss= 4096 thp=always rep14 cyc/acc=   47.67 hit%= 15.05 bw=  0.00 vcpu=[0] aw=0t[]
  quiescent_a wss= 4096 thp=always rep15 cyc/acc=   46.42 hit%= 15.49 bw=  0.00 vcpu=[0] aw=0t[]
  quiescent_a wss= 4096 thp=always rep16 cyc/acc=   48.55 hit%= 12.91 bw=  0.00 vcpu=[0] aw=0t[]
  quiescent_a wss= 4096 thp=always rep17 cyc/acc=   46.41 hit%= 15.49 bw=  0.00 vcpu=[0] aw=0t[]
  quiescent_a wss= 4096 thp=always rep18 cyc/acc=   47.66 hit%= 15.05 bw=  0.00 vcpu=[0] aw=0t[]
  quiescent_a wss= 4096 thp=always rep19 cyc/acc=   46.40 hit%= 15.48 bw=  0.00 vcpu=[0] aw=0t[]
  quiescent_a wss= 4096 thp=always rep20 cyc/acc=   47.66 hit%= 15.03 bw=  0.00 vcpu=[0] aw=0t[]
  same        wss= 4096 thp=always rep 1 cyc/acc= 1470.27 hit%=  0.00 bw= 24.21 vcpu=[0] aw=7t[1, 2, 3, 4, 5, 6, 7]
  same        wss= 4096 thp=always rep 2 cyc/acc= 1464.38 hit%=  0.00 bw= 24.25 vcpu=[0] aw=7t[1, 2, 3, 4, 5, 6, 7]
  same        wss= 4096 thp=always rep 3 cyc/acc= 1463.70 hit%=  0.00 bw= 24.27 vcpu=[0] aw=7t[1, 2, 3, 4, 5, 6, 7]
  same        wss= 4096 thp=always rep 4 cyc/acc= 1466.93 hit%=  0.00 bw= 24.26 vcpu=[0] aw=7t[1, 2, 3, 4, 5, 6, 7]
  same        wss= 4096 thp=always rep 5 cyc/acc= 1467.56 hit%=  0.00 bw= 24.24 vcpu=[0] aw=7t[1, 2, 3, 4, 5, 6, 7]
  same        wss= 4096 thp=always rep 6 cyc/acc= 1462.78 hit%=  0.00 bw= 24.24 vcpu=[0] aw=7t[1, 2, 3, 4, 5, 6, 7]
  same        wss= 4096 thp=always rep 7 cyc/acc= 1458.57 hit%=  0.00 bw= 24.34 vcpu=[0] aw=7t[1, 2, 3, 4, 5, 6, 7]
  same        wss= 4096 thp=always rep 8 cyc/acc= 1461.91 hit%=  0.01 bw= 24.26 vcpu=[0] aw=7t[1, 2, 3, 4, 5, 6, 7]
  same        wss= 4096 thp=always rep 9 cyc/acc= 1465.09 hit%=  0.00 bw= 24.35 vcpu=[0] aw=7t[1, 2, 3, 4, 5, 6, 7]
  same        wss= 4096 thp=always rep10 cyc/acc= 1465.45 hit%=  0.00 bw= 24.32 vcpu=[0] aw=7t[1, 2, 3, 4, 5, 6, 7]
  same        wss= 4096 thp=always rep11 cyc/acc= 1467.73 hit%=  0.00 bw= 24.27 vcpu=[0] aw=7t[1, 2, 3, 4, 5, 6, 7]
  same        wss= 4096 thp=always rep12 cyc/acc= 1461.27 hit%=  0.00 bw= 24.26 vcpu=[0] aw=7t[1, 2, 3, 4, 5, 6, 7]
  same        wss= 4096 thp=always rep13 cyc/acc= 1464.51 hit%=  0.00 bw= 24.26 vcpu=[0] aw=7t[1, 2, 3, 4, 5, 6, 7]
  same        wss= 4096 thp=always rep14 cyc/acc= 1469.16 hit%=  0.00 bw= 24.22 vcpu=[0] aw=7t[1, 2, 3, 4, 5, 6, 7]
  same        wss= 4096 thp=always rep15 cyc/acc= 1465.94 hit%=  0.00 bw= 24.27 vcpu=[0] aw=7t[1, 2, 3, 4, 5, 6, 7]
  same        wss= 4096 thp=always rep16 cyc/acc= 1470.33 hit%=  0.00 bw= 24.23 vcpu=[0] aw=7t[1, 2, 3, 4, 5, 6, 7]
  same        wss= 4096 thp=always rep17 cyc/acc= 1465.53 hit%=  0.00 bw= 24.29 vcpu=[0] aw=7t[1, 2, 3, 4, 5, 6, 7]
  same        wss= 4096 thp=always rep18 cyc/acc= 1462.08 hit%=  0.00 bw= 24.21 vcpu=[0] aw=7t[1, 2, 3, 4, 5, 6, 7]
  same        wss= 4096 thp=always rep19 cyc/acc= 1471.53 hit%=  0.00 bw= 24.23 vcpu=[0] aw=7t[1, 2, 3, 4, 5, 6, 7]
  same        wss= 4096 thp=always rep20 cyc/acc= 1467.21 hit%=  0.00 bw= 24.21 vcpu=[0] aw=7t[1, 2, 3, 4, 5, 6, 7]
  other       wss= 4096 thp=always rep 1 cyc/acc=   49.74 hit%= 12.91 bw= 24.25 vcpu=[0] aw=7t[9, 10, 11, 12, 13, 14, 15]
  other       wss= 4096 thp=always rep 2 cyc/acc=   62.18 hit%=  0.00 bw= 24.26 vcpu=[0] aw=7t[9, 10, 11, 12, 13, 14, 15]
  other       wss= 4096 thp=always rep 3 cyc/acc=   62.45 hit%=  0.00 bw= 24.26 vcpu=[0] aw=7t[9, 10, 11, 12, 13, 14, 15]
  other       wss= 4096 thp=always rep 4 cyc/acc=   62.26 hit%=  0.00 bw= 24.28 vcpu=[0] aw=7t[9, 10, 11, 12, 13, 14, 15]
  other       wss= 4096 thp=always rep 5 cyc/acc=   62.23 hit%=  0.00 bw= 24.28 vcpu=[0] aw=7t[9, 10, 11, 12, 13, 14, 15]
  other       wss= 4096 thp=always rep 6 cyc/acc=   62.21 hit%=  0.00 bw= 24.30 vcpu=[0] aw=7t[9, 10, 11, 12, 13, 14, 15]
  other       wss= 4096 thp=always rep 7 cyc/acc=   62.51 hit%=  0.00 bw= 24.21 vcpu=[0] aw=7t[9, 10, 11, 12, 13, 14, 15]
  other       wss= 4096 thp=always rep 8 cyc/acc=   62.18 hit%=  0.00 bw= 24.26 vcpu=[0] aw=7t[9, 10, 11, 12, 13, 14, 15]
  other       wss= 4096 thp=always rep 9 cyc/acc=   62.47 hit%=  0.00 bw= 24.25 vcpu=[0] aw=7t[9, 10, 11, 12, 13, 14, 15]
  other       wss= 4096 thp=always rep10 cyc/acc=   62.32 hit%=  0.00 bw= 24.27 vcpu=[0] aw=7t[9, 10, 11, 12, 13, 14, 15]
  other       wss= 4096 thp=always rep11 cyc/acc=   62.49 hit%=  0.00 bw= 24.26 vcpu=[0] aw=7t[9, 10, 11, 12, 13, 14, 15]
  other       wss= 4096 thp=always rep12 cyc/acc=   62.27 hit%=  0.00 bw= 24.22 vcpu=[0] aw=7t[9, 10, 11, 12, 13, 14, 15]
  other       wss= 4096 thp=always rep13 cyc/acc=   62.47 hit%=  0.00 bw= 24.18 vcpu=[0] aw=7t[9, 10, 11, 12, 13, 14, 15]
  other       wss= 4096 thp=always rep14 cyc/acc=   62.34 hit%=  0.00 bw= 24.24 vcpu=[0] aw=7t[9, 10, 11, 12, 13, 14, 15]
  other       wss= 4096 thp=always rep15 cyc/acc=   62.49 hit%=  0.00 bw= 24.25 vcpu=[0] aw=7t[9, 10, 11, 12, 13, 14, 15]
  other       wss= 4096 thp=always rep16 cyc/acc=   62.33 hit%=  0.00 bw= 24.26 vcpu=[0] aw=7t[9, 10, 11, 12, 13, 14, 15]
  other       wss= 4096 thp=always rep17 cyc/acc=   62.44 hit%=  0.00 bw= 24.22 vcpu=[0] aw=7t[9, 10, 11, 12, 13, 14, 15]
  other       wss= 4096 thp=always rep18 cyc/acc=   58.38 hit%=  4.40 bw= 24.31 vcpu=[0] aw=7t[9, 10, 11, 12, 13, 14, 15]
  other       wss= 4096 thp=always rep19 cyc/acc=   62.41 hit%=  0.00 bw= 24.27 vcpu=[0] aw=7t[9, 10, 11, 12, 13, 14, 15]
  other       wss= 4096 thp=always rep20 cyc/acc=   58.42 hit%=  3.83 bw= 24.27 vcpu=[0] aw=7t[9, 10, 11, 12, 13, 14, 15]
  xsock       wss= 4096 thp=always rep 1 cyc/acc=   46.37 hit%= 15.49 bw= 24.41 vcpu=[0] aw=7t[129, 130, 131, 132, 133, 134, 135]
  xsock       wss= 4096 thp=always rep 2 cyc/acc=   48.52 hit%= 12.91 bw= 24.38 vcpu=[0] aw=7t[129, 130, 131, 132, 133, 134, 135]
  xsock       wss= 4096 thp=always rep 3 cyc/acc=   46.38 hit%= 15.50 bw= 24.37 vcpu=[0] aw=7t[129, 130, 131, 132, 133, 134, 135]
  xsock       wss= 4096 thp=always rep 4 cyc/acc=   47.62 hit%= 15.07 bw= 24.36 vcpu=[0] aw=7t[129, 130, 131, 132, 133, 134, 135]
  xsock       wss= 4096 thp=always rep 5 cyc/acc=   46.38 hit%= 15.50 bw= 24.34 vcpu=[0] aw=7t[129, 130, 131, 132, 133, 134, 135]
  xsock       wss= 4096 thp=always rep 6 cyc/acc=   48.12 hit%= 13.87 bw= 24.37 vcpu=[0] aw=7t[129, 130, 131, 132, 133, 134, 135]
  xsock       wss= 4096 thp=always rep 7 cyc/acc=   46.38 hit%= 15.50 bw= 24.38 vcpu=[0] aw=7t[129, 130, 131, 132, 133, 134, 135]
  xsock       wss= 4096 thp=always rep 8 cyc/acc=   47.86 hit%= 14.47 bw= 24.39 vcpu=[0] aw=7t[129, 130, 131, 132, 133, 134, 135]
  xsock       wss= 4096 thp=always rep 9 cyc/acc=   46.38 hit%= 15.49 bw= 24.34 vcpu=[0] aw=7t[129, 130, 131, 132, 133, 134, 135]
  xsock       wss= 4096 thp=always rep10 cyc/acc=   47.63 hit%= 15.05 bw= 24.38 vcpu=[0] aw=7t[129, 130, 131, 132, 133, 134, 135]
  xsock       wss= 4096 thp=always rep11 cyc/acc=   46.37 hit%= 15.50 bw= 24.38 vcpu=[0] aw=7t[129, 130, 131, 132, 133, 134, 135]
  xsock       wss= 4096 thp=always rep12 cyc/acc=   48.30 hit%= 13.43 bw= 24.37 vcpu=[0] aw=7t[129, 130, 131, 132, 133, 134, 135]
  xsock       wss= 4096 thp=always rep13 cyc/acc=   46.38 hit%= 15.50 bw= 24.40 vcpu=[0] aw=7t[129, 130, 131, 132, 133, 134, 135]
  xsock       wss= 4096 thp=always rep14 cyc/acc=   47.63 hit%= 15.05 bw= 24.40 vcpu=[0] aw=7t[129, 130, 131, 132, 133, 134, 135]
  xsock       wss= 4096 thp=always rep15 cyc/acc=   46.37 hit%= 15.50 bw= 24.41 vcpu=[0] aw=7t[129, 130, 131, 132, 133, 134, 135]
  xsock       wss= 4096 thp=always rep16 cyc/acc=   48.96 hit%= 11.82 bw= 24.36 vcpu=[0] aw=7t[129, 130, 131, 132, 133, 134, 135]
  xsock       wss= 4096 thp=always rep17 cyc/acc=   46.37 hit%= 15.50 bw= 24.40 vcpu=[0] aw=7t[129, 130, 131, 132, 133, 134, 135]
  xsock       wss= 4096 thp=always rep18 cyc/acc=   48.97 hit%= 11.82 bw= 24.33 vcpu=[0] aw=7t[129, 130, 131, 132, 133, 134, 135]
  xsock       wss= 4096 thp=always rep19 cyc/acc=   46.38 hit%= 15.49 bw= 24.42 vcpu=[0] aw=7t[129, 130, 131, 132, 133, 134, 135]
  xsock       wss= 4096 thp=always rep20 cyc/acc=   47.62 hit%= 15.07 bw= 24.41 vcpu=[0] aw=7t[129, 130, 131, 132, 133, 134, 135]
  quiescent_b wss= 4096 thp=always rep 1 cyc/acc=   46.40 hit%= 15.48 bw=  0.00 vcpu=[0] aw=0t[]
  quiescent_b wss= 4096 thp=always rep 2 cyc/acc=   47.66 hit%= 15.05 bw=  0.00 vcpu=[0] aw=0t[]
  quiescent_b wss= 4096 thp=always rep 3 cyc/acc=   46.41 hit%= 15.47 bw=  0.00 vcpu=[0] aw=0t[]
  quiescent_b wss= 4096 thp=always rep 4 cyc/acc=   47.66 hit%= 15.03 bw=  0.00 vcpu=[0] aw=0t[]
  quiescent_b wss= 4096 thp=always rep 5 cyc/acc=   46.42 hit%= 15.48 bw=  0.00 vcpu=[0] aw=0t[]
  quiescent_b wss= 4096 thp=always rep 6 cyc/acc=   47.65 hit%= 15.05 bw=  0.00 vcpu=[0] aw=0t[]
  quiescent_b wss= 4096 thp=always rep 7 cyc/acc=   46.41 hit%= 15.48 bw=  0.00 vcpu=[0] aw=0t[]
  quiescent_b wss= 4096 thp=always rep 8 cyc/acc=   47.66 hit%= 15.04 bw=  0.00 vcpu=[0] aw=0t[]
  quiescent_b wss= 4096 thp=always rep 9 cyc/acc=   46.40 hit%= 15.48 bw=  0.00 vcpu=[0] aw=0t[]
  quiescent_b wss= 4096 thp=always rep10 cyc/acc=   47.66 hit%= 15.04 bw=  0.00 vcpu=[0] aw=0t[]
  quiescent_b wss= 4096 thp=always rep11 cyc/acc=   46.41 hit%= 15.47 bw=  0.00 vcpu=[0] aw=0t[]
  quiescent_b wss= 4096 thp=always rep12 cyc/acc=   47.65 hit%= 15.05 bw=  0.00 vcpu=[0] aw=0t[]
  quiescent_b wss= 4096 thp=always rep13 cyc/acc=   46.40 hit%= 15.48 bw=  0.00 vcpu=[0] aw=0t[]
  quiescent_b wss= 4096 thp=always rep14 cyc/acc=   46.38 hit%= 15.52 bw=  0.00 vcpu=[0] aw=0t[]
  quiescent_b wss= 4096 thp=always rep15 cyc/acc=   47.91 hit%= 14.44 bw=  0.00 vcpu=[0] aw=0t[]
  quiescent_b wss= 4096 thp=always rep16 cyc/acc=   47.68 hit%= 14.97 bw=  0.00 vcpu=[0] aw=0t[]
  quiescent_b wss= 4096 thp=always rep17 cyc/acc=   47.91 hit%= 14.42 bw=  0.00 vcpu=[0] aw=0t[]
  quiescent_b wss= 4096 thp=always rep18 cyc/acc=   47.68 hit%= 14.97 bw=  0.00 vcpu=[0] aw=0t[]
  quiescent_b wss= 4096 thp=always rep19 cyc/acc=   47.92 hit%= 14.41 bw=  0.00 vcpu=[0] aw=0t[]
  quiescent_b wss= 4096 thp=always rep20 cyc/acc=   47.68 hit%= 14.98 bw=  0.00 vcpu=[0] aw=0t[]
wrote 400 -> amd_xsocket.jsonl; THP restored to madvise
