
 Performance counter stats for '/home/domin/DutyFree/benchmarks/e2e/hash_join/build/cxl_join_bench --mode hot-probe --policy wb --fact-bytes 256m --hot-bytes 177838489 --cpu-list 32 --morsel 1m --warmups 2 --reps 1 --threads 1':

        25,743,741      l1d_pend_miss.fb_full                                                 
     1,826,665,700      cycles                                                                
     1,634,484,302      instructions                                                          
    10,959,818,796      TOPDOWN.SLOTS                    #     29.0 %  tma_bad_speculation    
                                                         #     10.3 %  tma_frontend_bound     
     1,713,507,094      topdown-retiring                 #     45.1 %  tma_backend_bound      
     1,166,220,717      topdown-fe-bound                                                      
     2,112,228,787      topdown-mem-bound                #     26.0 %  tma_core_bound         
                                                         #     19.2 %  tma_memory_bound       
     4,975,702,766      topdown-be-bound                                                      
       201,027,917      topdown-heavy-ops                #     15.5 %  tma_retiring           
                                                         #      1.8 %  tma_heavy_operations   
                                                         #     13.7 %  tma_light_operations   
     3,131,934,828      topdown-br-mispredict            #     28.4 %  tma_branch_mispredicts 
                                                         #      0.6 %  tma_machine_clears     
       586,380,046      topdown-fetch-lat                #      5.3 %  tma_fetch_bandwidth    
                                                         #      5.1 %  tma_fetch_latency      
     3,172,141,980      topdown-bad-spec                                                      
        27,441,899      INT_MISC.UOP_DROPPING                                                 

       0.964511355 seconds time elapsed

       0.778140000 seconds user
       0.184795000 seconds sys


