HOT_TABLE pid=2242163 base=0x7070c33ff010 bytes=268435456 entries=16777216 anon_huge_kb=0 kernel_page_kb=4 mmu_page_kb=4
HOT_TABLE_WARMED pid=2242163 warmups=2 pre_measure_sleep_s=0

 Performance counter stats for '/home/domin/DutyFree/benchmarks/e2e/hash_join/build/cxl_join_bench --mode morsel --policy wb --fact-node 2 --hot-node 0 --fact-bytes 256m --hot-bytes 177838489 --cpu-list 32 --morsel 1m --warmups 2 --reps 1 --threads 1':

       109,624,713      l1d_pend_miss.fb_full                                                 
     3,287,291,322      cycles                                                                
     3,011,471,499      instructions                                                          
    19,723,181,400      TOPDOWN.SLOTS                    #     35.0 %  tma_bad_speculation    
                                                         #     13.5 %  tma_frontend_bound     
     3,030,925,841      topdown-retiring                 #     36.3 %  tma_backend_bound      
     2,769,541,732      topdown-fe-bound                                                      
     3,618,941,245      topdown-mem-bound                #     18.2 %  tma_core_bound         
                                                         #     18.1 %  tma_memory_bound       
     7,246,038,389      topdown-be-bound                                                      
       256,990,353      topdown-heavy-ops                #     15.2 %  tma_retiring           
                                                         #      1.3 %  tma_heavy_operations   
                                                         #     13.9 %  tma_light_operations   
     6,786,026,775      topdown-br-mispredict            #     34.0 %  tma_branch_mispredicts 
                                                         #      1.0 %  tma_machine_clears     
     1,446,732,264      topdown-fetch-lat                #      6.6 %  tma_fetch_bandwidth    
                                                         #      6.9 %  tma_fetch_latency      
     6,909,204,270      topdown-bad-spec                                                      
        69,563,768      INT_MISC.UOP_DROPPING                                                 

       1.734065303 seconds time elapsed

       1.383178000 seconds user
       0.348792000 seconds sys


