
 Performance counter stats for '/home/domin/DutyFree/benchmarks/e2e/hash_join/build/cxl_join_bench --mode hot-probe --policy wb --fact-bytes 256m --hot-bytes 177838489 --cpu-list 32 --morsel 1m --warmups 2 --reps 1 --threads 1':

        31,013,155      l1d_pend_miss.fb_full                                                 
     1,959,607,145      cycles                                                                
     1,633,651,887      instructions                                                          
    11,757,411,678      TOPDOWN.SLOTS                    #     27.6 %  tma_bad_speculation    
                                                         #      9.6 %  tma_frontend_bound     
     1,678,740,127      topdown-retiring                 #     48.6 %  tma_backend_bound      
     1,157,477,038      topdown-fe-bound                                                      
     2,748,791,791      topdown-mem-bound                #     25.3 %  tma_core_bound         
                                                         #     23.3 %  tma_memory_bound       
     5,733,198,919      topdown-be-bound                                                      
       174,850,748      topdown-heavy-ops                #     14.2 %  tma_retiring           
                                                         #      1.5 %  tma_heavy_operations   
                                                         #     12.7 %  tma_light_operations   
     3,172,126,272      topdown-br-mispredict            #     26.9 %  tma_branch_mispredicts 
                                                         #      0.8 %  tma_machine_clears     
       598,232,849      topdown-fetch-lat                #      4.7 %  tma_fetch_bandwidth    
                                                         #      4.8 %  tma_fetch_latency      
     3,234,103,089      topdown-bad-spec                                                      
        28,582,034      INT_MISC.UOP_DROPPING                                                 

       1.034207022 seconds time elapsed

       0.857133000 seconds user
       0.175822000 seconds sys


