HOT_TABLE pid=2242233 base=0x7923335ff010 bytes=268435456 entries=16777216 anon_huge_kb=0 kernel_page_kb=4 mmu_page_kb=4
HOT_TABLE_WARMED pid=2242233 warmups=2 pre_measure_sleep_s=0

 Performance counter stats for '/home/domin/DutyFree/benchmarks/e2e/hash_join/build/cxl_join_bench --mode morsel --policy wb --fact-node 2 --hot-node 0 --fact-bytes 256m --hot-bytes 177838489 --cpu-list 32 --morsel 1m --warmups 2 --reps 1 --threads 1':

       106,997,565      l1d_pend_miss.fb_full                                                 
     3,248,776,488      cycles                                                                
     3,009,073,506      instructions                                                          
    19,492,448,910      TOPDOWN.SLOTS                    #     35.6 %  tma_bad_speculation    
                                                         #     11.9 %  tma_frontend_bound     
     3,038,557,863      topdown-retiring                 #     36.9 %  tma_backend_bound      
     2,390,790,911      topdown-fe-bound                                                      
     3,638,611,129      topdown-mem-bound                #     18.3 %  tma_core_bound         
                                                         #     18.6 %  tma_memory_bound       
     7,216,059,145      topdown-be-bound                                                      
       252,263,485      topdown-heavy-ops                #     15.6 %  tma_retiring           
                                                         #      1.3 %  tma_heavy_operations   
                                                         #     14.3 %  tma_light_operations   
     6,807,640,708      topdown-br-mispredict            #     34.8 %  tma_branch_mispredicts 
                                                         #      0.8 %  tma_machine_clears     
     1,234,517,243      topdown-fetch-lat                #      5.9 %  tma_fetch_bandwidth    
                                                         #      6.0 %  tma_fetch_latency      
     6,888,831,042      topdown-bad-spec                                                      
        69,823,000      INT_MISC.UOP_DROPPING                                                 

       1.713710784 seconds time elapsed

       1.380765000 seconds user
       0.330704000 seconds sys


