HOT_TABLE pid=2241788 base=0x73b1459ff010 bytes=268435456 entries=16777216 anon_huge_kb=0 kernel_page_kb=4 mmu_page_kb=4
HOT_TABLE_WARMED pid=2241788 warmups=2 pre_measure_sleep_s=0

 Performance counter stats for '/home/domin/DutyFree/benchmarks/e2e/hash_join/build/cxl_join_bench --mode morsel --policy wb --fact-node 2 --hot-node 0 --fact-bytes 256m --hot-bytes 177838489 --cpu-list 32 --morsel 1m --warmups 2 --reps 1 --threads 1':

       150,224,031      l1d_pend_miss.fb_full                                                 
     3,465,017,251      cycles                                                                
     3,006,388,725      instructions                                                          
    20,789,918,208      TOPDOWN.SLOTS                    #     32.4 %  tma_bad_speculation    
                                                         #     17.1 %  tma_frontend_bound     
     3,030,002,767      topdown-retiring                 #     36.1 %  tma_backend_bound      
     3,675,137,170      topdown-fe-bound                                                      
     4,160,059,592      topdown-mem-bound                #     16.3 %  tma_core_bound         
                                                         #     19.8 %  tma_memory_bound       
     7,595,196,628      topdown-be-bound                                                      
       274,739,166      topdown-heavy-ops                #     14.4 %  tma_retiring           
                                                         #      1.3 %  tma_heavy_operations   
                                                         #     13.1 %  tma_light_operations   
     6,616,050,051      topdown-br-mispredict            #     31.4 %  tma_branch_mispredicts 
                                                         #      0.9 %  tma_machine_clears     
     1,768,557,954      topdown-fetch-lat                #      9.1 %  tma_fetch_bandwidth    
                                                         #      8.1 %  tma_fetch_latency      
     6,744,651,179      topdown-bad-spec                                                      
        70,071,059      INT_MISC.UOP_DROPPING                                                 

       1.828000923 seconds time elapsed

       1.454971000 seconds user
       0.370483000 seconds sys


