
 Performance counter stats for '/home/domin/DutyFree/benchmarks/e2e/hash_join/build/cxl_join_bench --mode hot-probe --policy wb --fact-bytes 256m --hot-bytes 177838489 --cpu-list 32 --morsel 1m --warmups 2 --reps 1 --threads 1':

        32,561,408      l1d_pend_miss.fb_full                                                 
     1,990,783,985      cycles                                                                
     1,631,305,238      instructions                                                          
    11,944,571,310      TOPDOWN.SLOTS                    #     27.0 %  tma_bad_speculation    
                                                         #      9.7 %  tma_frontend_bound     
     1,716,946,165      topdown-retiring                 #     49.1 %  tma_backend_bound      
     1,200,711,094      topdown-fe-bound                                                      
     2,905,149,332      topdown-mem-bound                #     25.0 %  tma_core_bound         
                                                         #     24.0 %  tma_memory_bound       
     5,932,187,688      topdown-be-bound                                                      
       204,532,588      topdown-heavy-ops                #     14.2 %  tma_retiring           
                                                         #      1.7 %  tma_heavy_operations   
                                                         #     12.5 %  tma_light_operations   
     3,152,785,162      topdown-br-mispredict            #     26.1 %  tma_branch_mispredicts 
                                                         #      0.9 %  tma_machine_clears     
       604,769,619      topdown-fetch-lat                #      4.9 %  tma_fetch_bandwidth    
                                                         #      4.8 %  tma_fetch_latency      
     3,236,858,683      topdown-bad-spec                                                      
        28,600,675      INT_MISC.UOP_DROPPING                                                 

       1.051276948 seconds time elapsed

       0.860789000 seconds user
       0.188515000 seconds sys


