
 Performance counter stats for '/home/domin/DutyFree/benchmarks/e2e/hash_join/build/cxl_join_bench --mode hot-probe --policy wb --fact-bytes 256m --hot-bytes 177838489 --cpu-list 32 --morsel 1m --warmups 2 --reps 1 --threads 1':

        25,879,926      l1d_pend_miss.fb_full                                                 
     1,824,543,951      cycles                                                                
     1,629,966,178      instructions                                                          
    10,947,263,706      TOPDOWN.SLOTS                    #     29.3 %  tma_bad_speculation    
                                                         #     10.7 %  tma_frontend_bound     
     1,647,858,140      topdown-retiring                 #     44.9 %  tma_backend_bound      
     1,204,699,965      topdown-fe-bound                                                      
     2,089,030,704      topdown-mem-bound                #     25.9 %  tma_core_bound         
                                                         #     19.0 %  tma_memory_bound       
     4,927,735,095      topdown-be-bound                                                      
       200,053,613      topdown-heavy-ops                #     15.0 %  tma_retiring           
                                                         #      1.8 %  tma_heavy_operations   
                                                         #     13.2 %  tma_light_operations   
     3,146,498,084      topdown-br-mispredict            #     28.7 %  tma_branch_mispredicts 
                                                         #      0.6 %  tma_machine_clears     
       609,625,057      topdown-fetch-lat                #      5.4 %  tma_fetch_bandwidth    
                                                         #      5.3 %  tma_fetch_latency      
     3,188,766,660      topdown-bad-spec                                                      
        27,373,813      INT_MISC.UOP_DROPPING                                                 

       0.962897889 seconds time elapsed

       0.782681000 seconds user
       0.178927000 seconds sys


