HOT_TABLE pid=2241951 base=0x718f9f5ff010 bytes=268435456 entries=16777216 anon_huge_kb=0 kernel_page_kb=4 mmu_page_kb=4
HOT_TABLE_WARMED pid=2241951 warmups=2 pre_measure_sleep_s=0

 Performance counter stats for '/home/domin/DutyFree/benchmarks/e2e/hash_join/build/cxl_join_bench --mode morsel --policy wb --fact-node 2 --hot-node 0 --fact-bytes 256m --hot-bytes 177838489 --cpu-list 32 --morsel 1m --warmups 2 --reps 1 --threads 1':

       163,168,287      l1d_pend_miss.fb_full                                                 
     3,472,408,303      cycles                                                                
     3,011,340,789      instructions                                                          
    20,832,956,232      TOPDOWN.SLOTS                    #     35.0 %  tma_bad_speculation    
                                                         #     11.3 %  tma_frontend_bound     
     3,064,532,615      topdown-retiring                 #     39.1 %  tma_backend_bound      
     2,450,341,650      topdown-fe-bound                                                      
     4,482,226,397      topdown-mem-bound                #     17.8 %  tma_core_bound         
                                                         #     21.3 %  tma_memory_bound       
     8,214,718,644      topdown-be-bound                                                      
       275,689,139      topdown-heavy-ops                #     14.6 %  tma_retiring           
                                                         #      1.3 %  tma_heavy_operations   
                                                         #     13.3 %  tma_light_operations   
     7,194,553,196      topdown-br-mispredict            #     34.2 %  tma_branch_mispredicts 
                                                         #      0.8 %  tma_machine_clears     
     1,331,933,894      topdown-fetch-lat                #      5.3 %  tma_fetch_bandwidth    
                                                         #      6.0 %  tma_fetch_latency      
     7,282,162,021      topdown-bad-spec                                                      
        73,534,379      INT_MISC.UOP_DROPPING                                                 

       1.832644358 seconds time elapsed

       1.443710000 seconds user
       0.385655000 seconds sys


