
 Performance counter stats for '/home/domin/DutyFree/benchmarks/e2e/hash_join/build/cxl_join_bench --mode hot-probe --policy wb --fact-bytes 256m --hot-bytes 177838489 --cpu-list 32 --morsel 1m --warmups 2 --reps 1 --threads 1':

        31,400,565      l1d_pend_miss.fb_full                                                 
     1,965,569,585      cycles                                                                
     1,617,343,339      instructions                                                          
    11,793,417,510      TOPDOWN.SLOTS                    #     27.2 %  tma_bad_speculation    
                                                         #      9.8 %  tma_frontend_bound     
     1,691,067,478      topdown-retiring                 #     48.7 %  tma_backend_bound      
     1,189,641,423      topdown-fe-bound                                                      
     2,801,036,185      topdown-mem-bound                #     25.0 %  tma_core_bound         
                                                         #     23.7 %  tma_memory_bound       
     5,764,607,538      topdown-be-bound                                                      
       201,939,328      topdown-heavy-ops                #     14.3 %  tma_retiring           
                                                         #      1.7 %  tma_heavy_operations   
                                                         #     12.6 %  tma_light_operations   
     3,131,156,523      topdown-br-mispredict            #     26.4 %  tma_branch_mispredicts 
                                                         #      0.8 %  tma_machine_clears     
       622,297,462      topdown-fetch-lat                #      4.8 %  tma_fetch_bandwidth    
                                                         #      5.0 %  tma_fetch_latency      
     3,194,349,764      topdown-bad-spec                                                      
        28,438,668      INT_MISC.UOP_DROPPING                                                 

       1.038420673 seconds time elapsed

       0.856335000 seconds user
       0.179860000 seconds sys


