HOT_TABLE pid=2241975 base=0x7bf6155ff010 bytes=268435456 entries=16777216 anon_huge_kb=0 kernel_page_kb=4 mmu_page_kb=4
HOT_TABLE_WARMED pid=2241975 warmups=2 pre_measure_sleep_s=0

 Performance counter stats for '/home/domin/DutyFree/benchmarks/e2e/hash_join/build/cxl_join_bench --mode morsel --policy wb --fact-node 2 --hot-node 0 --fact-bytes 256m --hot-bytes 177838489 --cpu-list 32 --morsel 1m --warmups 2 --reps 1 --threads 1':

       102,117,456      l1d_pend_miss.fb_full                                                 
     3,284,358,046      cycles                                                                
     3,011,880,327      instructions                                                          
    19,706,148,276      TOPDOWN.SLOTS                    #     32.1 %  tma_bad_speculation    
                                                         #     19.1 %  tma_frontend_bound     
     3,037,929,706      topdown-retiring                 #     33.5 %  tma_backend_bound      
     3,860,352,193      topdown-fe-bound                                                      
     3,320,583,949      topdown-mem-bound                #     16.8 %  tma_core_bound         
                                                         #     16.7 %  tma_memory_bound       
     6,663,724,069      topdown-be-bound                                                      
       256,200,556      topdown-heavy-ops                #     15.3 %  tma_retiring           
                                                         #      1.3 %  tma_heavy_operations   
                                                         #     14.0 %  tma_light_operations   
     6,239,162,524      topdown-br-mispredict            #     31.4 %  tma_branch_mispredicts 
                                                         #      0.8 %  tma_machine_clears     
     1,839,171,062      topdown-fetch-lat                #     10.2 %  tma_fetch_bandwidth    
                                                         #      8.9 %  tma_fetch_latency      
     6,321,675,515      topdown-bad-spec                                                      
        66,364,294      INT_MISC.UOP_DROPPING                                                 

       1.733222312 seconds time elapsed

       1.375155000 seconds user
       0.355265000 seconds sys


