
 Performance counter stats for '/home/domin/DutyFree/benchmarks/e2e/hash_join/build/cxl_join_bench --mode hot-probe --policy wb --fact-bytes 256m --hot-bytes 177838489 --cpu-list 32 --morsel 1m --warmups 2 --reps 1 --threads 1':

        26,284,782      l1d_pend_miss.fb_full                                                 
     1,802,078,839      cycles                                                                
     1,634,377,092      instructions                                                          
    10,812,473,034      TOPDOWN.SLOTS                    #     29.7 %  tma_bad_speculation    
                                                         #     10.4 %  tma_frontend_bound     
     1,687,240,653      topdown-retiring                 #     44.3 %  tma_backend_bound      
     1,149,772,288      topdown-fe-bound                                                      
     2,012,100,977      topdown-mem-bound                #     25.6 %  tma_core_bound         
                                                         #     18.6 %  tma_memory_bound       
     4,777,055,102      topdown-be-bound                                                      
       199,205,042      topdown-heavy-ops                #     15.6 %  tma_retiring           
                                                         #      1.8 %  tma_heavy_operations   
                                                         #     13.8 %  tma_light_operations   
     3,136,963,923      topdown-br-mispredict            #     29.1 %  tma_branch_mispredicts 
                                                         #      0.6 %  tma_machine_clears     
       615,995,178      topdown-fetch-lat                #      4.9 %  tma_fetch_bandwidth    
                                                         #      5.5 %  tma_fetch_latency      
     3,178,261,585      topdown-bad-spec                                                      
        27,513,708      INT_MISC.UOP_DROPPING                                                 

       0.951834531 seconds time elapsed

       0.772248000 seconds user
       0.177826000 seconds sys


