
 Performance counter stats for '/home/domin/DutyFree/benchmarks/e2e/hash_join/build/cxl_join_bench --mode hot-probe --policy wb --fact-bytes 256m --hot-bytes 177838489 --cpu-list 32 --morsel 1m --warmups 2 --reps 1 --threads 1':

        23,348,853      l1d_pend_miss.fb_full                                                 
     1,788,335,438      cycles                                                                
     1,633,205,789      instructions                                                          
    10,729,392,528      TOPDOWN.SLOTS                    #     29.9 %  tma_bad_speculation    
                                                         #     10.6 %  tma_frontend_bound     
     1,693,124,713      topdown-retiring                 #     43.7 %  tma_backend_bound      
     1,161,602,346      topdown-fe-bound                                                      
     1,909,721,140      topdown-mem-bound                #     26.0 %  tma_core_bound         
                                                         #     17.8 %  tma_memory_bound       
     4,697,051,230      topdown-be-bound                                                      
       215,974,057      topdown-heavy-ops                #     15.8 %  tma_retiring           
                                                         #      2.0 %  tma_heavy_operations   
                                                         #     13.8 %  tma_light_operations   
     3,138,115,898      topdown-br-mispredict            #     29.2 %  tma_branch_mispredicts 
                                                         #      0.7 %  tma_machine_clears     
       589,064,687      topdown-fetch-lat                #      5.3 %  tma_fetch_bandwidth    
                                                         #      5.2 %  tma_fetch_latency      
     3,184,586,932      topdown-bad-spec                                                      
        27,453,544      INT_MISC.UOP_DROPPING                                                 

       0.944086717 seconds time elapsed

       0.775012000 seconds user
       0.167786000 seconds sys


