HOT_TABLE pid=2242046 base=0x78e61b5ff010 bytes=268435456 entries=16777216 anon_huge_kb=0 kernel_page_kb=4 mmu_page_kb=4
HOT_TABLE_WARMED pid=2242046 warmups=2 pre_measure_sleep_s=0

 Performance counter stats for '/home/domin/DutyFree/benchmarks/e2e/hash_join/build/cxl_join_bench --mode morsel --policy wb --fact-node 2 --hot-node 0 --fact-bytes 256m --hot-bytes 177838489 --cpu-list 32 --morsel 1m --warmups 2 --reps 1 --threads 1':

       110,936,491      l1d_pend_miss.fb_full                                                 
     3,295,749,540      cycles                                                                
     3,010,670,838      instructions                                                          
    19,774,497,240      TOPDOWN.SLOTS                    #     35.6 %  tma_bad_speculation    
                                                         #     11.1 %  tma_frontend_bound     
     3,154,108,732      topdown-retiring                 #     37.5 %  tma_backend_bound      
     2,293,365,028      topdown-fe-bound                                                      
     3,717,107,283      topdown-mem-bound                #     18.9 %  tma_core_bound         
                                                         #     18.6 %  tma_memory_bound       
     7,489,571,191      topdown-be-bound                                                      
       254,166,043      topdown-heavy-ops                #     15.8 %  tma_retiring           
                                                         #      1.3 %  tma_heavy_operations   
                                                         #     14.5 %  tma_light_operations   
     6,960,173,707      topdown-br-mispredict            #     34.8 %  tma_branch_mispredicts 
                                                         #      0.8 %  tma_machine_clears     
     1,185,005,313      topdown-fetch-lat                #      5.5 %  tma_fetch_bandwidth    
                                                         #      5.6 %  tma_fetch_latency      
     7,044,892,985      topdown-bad-spec                                                      
        70,788,455      INT_MISC.UOP_DROPPING                                                 

       1.738835824 seconds time elapsed

       1.392398000 seconds user
       0.343851000 seconds sys


