HOT_TABLE pid=2242139 base=0x72e9607ff010 bytes=268435456 entries=16777216 anon_huge_kb=0 kernel_page_kb=4 mmu_page_kb=4
HOT_TABLE_WARMED pid=2242139 warmups=2 pre_measure_sleep_s=0

 Performance counter stats for '/home/domin/DutyFree/benchmarks/e2e/hash_join/build/cxl_join_bench --mode morsel --policy wb --fact-node 2 --hot-node 0 --fact-bytes 256m --hot-bytes 177838489 --cpu-list 32 --morsel 1m --warmups 2 --reps 1 --threads 1':

       158,662,285      l1d_pend_miss.fb_full                                                 
     3,447,917,484      cycles                                                                
     3,010,968,313      instructions                                                          
    20,687,504,904      TOPDOWN.SLOTS                    #     34.4 %  tma_bad_speculation    
                                                         #     13.4 %  tma_frontend_bound     
     3,009,718,744      topdown-retiring                 #     37.7 %  tma_backend_bound      
     2,872,154,534      topdown-fe-bound                                                      
     4,255,586,081      topdown-mem-bound                #     17.3 %  tma_core_bound         
                                                         #     20.4 %  tma_memory_bound       
     7,850,412,260      topdown-be-bound                                                      
       266,607,813      topdown-heavy-ops                #     14.5 %  tma_retiring           
                                                         #      1.3 %  tma_heavy_operations   
                                                         #     13.2 %  tma_light_operations   
     7,005,573,778      topdown-br-mispredict            #     33.6 %  tma_branch_mispredicts 
                                                         #      0.8 %  tma_machine_clears     
     1,466,032,843      topdown-fetch-lat                #      6.8 %  tma_fetch_bandwidth    
                                                         #      6.7 %  tma_fetch_latency      
     7,091,547,666      topdown-bad-spec                                                      
        72,582,768      INT_MISC.UOP_DROPPING                                                 

       1.819677346 seconds time elapsed

       1.458792000 seconds user
       0.357703000 seconds sys


