== silicon e2e ivf host=mos182 nb=32768 nq=1000 tcpu=4 vcpu=6 reps=5 inner=4 calib=False
== ivf=1b63e006dcb4 victim=026e357ae21a
== STREAMING is not an arm; gem5 H2 is not this campaign
  qui      rep1 qps=None recall=None victim=73.4025 status=ok
  wb       rep1 qps=224.91653381729816 recall=0.5082999999999956 victim=153.5265 status=ok
  nta      rep1 qps=224.79084005142408 recall=0.5082999999999956 victim=152.76 status=ok
  fb64k    rep1 qps=223.20200455956999 recall=0.5082999999999956 victim=148.2935 status=ok
  fb256k   rep1 qps=224.9028864430645 recall=0.5082999999999956 victim=153.187 status=ok
  fb1m     rep1 qps=224.86932372356645 recall=0.5082999999999956 victim=155.0395 status=ok
  cat01    rep1 qps=203.98842510662095 recall=0.5082999999999956 victim=79.943 status=ok
  cat02    rep1 qps=206.3138116117988 recall=0.5082999999999956 victim=88.051 status=ok
  cat03    rep1 qps=208.06790825510663 recall=0.5082999999999956 victim=94.055 status=ok
  cat04    rep1 qps=209.94378191592634 recall=0.5082999999999956 victim=100.5745 status=ok
  cat05    rep1 qps=211.9353497469809 recall=0.5082999999999956 victim=107.5625 status=ok
  cat06    rep1 qps=213.84336938588376 recall=0.5082999999999956 victim=117.197 status=ok
  cat07    rep1 qps=215.97322409969908 recall=0.5082999999999956 victim=130.57049999999998 status=ok
  cat08    rep1 qps=217.78947192515363 recall=0.5082999999999956 victim=139.8115 status=ok
  cat09    rep1 qps=219.78547700052513 recall=0.5082999999999956 victim=149.88549999999998 status=ok
  cat10    rep1 qps=221.05488790014957 recall=0.5082999999999956 victim=156.61849999999998 status=ok
  cat11    rep1 qps=222.3118309463513 recall=0.5082999999999956 victim=162.69 status=ok
  cat12    rep1 qps=223.52896226571355 recall=0.5082999999999956 victim=167.36450000000002 status=ok
  cat13    rep1 qps=224.20286416644535 recall=0.5082999999999956 victim=167.58800000000002 status=ok
  cat14    rep1 qps=224.5623726853032 recall=0.5082999999999956 victim=162.438 status=ok
  cat15    rep1 qps=224.92136035538383 recall=0.5082999999999956 victim=153.7545 status=ok
  wb       rep2 qps=224.86081922540285 recall=0.5082999999999956 victim=153.698 status=ok
  nta      rep2 qps=224.800614849509 recall=0.5082999999999956 victim=154.5505 status=ok
  fb64k    rep2 qps=223.18265606152582 recall=0.5082999999999956 victim=146.855 status=ok
  fb256k   rep2 qps=224.81574895938957 recall=0.5082999999999956 victim=153.63400000000001 status=ok
  fb1m     rep2 qps=224.93273519686 recall=0.5082999999999956 victim=152.656 status=ok
  cat01    rep2 qps=203.96631847378424 recall=0.5082999999999956 victim=80.3005 status=ok
  cat02    rep2 qps=206.35122328338252 recall=0.5082999999999956 victim=88.342 status=ok
  cat03    rep2 qps=208.05177384453717 recall=0.5082999999999956 victim=93.9805 status=ok
  cat04    rep2 qps=210.20783074594183 recall=0.5082999999999956 victim=101.426 status=ok
  cat05    rep2 qps=224.93174413890168 recall=0.5082999999999956 victim=155.5005 status=gate_fail
  cat06    rep2 qps=214.01590267540195 recall=0.5082999999999956 victim=118.959 status=ok
  cat07    rep2 qps=215.72260910558813 recall=0.5082999999999956 victim=130.2135 status=ok
  cat08    rep2 qps=217.88527099178998 recall=0.5082999999999956 victim=141.976 status=ok
  cat09    rep2 qps=219.47300975772302 recall=0.5082999999999956 victim=146.9395 status=ok
  cat10    rep2 qps=221.2263266107484 recall=0.5082999999999956 victim=157.25650000000002 status=ok
  cat11    rep2 qps=222.43742464719534 recall=0.5082999999999956 victim=163.1885 status=ok
  cat12    rep2 qps=223.45887716729757 recall=0.5082999999999956 victim=166.5445 status=ok
  cat13    rep2 qps=224.03199937405282 recall=0.5082999999999956 victim=166.535 status=ok
  cat14    rep2 qps=224.59366582620163 recall=0.5082999999999956 victim=162.1665 status=ok
  cat15    rep2 qps=224.82561755215434 recall=0.5082999999999956 victim=154.615 status=ok
  qui      rep2 qps=None recall=None victim=73.4055 status=ok
  nta      rep3 qps=224.7828436911867 recall=0.5082999999999956 victim=154.314 status=ok
  fb64k    rep3 qps=223.25965976415927 recall=0.5082999999999956 victim=149.254 status=ok
  fb256k   rep3 qps=224.86899142819038 recall=0.5082999999999956 victim=154.1415 status=ok
  fb1m     rep3 qps=224.8650733091966 recall=0.5082999999999956 victim=155.673 status=ok
  cat01    rep3 qps=203.94724871005553 recall=0.5082999999999956 victim=79.86699999999999 status=ok
  cat02    rep3 qps=206.37761233574957 recall=0.5082999999999956 victim=88.3085 status=ok
  cat03    rep3 qps=208.04603287938681 recall=0.5082999999999956 victim=94.03999999999999 status=ok
  cat04    rep3 qps=210.04191172683375 recall=0.5082999999999956 victim=100.81649999999999 status=ok
  cat05    rep3 qps=211.9236325317209 recall=0.5082999999999956 victim=107.878 status=ok
  cat06    rep3 qps=213.868390744713 recall=0.5082999999999956 victim=117.5015 status=ok
  cat07    rep3 qps=215.7846294146797 recall=0.5082999999999956 victim=128.292 status=ok
  cat08    rep3 qps=217.71484266082624 recall=0.5082999999999956 victim=138.512 status=ok
  cat09    rep3 qps=219.53384513612463 recall=0.5082999999999956 victim=150.35649999999998 status=ok
  cat10    rep3 qps=220.9924696009361 recall=0.5082999999999956 victim=157.07299999999998 status=ok
  cat11    rep3 qps=222.11029685798962 recall=0.5082999999999956 victim=168.50549999999998 status=ok
  cat12    rep3 qps=223.2143945063907 recall=0.5082999999999956 victim=166.406 status=ok
  cat13    rep3 qps=224.20703388536302 recall=0.5082999999999956 victim=167.3105 status=ok
  cat14    rep3 qps=224.50945638786357 recall=0.5082999999999956 victim=162.6055 status=ok
  cat15    rep3 qps=224.89194680725956 recall=0.5082999999999956 victim=154.63049999999998 status=ok
  qui      rep3 qps=None recall=None victim=73.40450000000001 status=ok
  wb       rep3 qps=224.88814991227537 recall=0.5082999999999956 victim=154.142 status=ok
  fb64k    rep4 qps=223.26005002529558 recall=0.5082999999999956 victim=147.023 status=ok
  fb256k   rep4 qps=224.81945641145768 recall=0.5082999999999956 victim=155.471 status=ok
  fb1m     rep4 qps=224.8029408625857 recall=0.5082999999999956 victim=155.457 status=ok
  cat01    rep4 qps=203.95212279494342 recall=0.5082999999999956 victim=80.271 status=ok
  cat02    rep4 qps=206.4048024566183 recall=0.5082999999999956 victim=88.289 status=ok
  cat03    rep4 qps=208.02659602639173 recall=0.5082999999999956 victim=93.901 status=ok
  cat04    rep4 qps=209.9923683712518 recall=0.5082999999999956 victim=101.485 status=ok
  cat05    rep4 qps=211.922812706843 recall=0.5082999999999956 victim=107.9735 status=ok
  cat06    rep4 qps=213.84711106563142 recall=0.5082999999999956 victim=118.32249999999999 status=ok
  cat07    rep4 qps=215.69839580486556 recall=0.5082999999999956 victim=128.62 status=ok
  cat08    rep4 qps=217.64531937109052 recall=0.5082999999999956 victim=138.1125 status=ok
  cat09    rep4 qps=219.49708856809133 recall=0.5082999999999956 victim=150.8845 status=ok
  cat10    rep4 qps=221.03100710634112 recall=0.5082999999999956 victim=158.132 status=ok
  cat11    rep4 qps=222.30567227645562 recall=0.5082999999999956 victim=163.95049999999998 status=ok
  cat12    rep4 qps=223.5194396046586 recall=0.5082999999999956 victim=170.1455 status=ok
  cat13    rep4 qps=224.23112267787926 recall=0.5082999999999956 victim=166.2375 status=ok
  cat14    rep4 qps=224.54819479291424 recall=0.5082999999999956 victim=163.2825 status=ok
  cat15    rep4 qps=224.85685210722696 recall=0.5082999999999956 victim=152.57150000000001 status=ok
  qui      rep4 qps=None recall=None victim=73.408 status=ok
  wb       rep4 qps=224.9387985701447 recall=0.5082999999999956 victim=154.76749999999998 status=ok
  nta      rep4 qps=224.61752319916857 recall=0.5082999999999956 victim=152.9745 status=ok
  fb256k   rep5 qps=224.82078429306253 recall=0.5082999999999956 victim=153.32999999999998 status=ok
  fb1m     rep5 qps=224.79080064994474 recall=0.5082999999999956 victim=153.6145 status=ok
  cat01    rep5 qps=203.927084202512 recall=0.5082999999999956 victim=80.2255 status=ok
  cat02    rep5 qps=206.27172573195168 recall=0.5082999999999956 victim=88.312 status=ok
  cat03    rep5 qps=208.00189243616174 recall=0.5082999999999956 victim=94.11 status=ok
  cat04    rep5 qps=210.09378243942706 recall=0.5082999999999956 victim=101.48949999999999 status=ok
  cat05    rep5 qps=211.8455624212044 recall=0.5082999999999956 victim=107.9205 status=ok
  cat06    rep5 qps=213.96325773341522 recall=0.5082999999999956 victim=119.0635 status=ok
  cat07    rep5 qps=215.81621833082085 recall=0.5082999999999956 victim=130.598 status=ok
  cat08    rep5 qps=217.7517382320617 recall=0.5082999999999956 victim=142.215 status=ok
  cat09    rep5 qps=219.47054538156905 recall=0.5082999999999956 victim=149.7025 status=ok
  cat10    rep5 qps=221.11851707991573 recall=0.5082999999999956 victim=156.917 status=ok
  cat11    rep5 qps=222.46234109034944 recall=0.5082999999999956 victim=163.53750000000002 status=ok
  cat12    rep5 qps=223.49269681502517 recall=0.5082999999999956 victim=166.78199999999998 status=ok
  cat13    rep5 qps=224.13897686694878 recall=0.5082999999999956 victim=166.1205 status=ok
  cat14    rep5 qps=224.56305422529502 recall=0.5082999999999956 victim=165.46949999999998 status=ok
  cat15    rep5 qps=224.9312128621708 recall=0.5082999999999956 victim=155.199 status=ok
  qui      rep5 qps=None recall=None victim=73.41300000000001 status=ok
  wb       rep5 qps=224.8380180144801 recall=0.5082999999999956 victim=153.54 status=ok
  nta      rep5 qps=224.72377823141724 recall=0.5082999999999956 victim=154.73399999999998 status=ok
  fb64k    rep5 qps=223.25080700484045 recall=0.5082999999999956 victim=146.52249999999998 status=ok
== done 104 ok records -> /home/domin/ivf_run/ivf_silicon.jsonl
== kill: if CAT QPS tax is small, do not run gem5 H2
