HOT_TABLE pid=2242911 base=0x7a0523fff010 bytes=268435456 entries=16777216 anon_huge_kb=0 kernel_page_kb=4 mmu_page_kb=4
HOT_TABLE_WARMED pid=2242911 warmups=2 pre_measure_sleep_s=0

 Performance counter stats for '/home/domin/DutyFree/benchmarks/e2e/hash_join/build/cxl_join_bench --mode morsel --policy wb --fact-node 2 --hot-node 0 --fact-bytes 256m --hot-bytes 177838489 --cpu-list 32 --morsel 1m --warmups 2 --reps 1 --threads 1':

       111,576,685      l1d_pend_miss.fb_full                                                 
     3,317,051,044      cycles                                                                
     3,009,375,447      instructions                                                          
    19,902,306,264      TOPDOWN.SLOTS                    #     35.7 %  tma_bad_speculation    
                                                         #     11.1 %  tma_frontend_bound     
     3,032,399,030      topdown-retiring                 #     38.0 %  tma_backend_bound      
     2,286,042,537      topdown-fe-bound                                                      
     3,951,062,290      topdown-mem-bound                #     18.1 %  tma_core_bound         
                                                         #     19.8 %  tma_memory_bound       
     7,560,484,653      topdown-be-bound                                                      
       261,026,656      topdown-heavy-ops                #     15.2 %  tma_retiring           
                                                         #      1.3 %  tma_heavy_operations   
                                                         #     13.9 %  tma_light_operations   
     6,940,432,953      topdown-br-mispredict            #     34.9 %  tma_branch_mispredicts 
                                                         #      0.8 %  tma_machine_clears     
     1,265,401,464      topdown-fetch-lat                #      5.1 %  tma_fetch_bandwidth    
                                                         #      6.0 %  tma_fetch_latency      
     7,026,451,334      topdown-bad-spec                                                      
        70,848,254      INT_MISC.UOP_DROPPING                                                 

       1.750886738 seconds time elapsed

       1.408137000 seconds user
       0.339310000 seconds sys


