HOT_TABLE pid=2243432 base=0x7b63ef1ff010 bytes=268435456 entries=16777216 anon_huge_kb=0 kernel_page_kb=4 mmu_page_kb=4
HOT_TABLE_WARMED pid=2243432 warmups=2 pre_measure_sleep_s=0

 Performance counter stats for '/home/domin/DutyFree/benchmarks/e2e/hash_join/build/cxl_join_bench --mode morsel --policy wb --fact-node 2 --hot-node 0 --no-stream --fact-bytes 256m --hot-bytes 177838489 --cpu-list 32 --morsel 1m --warmups 2 --reps 1 --threads 1':

        40,180,297      l1d_pend_miss.fb_full                                                 
     2,504,021,018      cycles                                                                
     1,754,149,260      instructions                                                          
    15,024,126,108      TOPDOWN.SLOTS                    #     36.6 %  tma_bad_speculation    
                                                         #     18.9 %  tma_frontend_bound     
     1,716,348,133      topdown-retiring                 #     33.2 %  tma_backend_bound      
     2,905,109,939      topdown-fe-bound                                                      
     2,423,529,152      topdown-mem-bound                #     17.2 %  tma_core_bound         
                                                         #     16.0 %  tma_memory_bound       
     5,023,486,091      topdown-be-bound                                                      
       132,631,746      topdown-heavy-ops                #     11.3 %  tma_retiring           
                                                         #      0.9 %  tma_heavy_operations   
                                                         #     10.5 %  tma_light_operations   
     5,401,153,402      topdown-br-mispredict            #     35.7 %  tma_branch_mispredicts 
                                                         #      1.0 %  tma_machine_clears     
     1,303,431,185      topdown-fetch-lat                #     10.6 %  tma_fetch_bandwidth    
                                                         #      8.3 %  tma_fetch_latency      
     5,501,901,086      topdown-bad-spec                                                      
        48,319,542      INT_MISC.UOP_DROPPING                                                 

       1.322452123 seconds time elapsed

       1.140798000 seconds user
       0.178968000 seconds sys


