HOT_TABLE pid=2243408 base=0x7ce7d19ff010 bytes=268435456 entries=16777216 anon_huge_kb=0 kernel_page_kb=4 mmu_page_kb=4
HOT_TABLE_WARMED pid=2243408 warmups=2 pre_measure_sleep_s=0

 Performance counter stats for '/home/domin/DutyFree/benchmarks/e2e/hash_join/build/cxl_join_bench --mode morsel --policy wb --fact-node 2 --hot-node 0 --fact-bytes 256m --hot-bytes 177838489 --cpu-list 32 --morsel 1m --warmups 2 --reps 1 --threads 1':

       162,835,231      l1d_pend_miss.fb_full                                                 
     3,477,819,711      cycles                                                                
     3,011,359,827      instructions                                                          
    20,866,918,266      TOPDOWN.SLOTS                    #     35.4 %  tma_bad_speculation    
                                                         #     11.0 %  tma_frontend_bound     
     3,021,723,522      topdown-retiring                 #     39.2 %  tma_backend_bound      
     2,372,730,231      topdown-fe-bound                                                      
     4,446,130,667      topdown-mem-bound                #     18.1 %  tma_core_bound         
                                                         #     21.2 %  tma_memory_bound       
     8,236,761,600      topdown-be-bound                                                      
       271,680,008      topdown-heavy-ops                #     14.4 %  tma_retiring           
                                                         #      1.3 %  tma_heavy_operations   
                                                         #     13.1 %  tma_light_operations   
     7,273,199,566      topdown-br-mispredict            #     34.7 %  tma_branch_mispredicts 
                                                         #      0.8 %  tma_machine_clears     
     1,263,729,994      topdown-fetch-lat                #      5.3 %  tma_fetch_bandwidth    
                                                         #      5.7 %  tma_fetch_latency      
     7,358,383,667      topdown-bad-spec                                                      
        73,720,203      INT_MISC.UOP_DROPPING                                                 

       1.835501855 seconds time elapsed

       1.433786000 seconds user
       0.398662000 seconds sys


