HOT_TABLE pid=2242887 base=0x7f77124ff010 bytes=268435456 entries=16777216 anon_huge_kb=0 kernel_page_kb=4 mmu_page_kb=4
HOT_TABLE_WARMED pid=2242887 warmups=2 pre_measure_sleep_s=0

 Performance counter stats for '/home/domin/DutyFree/benchmarks/e2e/hash_join/build/cxl_join_bench --mode morsel --policy wb --fact-node 2 --hot-node 0 --no-stream --fact-bytes 256m --hot-bytes 177838489 --cpu-list 32 --morsel 1m --warmups 2 --reps 1 --threads 1':

        33,185,357      l1d_pend_miss.fb_full                                                 
     2,491,837,612      cycles                                                                
     1,750,733,130      instructions                                                          
    14,950,812,966      TOPDOWN.SLOTS                    #     37.3 %  tma_bad_speculation    
                                                         #     16.7 %  tma_frontend_bound     
     1,708,285,620      topdown-retiring                 #     34.7 %  tma_backend_bound      
     2,550,054,400      topdown-fe-bound                                                      
     2,482,561,029      topdown-mem-bound                #     18.1 %  tma_core_bound         
                                                         #     16.5 %  tma_memory_bound       
     5,205,805,369      topdown-be-bound                                                      
       138,649,711      topdown-heavy-ops                #     11.4 %  tma_retiring           
                                                         #      0.9 %  tma_heavy_operations   
                                                         #     10.5 %  tma_light_operations   
     5,501,365,183      topdown-br-mispredict            #     36.7 %  tma_branch_mispredicts 
                                                         #      0.6 %  tma_machine_clears     
     1,126,140,712      topdown-fetch-lat                #      9.5 %  tma_fetch_bandwidth    
                                                         #      7.2 %  tma_fetch_latency      
     5,545,837,980      topdown-bad-spec                                                      
        49,183,422      INT_MISC.UOP_DROPPING                                                 

       1.314795463 seconds time elapsed

       1.125081000 seconds user
       0.188013000 seconds sys


