HOT_TABLE pid=2243337 base=0x7978b0eff010 bytes=268435456 entries=16777216 anon_huge_kb=0 kernel_page_kb=4 mmu_page_kb=4
HOT_TABLE_WARMED pid=2243337 warmups=2 pre_measure_sleep_s=0

 Performance counter stats for '/home/domin/DutyFree/benchmarks/e2e/hash_join/build/cxl_join_bench --mode morsel --policy wb --fact-node 2 --hot-node 0 --no-stream --fact-bytes 256m --hot-bytes 177838489 --cpu-list 32 --morsel 1m --warmups 2 --reps 1 --threads 1':

        36,098,277      l1d_pend_miss.fb_full                                                 
     2,465,811,598      cycles                                                                
     1,753,720,875      instructions                                                          
    14,794,672,476      TOPDOWN.SLOTS                    #     36.3 %  tma_bad_speculation    
                                                         #     20.7 %  tma_frontend_bound     
     1,710,754,704      topdown-retiring                 #     31.5 %  tma_backend_bound      
     3,123,044,514      topdown-fe-bound                                                      
     2,225,383,550      topdown-mem-bound                #     16.5 %  tma_core_bound         
                                                         #     15.0 %  tma_memory_bound       
     4,683,364,285      topdown-be-bound                                                      
       130,418,243      topdown-heavy-ops                #     11.5 %  tma_retiring           
                                                         #      0.9 %  tma_heavy_operations   
                                                         #     10.6 %  tma_light_operations   
     5,305,920,809      topdown-br-mispredict            #     35.7 %  tma_branch_mispredicts 
                                                         #      0.7 %  tma_machine_clears     
     1,356,505,741      topdown-fetch-lat                #     11.9 %  tma_fetch_bandwidth    
                                                         #      8.8 %  tma_fetch_latency      
     5,356,727,227      topdown-bad-spec                                                      
        47,624,108      INT_MISC.UOP_DROPPING                                                 

       1.301632726 seconds time elapsed

       1.119420000 seconds user
       0.180744000 seconds sys


