HOT_TABLE pid=2243385 base=0x7d54d3fff010 bytes=268435456 entries=16777216 anon_huge_kb=0 kernel_page_kb=4 mmu_page_kb=4
HOT_TABLE_WARMED pid=2243385 warmups=2 pre_measure_sleep_s=0

 Performance counter stats for '/home/domin/DutyFree/benchmarks/e2e/hash_join/build/cxl_join_bench --mode morsel --policy wb --fact-node 2 --hot-node 0 --fact-bytes 256m --hot-bytes 177838489 --cpu-list 32 --morsel 1m --warmups 2 --reps 1 --threads 1':

       166,005,012      l1d_pend_miss.fb_full                                                 
     3,489,490,888      cycles                                                                
     3,010,605,386      instructions                                                          
    20,936,788,656      TOPDOWN.SLOTS                    #     34.9 %  tma_bad_speculation    
                                                         #     11.5 %  tma_frontend_bound     
     3,034,248,207      topdown-retiring                 #     39.2 %  tma_backend_bound      
     2,499,003,017      topdown-fe-bound                                                      
     4,541,722,316      topdown-mem-bound                #     17.6 %  tma_core_bound         
                                                         #     21.6 %  tma_memory_bound       
     8,252,744,104      topdown-be-bound                                                      
       270,912,877      topdown-heavy-ops                #     14.4 %  tma_retiring           
                                                         #      1.3 %  tma_heavy_operations   
                                                         #     13.1 %  tma_light_operations   
     7,137,348,962      topdown-br-mispredict            #     33.9 %  tma_branch_mispredicts 
                                                         #      1.0 %  tma_machine_clears     
     1,253,512,694      topdown-fetch-lat                #      5.9 %  tma_fetch_bandwidth    
                                                         #      5.6 %  tma_fetch_latency      
     7,263,183,011      topdown-bad-spec                                                      
        73,896,866      INT_MISC.UOP_DROPPING                                                 

       1.840974147 seconds time elapsed

       1.458671000 seconds user
       0.379394000 seconds sys


