HOT_TABLE pid=2243313 base=0x703e8bbff010 bytes=268435456 entries=16777216 anon_huge_kb=0 kernel_page_kb=4 mmu_page_kb=4
HOT_TABLE_WARMED pid=2243313 warmups=2 pre_measure_sleep_s=0

 Performance counter stats for '/home/domin/DutyFree/benchmarks/e2e/hash_join/build/cxl_join_bench --mode morsel --policy wb --fact-node 2 --hot-node 0 --fact-bytes 256m --hot-bytes 177838489 --cpu-list 32 --morsel 1m --warmups 2 --reps 1 --threads 1':

       157,389,509      l1d_pend_miss.fb_full                                                 
     3,446,043,145      cycles                                                                
     3,009,576,663      instructions                                                          
    20,676,258,870      TOPDOWN.SLOTS                    #     34.5 %  tma_bad_speculation    
                                                         #     12.4 %  tma_frontend_bound     
     3,016,240,847      topdown-retiring                 #     38.7 %  tma_backend_bound      
     2,649,230,572      topdown-fe-bound                                                      
     4,386,166,536      topdown-mem-bound                #     17.6 %  tma_core_bound         
                                                         #     21.0 %  tma_memory_bound       
     8,058,063,189      topdown-be-bound                                                      
       275,333,287      topdown-heavy-ops                #     14.5 %  tma_retiring           
                                                         #      1.3 %  tma_heavy_operations   
                                                         #     13.2 %  tma_light_operations   
     7,050,862,632      topdown-br-mispredict            #     33.8 %  tma_branch_mispredicts 
                                                         #      0.7 %  tma_machine_clears     
     1,380,746,877      topdown-fetch-lat                #      6.1 %  tma_fetch_bandwidth    
                                                         #      6.3 %  tma_fetch_latency      
     7,114,429,380      topdown-bad-spec                                                      
        72,640,542      INT_MISC.UOP_DROPPING                                                 

       1.818940677 seconds time elapsed

       1.428951000 seconds user
       0.386445000 seconds sys


