HOT_TABLE pid=2242934 base=0x75ce2f5ff010 bytes=268435456 entries=16777216 anon_huge_kb=0 kernel_page_kb=4 mmu_page_kb=4
HOT_TABLE_WARMED pid=2242934 warmups=2 pre_measure_sleep_s=0

 Performance counter stats for '/home/domin/DutyFree/benchmarks/e2e/hash_join/build/cxl_join_bench --mode morsel --policy wb --fact-node 2 --hot-node 0 --fact-bytes 256m --hot-bytes 177838489 --cpu-list 32 --morsel 1m --warmups 2 --reps 1 --threads 1':

       111,265,180      l1d_pend_miss.fb_full                                                 
     3,335,135,085      cycles                                                                
     3,006,884,445      instructions                                                          
    20,010,638,712      TOPDOWN.SLOTS                    #     34.8 %  tma_bad_speculation    
                                                         #     12.1 %  tma_frontend_bound     
     3,045,298,714      topdown-retiring                 #     37.9 %  tma_backend_bound      
     2,516,604,901      topdown-fe-bound                                                      
     3,883,242,622      topdown-mem-bound                #     18.6 %  tma_core_bound         
                                                         #     19.3 %  tma_memory_bound       
     7,630,418,260      topdown-be-bound                                                      
       264,930,510      topdown-heavy-ops                #     15.1 %  tma_retiring           
                                                         #      1.3 %  tma_heavy_operations   
                                                         #     13.8 %  tma_light_operations   
     6,816,847,092      topdown-br-mispredict            #     33.9 %  tma_branch_mispredicts 
                                                         #      1.0 %  tma_machine_clears     
     1,265,335,900      topdown-fetch-lat                #      6.2 %  tma_fetch_bandwidth    
                                                         #      5.9 %  tma_fetch_latency      
     6,944,884,483      topdown-bad-spec                                                      
        70,073,148      INT_MISC.UOP_DROPPING                                                 

       1.759548318 seconds time elapsed

       1.410354000 seconds user
       0.346841000 seconds sys


