HOT_TABLE pid=2243003 base=0x72a8913ff010 bytes=268435456 entries=16777216 anon_huge_kb=0 kernel_page_kb=4 mmu_page_kb=4
HOT_TABLE_WARMED pid=2243003 warmups=2 pre_measure_sleep_s=0

 Performance counter stats for '/home/domin/DutyFree/benchmarks/e2e/hash_join/build/cxl_join_bench --mode morsel --policy wb --fact-node 2 --hot-node 0 --fact-bytes 256m --hot-bytes 177838489 --cpu-list 32 --morsel 1m --warmups 2 --reps 1 --threads 1':

       161,411,768      l1d_pend_miss.fb_full                                                 
     3,468,433,885      cycles                                                                
     3,008,752,858      instructions                                                          
    20,809,761,792      TOPDOWN.SLOTS                    #     34.8 %  tma_bad_speculation    
                                                         #     12.2 %  tma_frontend_bound     
     3,068,478,055      topdown-retiring                 #     38.3 %  tma_backend_bound      
     2,616,177,790      topdown-fe-bound                                                      
     4,411,005,244      topdown-mem-bound                #     17.2 %  tma_core_bound         
                                                         #     21.1 %  tma_memory_bound       
     8,012,734,302      topdown-be-bound                                                      
       268,745,901      topdown-heavy-ops                #     14.7 %  tma_retiring           
                                                         #      1.3 %  tma_heavy_operations   
                                                         #     13.4 %  tma_light_operations   
     7,070,467,352      topdown-br-mispredict            #     33.8 %  tma_branch_mispredicts 
                                                         #      1.0 %  tma_machine_clears     
     1,392,239,626      topdown-fetch-lat                #      5.9 %  tma_fetch_bandwidth    
                                                         #      6.3 %  tma_fetch_latency      
     7,204,838,143      topdown-bad-spec                                                      
        72,884,070      INT_MISC.UOP_DROPPING                                                 

       1.829890733 seconds time elapsed

       1.438647000 seconds user
       0.388634000 seconds sys


