HOT_TABLE pid=2242980 base=0x74382e1ff010 bytes=268435456 entries=16777216 anon_huge_kb=0 kernel_page_kb=4 mmu_page_kb=4
HOT_TABLE_WARMED pid=2242980 warmups=2 pre_measure_sleep_s=0

 Performance counter stats for '/home/domin/DutyFree/benchmarks/e2e/hash_join/build/cxl_join_bench --mode morsel --policy wb --fact-node 2 --hot-node 0 --no-stream --fact-bytes 256m --hot-bytes 177838489 --cpu-list 32 --morsel 1m --warmups 2 --reps 1 --threads 1':

        39,611,211      l1d_pend_miss.fb_full                                                 
     2,527,470,692      cycles                                                                
     1,750,718,403      instructions                                                          
    15,164,824,152      TOPDOWN.SLOTS                    #     36.8 %  tma_bad_speculation    
                                                         #     17.2 %  tma_frontend_bound     
     1,700,047,927      topdown-retiring                 #     34.8 %  tma_backend_bound      
     2,672,557,611      topdown-fe-bound                                                      
     2,584,095,961      topdown-mem-bound                #     17.8 %  tma_core_bound         
                                                         #     17.0 %  tma_memory_bound       
     5,289,028,139      topdown-be-bound                                                      
       128,012,189      topdown-heavy-ops                #     11.2 %  tma_retiring           
                                                         #      0.8 %  tma_heavy_operations   
                                                         #     10.3 %  tma_light_operations   
     5,535,738,238      topdown-br-mispredict            #     36.4 %  tma_branch_mispredicts 
                                                         #      0.5 %  tma_machine_clears     
     1,149,495,234      topdown-fetch-lat                #     10.0 %  tma_fetch_bandwidth    
                                                         #      7.2 %  tma_fetch_latency      
     5,557,714,786      topdown-bad-spec                                                      
        49,098,628      INT_MISC.UOP_DROPPING                                                 

       1.334301696 seconds time elapsed

       1.136326000 seconds user
       0.195711000 seconds sys


