HOT_TABLE pid=2243026 base=0x7e9f55dff010 bytes=268435456 entries=16777216 anon_huge_kb=0 kernel_page_kb=4 mmu_page_kb=4
HOT_TABLE_WARMED pid=2243026 warmups=2 pre_measure_sleep_s=0

 Performance counter stats for '/home/domin/DutyFree/benchmarks/e2e/hash_join/build/cxl_join_bench --mode morsel --policy wb --fact-node 2 --hot-node 0 --fact-bytes 256m --hot-bytes 177838489 --cpu-list 32 --morsel 1m --warmups 2 --reps 1 --threads 1':

       109,843,429      l1d_pend_miss.fb_full                                                 
     3,306,932,928      cycles                                                                
     3,020,932,799      instructions                                                          
    19,840,645,032      TOPDOWN.SLOTS                    #     34.4 %  tma_bad_speculation    
                                                         #     14.1 %  tma_frontend_bound     
     3,064,183,665      topdown-retiring                 #     36.2 %  tma_backend_bound      
     2,869,650,633      topdown-fe-bound                                                      
     3,661,360,958      topdown-mem-bound                #     17.8 %  tma_core_bound         
                                                         #     18.4 %  tma_memory_bound       
     7,203,783,363      topdown-be-bound                                                      
       268,389,011      topdown-heavy-ops                #     15.4 %  tma_retiring           
                                                         #      1.3 %  tma_heavy_operations   
                                                         #     14.0 %  tma_light_operations   
     6,682,439,278      topdown-br-mispredict            #     33.6 %  tma_branch_mispredicts 
                                                         #      0.8 %  tma_machine_clears     
     1,462,464,780      topdown-fetch-lat                #      7.1 %  tma_fetch_bandwidth    
                                                         #      7.0 %  tma_fetch_latency      
     6,768,670,501      topdown-bad-spec                                                      
        69,195,361      INT_MISC.UOP_DROPPING                                                 

       1.745266900 seconds time elapsed

       1.396861000 seconds user
       0.345471000 seconds sys


