HOT_TABLE pid=2243097 base=0x77b330bff010 bytes=268435456 entries=16777216 anon_huge_kb=0 kernel_page_kb=4 mmu_page_kb=4
HOT_TABLE_WARMED pid=2243097 warmups=2 pre_measure_sleep_s=0

 Performance counter stats for '/home/domin/DutyFree/benchmarks/e2e/hash_join/build/cxl_join_bench --mode morsel --policy wb --fact-node 2 --hot-node 0 --fact-bytes 256m --hot-bytes 177838489 --cpu-list 32 --morsel 1m --warmups 2 --reps 1 --threads 1':

       161,825,394      l1d_pend_miss.fb_full                                                 
     3,507,167,217      cycles                                                                
     3,009,522,808      instructions                                                          
    21,042,840,000      TOPDOWN.SLOTS                    #     33.4 %  tma_bad_speculation    
                                                         #     13.9 %  tma_frontend_bound     
     3,068,156,886      topdown-retiring                 #     38.3 %  tma_backend_bound      
     3,010,923,923      topdown-fe-bound                                                      
     4,442,604,127      topdown-mem-bound                #     17.3 %  tma_core_bound         
                                                         #     21.0 %  tma_memory_bound       
     8,105,091,426      topdown-be-bound                                                      
       273,408,556      topdown-heavy-ops                #     14.5 %  tma_retiring           
                                                         #      1.3 %  tma_heavy_operations   
                                                         #     13.2 %  tma_light_operations   
     6,900,662,265      topdown-br-mispredict            #     32.6 %  tma_branch_mispredicts 
                                                         #      0.8 %  tma_machine_clears     
     1,472,429,989      topdown-fetch-lat                #      7.3 %  tma_fetch_bandwidth    
                                                         #      6.6 %  tma_fetch_latency      
     6,988,568,728      topdown-bad-spec                                                      
        72,479,471      INT_MISC.UOP_DROPPING                                                 

       1.850442574 seconds time elapsed

       1.465930000 seconds user
       0.381721000 seconds sys


