HOT_TABLE pid=2243074 base=0x7e5143dff010 bytes=268435456 entries=16777216 anon_huge_kb=0 kernel_page_kb=4 mmu_page_kb=4
HOT_TABLE_WARMED pid=2243074 warmups=2 pre_measure_sleep_s=0

 Performance counter stats for '/home/domin/DutyFree/benchmarks/e2e/hash_join/build/cxl_join_bench --mode morsel --policy wb --fact-node 2 --hot-node 0 --no-stream --fact-bytes 256m --hot-bytes 177838489 --cpu-list 32 --morsel 1m --warmups 2 --reps 1 --threads 1':

        27,109,211      l1d_pend_miss.fb_full                                                 
     2,433,732,283      cycles                                                                
     1,750,111,107      instructions                                                          
    14,602,393,698      TOPDOWN.SLOTS                    #     37.5 %  tma_bad_speculation    
                                                         #     18.4 %  tma_frontend_bound     
     1,749,836,399      topdown-retiring                 #     32.2 %  tma_backend_bound      
     2,753,060,174      topdown-fe-bound                                                      
     2,120,086,870      topdown-mem-bound                #     17.8 %  tma_core_bound         
                                                         #     14.4 %  tma_memory_bound       
     4,736,757,236      topdown-be-bound                                                      
       122,288,519      topdown-heavy-ops                #     11.9 %  tma_retiring           
                                                         #      0.8 %  tma_heavy_operations   
                                                         #     11.1 %  tma_light_operations   
     5,414,321,693      topdown-br-mispredict            #     36.8 %  tma_branch_mispredicts 
                                                         #      0.6 %  tma_machine_clears     
     1,200,802,404      topdown-fetch-lat                #     10.6 %  tma_fetch_bandwidth    
                                                         #      7.8 %  tma_fetch_latency      
     5,456,286,206      topdown-bad-spec                                                      
        48,480,250      INT_MISC.UOP_DROPPING                                                 

       1.284623985 seconds time elapsed

       1.117627000 seconds user
       0.164797000 seconds sys


