HOT_TABLE pid=2243120 base=0x7997e7bff010 bytes=268435456 entries=16777216 anon_huge_kb=0 kernel_page_kb=4 mmu_page_kb=4
HOT_TABLE_WARMED pid=2243120 warmups=2 pre_measure_sleep_s=0

 Performance counter stats for '/home/domin/DutyFree/benchmarks/e2e/hash_join/build/cxl_join_bench --mode morsel --policy wb --fact-node 2 --hot-node 0 --fact-bytes 256m --hot-bytes 177838489 --cpu-list 32 --morsel 1m --warmups 2 --reps 1 --threads 1':

       149,256,186      l1d_pend_miss.fb_full                                                 
     3,452,911,826      cycles                                                                
     3,014,810,148      instructions                                                          
    20,717,009,244      TOPDOWN.SLOTS                    #     35.0 %  tma_bad_speculation    
                                                         #     11.4 %  tma_frontend_bound     
     3,047,796,766      topdown-retiring                 #     38.9 %  tma_backend_bound      
     2,462,653,073      topdown-fe-bound                                                      
     4,331,720,313      topdown-mem-bound                #     18.2 %  tma_core_bound         
                                                         #     20.7 %  tma_memory_bound       
     8,124,791,598      topdown-be-bound                                                      
       228,902,280      topdown-heavy-ops                #     14.6 %  tma_retiring           
                                                         #      1.1 %  tma_heavy_operations   
                                                         #     13.5 %  tma_light_operations   
     7,153,099,556      topdown-br-mispredict            #     34.3 %  tma_branch_mispredicts 
                                                         #      0.8 %  tma_machine_clears     
     1,320,553,324      topdown-fetch-lat                #      5.5 %  tma_fetch_bandwidth    
                                                         #      6.0 %  tma_fetch_latency      
     7,240,960,694      topdown-bad-spec                                                      
        73,075,424      INT_MISC.UOP_DROPPING                                                 

       1.822093403 seconds time elapsed

       1.457459000 seconds user
       0.361617000 seconds sys


