HOT_TABLE pid=2243144 base=0x71f0f63ff010 bytes=268435456 entries=16777216 anon_huge_kb=0 kernel_page_kb=4 mmu_page_kb=4
HOT_TABLE_WARMED pid=2243144 warmups=2 pre_measure_sleep_s=0

 Performance counter stats for '/home/domin/DutyFree/benchmarks/e2e/hash_join/build/cxl_join_bench --mode morsel --policy wb --fact-node 2 --hot-node 0 --no-stream --fact-bytes 256m --hot-bytes 177838489 --cpu-list 32 --morsel 1m --warmups 2 --reps 1 --threads 1':

        33,952,252      l1d_pend_miss.fb_full                                                 
     2,461,688,757      cycles                                                                
     1,747,716,299      instructions                                                          
    14,770,050,228      TOPDOWN.SLOTS                    #     36.6 %  tma_bad_speculation    
                                                         #     20.5 %  tma_frontend_bound     
     1,729,725,744      topdown-retiring                 #     31.3 %  tma_backend_bound      
     3,090,837,261      topdown-fe-bound                                                      
     2,216,860,485      topdown-mem-bound                #     16.4 %  tma_core_bound         
                                                         #     14.9 %  tma_memory_bound       
     4,654,521,260      topdown-be-bound                                                      
       131,203,508      topdown-heavy-ops                #     11.6 %  tma_retiring           
                                                         #      0.9 %  tma_heavy_operations   
                                                         #     10.7 %  tma_light_operations   
     5,346,203,318      topdown-br-mispredict            #     35.9 %  tma_branch_mispredicts 
                                                         #      0.7 %  tma_machine_clears     
     1,360,421,603      topdown-fetch-lat                #     11.6 %  tma_fetch_bandwidth    
                                                         #      8.8 %  tma_fetch_latency      
     5,405,218,059      topdown-bad-spec                                                      
        47,434,385      INT_MISC.UOP_DROPPING                                                 

       1.299553978 seconds time elapsed

       1.124753000 seconds user
       0.172655000 seconds sys


