HOT_TABLE pid=2243191 base=0x791b513ff010 bytes=268435456 entries=16777216 anon_huge_kb=0 kernel_page_kb=4 mmu_page_kb=4
HOT_TABLE_WARMED pid=2243191 warmups=2 pre_measure_sleep_s=0

 Performance counter stats for '/home/domin/DutyFree/benchmarks/e2e/hash_join/build/cxl_join_bench --mode morsel --policy wb --fact-node 2 --hot-node 0 --fact-bytes 256m --hot-bytes 177838489 --cpu-list 32 --morsel 1m --warmups 2 --reps 1 --threads 1':

       155,854,068      l1d_pend_miss.fb_full                                                 
     3,451,837,671      cycles                                                                
     3,017,629,061      instructions                                                          
    20,710,260,696      TOPDOWN.SLOTS                    #     35.1 %  tma_bad_speculation    
                                                         #     11.7 %  tma_frontend_bound     
     3,011,845,101      topdown-retiring                 #     38.7 %  tma_backend_bound      
     2,492,930,295      topdown-fe-bound                                                      
     4,369,448,197      topdown-mem-bound                #     17.7 %  tma_core_bound         
                                                         #     21.0 %  tma_memory_bound       
     8,041,294,106      topdown-be-bound                                                      
       272,473,807      topdown-heavy-ops                #     14.5 %  tma_retiring           
                                                         #      1.3 %  tma_heavy_operations   
                                                         #     13.2 %  tma_light_operations   
     7,172,373,412      topdown-br-mispredict            #     34.6 %  tma_branch_mispredicts 
                                                         #      0.6 %  tma_machine_clears     
     1,325,968,395      topdown-fetch-lat                #      5.6 %  tma_fetch_bandwidth    
                                                         #      6.0 %  tma_fetch_latency      
     7,213,142,877      topdown-bad-spec                                                      
        73,512,442      INT_MISC.UOP_DROPPING                                                 

       1.825992165 seconds time elapsed

       1.460978000 seconds user
       0.361747000 seconds sys


