HOT_TABLE pid=2243215 base=0x7eac66fff010 bytes=268435456 entries=16777216 anon_huge_kb=0 kernel_page_kb=4 mmu_page_kb=4
HOT_TABLE_WARMED pid=2243215 warmups=2 pre_measure_sleep_s=0

 Performance counter stats for '/home/domin/DutyFree/benchmarks/e2e/hash_join/build/cxl_join_bench --mode morsel --policy wb --fact-node 2 --hot-node 0 --fact-bytes 256m --hot-bytes 177838489 --cpu-list 32 --morsel 1m --warmups 2 --reps 1 --threads 1':

       155,844,159      l1d_pend_miss.fb_full                                                 
     3,441,034,292      cycles                                                                
     3,011,602,992      instructions                                                          
    20,646,021,954      TOPDOWN.SLOTS                    #     35.5 %  tma_bad_speculation    
                                                         #     11.7 %  tma_frontend_bound     
     3,024,322,065      topdown-retiring                 #     38.3 %  tma_backend_bound      
     2,505,020,357      topdown-fe-bound                                                      
     4,342,790,906      topdown-mem-bound                #     17.5 %  tma_core_bound         
                                                         #     20.8 %  tma_memory_bound       
     7,984,114,649      topdown-be-bound                                                      
       267,134,312      topdown-heavy-ops                #     14.5 %  tma_retiring           
                                                         #      1.3 %  tma_heavy_operations   
                                                         #     13.2 %  tma_light_operations   
     7,259,439,831      topdown-br-mispredict            #     34.8 %  tma_branch_mispredicts 
                                                         #      0.7 %  tma_machine_clears     
     1,255,669,184      topdown-fetch-lat                #      6.0 %  tma_fetch_bandwidth    
                                                         #      5.7 %  tma_fetch_latency      
     7,322,975,677      topdown-bad-spec                                                      
        74,056,714      INT_MISC.UOP_DROPPING                                                 

       1.815270713 seconds time elapsed

       1.438204000 seconds user
       0.374792000 seconds sys


