HOT_TABLE pid=2243267 base=0x7331d26ff010 bytes=268435456 entries=16777216 anon_huge_kb=0 kernel_page_kb=4 mmu_page_kb=4
HOT_TABLE_WARMED pid=2243267 warmups=2 pre_measure_sleep_s=0

 Performance counter stats for '/home/domin/DutyFree/benchmarks/e2e/hash_join/build/cxl_join_bench --mode morsel --policy wb --fact-node 2 --hot-node 0 --no-stream --fact-bytes 256m --hot-bytes 177838489 --cpu-list 32 --morsel 1m --warmups 2 --reps 1 --threads 1':

        33,620,553      l1d_pend_miss.fb_full                                                 
     2,482,178,534      cycles                                                                
     1,753,879,309      instructions                                                          
    14,893,071,204      TOPDOWN.SLOTS                    #     37.0 %  tma_bad_speculation    
                                                         #     18.4 %  tma_frontend_bound     
     1,743,983,583      topdown-retiring                 #     33.0 %  tma_backend_bound      
     2,803,505,746      topdown-fe-bound                                                      
     2,345,286,069      topdown-mem-bound                #     17.3 %  tma_core_bound         
                                                         #     15.7 %  tma_memory_bound       
     4,933,851,055      topdown-be-bound                                                      
       134,850,601      topdown-heavy-ops                #     11.7 %  tma_retiring           
                                                         #      0.9 %  tma_heavy_operations   
                                                         #     10.8 %  tma_light_operations   
     5,417,267,527      topdown-br-mispredict            #     36.2 %  tma_branch_mispredicts 
                                                         #      0.7 %  tma_machine_clears     
     1,217,484,981      topdown-fetch-lat                #     10.6 %  tma_fetch_bandwidth    
                                                         #      7.8 %  tma_fetch_latency      
     5,479,384,854      topdown-bad-spec                                                      
        48,838,537      INT_MISC.UOP_DROPPING                                                 

       1.310448071 seconds time elapsed

       1.125382000 seconds user
       0.182575000 seconds sys


