HOT_TABLE pid=2243290 base=0x7b9c273ff010 bytes=268435456 entries=16777216 anon_huge_kb=0 kernel_page_kb=4 mmu_page_kb=4
HOT_TABLE_WARMED pid=2243290 warmups=2 pre_measure_sleep_s=0

 Performance counter stats for '/home/domin/DutyFree/benchmarks/e2e/hash_join/build/cxl_join_bench --mode morsel --policy wb --fact-node 2 --hot-node 0 --fact-bytes 256m --hot-bytes 177838489 --cpu-list 32 --morsel 1m --warmups 2 --reps 1 --threads 1':

       113,590,200      l1d_pend_miss.fb_full                                                 
     3,318,773,203      cycles                                                                
     3,019,663,625      instructions                                                          
    19,911,620,868      TOPDOWN.SLOTS                    #     35.5 %  tma_bad_speculation    
                                                         #     11.6 %  tma_frontend_bound     
     3,059,690,440      topdown-retiring                 #     37.6 %  tma_backend_bound      
     2,370,423,729      topdown-fe-bound                                                      
     3,801,776,204      topdown-mem-bound                #     18.5 %  tma_core_bound         
                                                         #     19.1 %  tma_memory_bound       
     7,483,109,579      topdown-be-bound                                                      
       257,533,441      topdown-heavy-ops                #     15.4 %  tma_retiring           
                                                         #      1.3 %  tma_heavy_operations   
                                                         #     14.1 %  tma_light_operations   
     6,910,777,273      topdown-br-mispredict            #     34.7 %  tma_branch_mispredicts 
                                                         #      0.8 %  tma_machine_clears     
     1,226,099,335      topdown-fetch-lat                #      5.7 %  tma_fetch_bandwidth    
                                                         #      5.8 %  tma_fetch_latency      
     6,994,706,962      topdown-bad-spec                                                      
        70,565,818      INT_MISC.UOP_DROPPING                                                 

       1.750476373 seconds time elapsed

       1.417678000 seconds user
       0.330691000 seconds sys


