HOT_TABLE pid=2247622 base=0x70cbff9ff010 bytes=268435456 entries=16777216 anon_huge_kb=0 kernel_page_kb=4 mmu_page_kb=4
HOT_TABLE_WARMED pid=2247622 warmups=2 pre_measure_sleep_s=0

 Performance counter stats for '/home/domin/DutyFree/benchmarks/e2e/hash_join/build/cxl_join_bench --mode morsel --policy wb --fact-node 2 --hot-node 0 --fact-bytes 256m --hot-bytes 177838489 --warmups 2 --reps 1 --morsel 16m --cpu-list 32 --threads 1':

       100,297,064      l1d_pend_miss.fb_full                                                 
     3,224,546,490      cycles                                                                
     2,991,094,400      instructions                                                          
    19,347,010,494      TOPDOWN.SLOTS                    #     36.8 %  tma_bad_speculation    
                                                         #     11.6 %  tma_frontend_bound     
     3,046,391,998      topdown-retiring                 #     36.0 %  tma_backend_bound      
     2,328,341,705      topdown-fe-bound                                                      
     3,367,060,020      topdown-mem-bound                #     18.7 %  tma_core_bound         
                                                         #     17.3 %  tma_memory_bound       
     7,005,592,489      topdown-be-bound                                                      
       251,236,161      topdown-heavy-ops                #     15.6 %  tma_retiring           
                                                         #      1.3 %  tma_heavy_operations   
                                                         #     14.4 %  tma_light_operations   
     6,980,554,497      topdown-br-mispredict            #     35.8 %  tma_branch_mispredicts 
                                                         #      1.0 %  tma_machine_clears     
     1,243,862,867      topdown-fetch-lat                #      5.6 %  tma_fetch_bandwidth    
                                                         #      6.0 %  tma_fetch_latency      
     7,097,576,170      topdown-bad-spec                                                      
        70,424,606      INT_MISC.UOP_DROPPING                                                 

       1.701495158 seconds time elapsed

       1.375358000 seconds user
       0.323613000 seconds sys


