
 Performance counter stats for '/home/domin/DutyFree/benchmarks/e2e/hash_join/build/cxl_join_bench --mode hot-probe --policy wb --fact-bytes 256m --hot-bytes 177838489 --morsel 16m --warmups 2 --reps 1 --cpu-list 32 --threads 1':

        24,658,612      l1d_pend_miss.fb_full                                                 
     1,811,473,096      cycles                                                                
     1,652,799,721      instructions                                                          
    10,868,680,818      TOPDOWN.SLOTS                    #     29.5 %  tma_bad_speculation    
                                                         #     10.6 %  tma_frontend_bound     
     1,696,882,589      topdown-retiring                 #     44.3 %  tma_backend_bound      
     1,175,227,061      topdown-fe-bound                                                      
     2,027,182,784      topdown-mem-bound                #     25.6 %  tma_core_bound         
                                                         #     18.7 %  tma_memory_bound       
     4,804,749,520      topdown-be-bound                                                      
       212,221,552      topdown-heavy-ops                #     15.6 %  tma_retiring           
                                                         #      2.0 %  tma_heavy_operations   
                                                         #     13.7 %  tma_light_operations   
     3,128,679,998      topdown-br-mispredict            #     28.8 %  tma_branch_mispredicts 
                                                         #      0.6 %  tma_machine_clears     
       554,089,609      topdown-fetch-lat                #      5.7 %  tma_fetch_bandwidth    
                                                         #      4.9 %  tma_fetch_latency      
     3,170,065,589      topdown-bad-spec                                                      
        27,449,384      INT_MISC.UOP_DROPPING                                                 

       0.956767354 seconds time elapsed

       0.770076000 seconds user
       0.184778000 seconds sys


