HOT_TABLE pid=2247714 base=0x7ab2399ff010 bytes=268435456 entries=16777216 anon_huge_kb=0 kernel_page_kb=4 mmu_page_kb=4
HOT_TABLE_WARMED pid=2247714 warmups=2 pre_measure_sleep_s=0

 Performance counter stats for '/home/domin/DutyFree/benchmarks/e2e/hash_join/build/cxl_join_bench --mode morsel --policy wb --fact-node 2 --hot-node 0 --fact-bytes 256m --hot-bytes 177838489 --warmups 2 --reps 1 --morsel 16m --cpu-list 32 --threads 1':

       160,403,378      l1d_pend_miss.fb_full                                                 
     3,512,548,957      cycles                                                                
     3,025,854,170      instructions                                                          
    21,074,906,130      TOPDOWN.SLOTS                    #     34.6 %  tma_bad_speculation    
                                                         #     11.8 %  tma_frontend_bound     
     3,081,564,190      topdown-retiring                 #     39.0 %  tma_backend_bound      
     2,558,949,407      topdown-fe-bound                                                      
     4,569,204,623      topdown-mem-bound                #     17.2 %  tma_core_bound         
                                                         #     21.7 %  tma_memory_bound       
     8,194,985,663      topdown-be-bound                                                      
       279,822,670      topdown-heavy-ops                #     14.7 %  tma_retiring           
                                                         #      1.3 %  tma_heavy_operations   
                                                         #     13.3 %  tma_light_operations   
     7,106,163,809      topdown-br-mispredict            #     33.8 %  tma_branch_mispredicts 
                                                         #      0.8 %  tma_machine_clears     
     1,331,804,046      topdown-fetch-lat                #      5.8 %  tma_fetch_bandwidth    
                                                         #      6.0 %  tma_fetch_latency      
     7,197,807,167      topdown-bad-spec                                                      
        73,866,708      INT_MISC.UOP_DROPPING                                                 

       1.853191271 seconds time elapsed

       1.468101000 seconds user
       0.382505000 seconds sys


