
 Performance counter stats for '/home/domin/DutyFree/benchmarks/e2e/hash_join/build/cxl_join_bench --mode hot-probe --policy wb --fact-bytes 256m --hot-bytes 177838489 --morsel 16m --warmups 2 --reps 1 --cpu-list 32 --threads 1':

        33,398,749      l1d_pend_miss.fb_full                                                 
     2,002,703,887      cycles                                                                
     1,627,408,804      instructions                                                          
    12,016,044,180      TOPDOWN.SLOTS                    #     26.9 %  tma_bad_speculation    
                                                         #      9.4 %  tma_frontend_bound     
     1,684,800,241      topdown-retiring                 #     49.7 %  tma_backend_bound      
     1,163,730,922      topdown-fe-bound                                                      
     2,945,989,377      topdown-mem-bound                #     25.4 %  tma_core_bound         
                                                         #     24.4 %  tma_memory_bound       
     6,013,086,467      topdown-be-bound                                                      
       195,588,179      topdown-heavy-ops                #     13.9 %  tma_retiring           
                                                         #      1.6 %  tma_heavy_operations   
                                                         #     12.3 %  tma_light_operations   
     3,161,825,143      topdown-br-mispredict            #     26.2 %  tma_branch_mispredicts 
                                                         #      0.8 %  tma_machine_clears     
       561,761,603      topdown-fetch-lat                #      5.0 %  tma_fetch_bandwidth    
                                                         #      4.4 %  tma_fetch_latency      
     3,226,958,808      topdown-bad-spec                                                      
        28,743,835      INT_MISC.UOP_DROPPING                                                 

       1.057238083 seconds time elapsed

       0.858855000 seconds user
       0.196966000 seconds sys


