HOT_TABLE pid=2247751 base=0x71b783dff010 bytes=268435456 entries=16777216 anon_huge_kb=0 kernel_page_kb=4 mmu_page_kb=4
HOT_TABLE_WARMED pid=2247751 warmups=2 pre_measure_sleep_s=0

 Performance counter stats for '/home/domin/DutyFree/benchmarks/e2e/hash_join/build/cxl_join_bench --mode morsel --policy wb --fact-node 2 --hot-node 0 --fact-bytes 256m --hot-bytes 177838489 --warmups 2 --reps 1 --morsel 16m --no-stream --cpu-list 32 --threads 1':

        40,360,285      l1d_pend_miss.fb_full                                                 
     2,525,409,061      cycles                                                                
     1,747,189,696      instructions                                                          
    15,152,454,366      TOPDOWN.SLOTS                    #     37.0 %  tma_bad_speculation    
                                                         #     17.5 %  tma_frontend_bound     
     1,698,875,422      topdown-retiring                 #     34.3 %  tma_backend_bound      
     2,706,608,112      topdown-fe-bound                                                      
     2,559,648,485      topdown-mem-bound                #     17.5 %  tma_core_bound         
                                                         #     16.8 %  tma_memory_bound       
     5,211,653,957      topdown-be-bound                                                      
       138,005,156      topdown-heavy-ops                #     11.2 %  tma_retiring           
                                                         #      0.9 %  tma_heavy_operations   
                                                         #     10.3 %  tma_light_operations   
     5,506,866,885      topdown-br-mispredict            #     36.2 %  tma_branch_mispredicts 
                                                         #      0.8 %  tma_machine_clears     
     1,143,662,609      topdown-fetch-lat                #     10.3 %  tma_fetch_bandwidth    
                                                         #      7.2 %  tma_fetch_latency      
     5,574,878,993      topdown-bad-spec                                                      
        49,292,613      INT_MISC.UOP_DROPPING                                                 

       1.332991263 seconds time elapsed

       1.142119000 seconds user
       0.188854000 seconds sys


