HOT_TABLE pid=2247732 base=0x728a643ff010 bytes=268435456 entries=16777216 anon_huge_kb=0 kernel_page_kb=4 mmu_page_kb=4
HOT_TABLE_WARMED pid=2247732 warmups=2 pre_measure_sleep_s=0

 Performance counter stats for '/home/domin/DutyFree/benchmarks/e2e/hash_join/build/cxl_join_bench --mode morsel --policy wb --fact-node 2 --hot-node 0 --fact-bytes 256m --hot-bytes 177838489 --warmups 2 --reps 1 --morsel 16m --cpu-list 32 --threads 1':

       150,656,775      l1d_pend_miss.fb_full                                                 
     3,483,625,860      cycles                                                                
     3,006,167,897      instructions                                                          
    20,901,544,824      TOPDOWN.SLOTS                    #     33.1 %  tma_bad_speculation    
                                                         #     15.9 %  tma_frontend_bound     
     3,045,320,827      topdown-retiring                 #     36.5 %  tma_backend_bound      
     3,410,461,328      topdown-fe-bound                                                      
     4,263,253,600      topdown-mem-bound                #     16.2 %  tma_core_bound         
                                                         #     20.3 %  tma_memory_bound       
     7,654,343,644      topdown-be-bound                                                      
       239,306,767      topdown-heavy-ops                #     14.5 %  tma_retiring           
                                                         #      1.1 %  tma_heavy_operations   
                                                         #     13.4 %  tma_light_operations   
     6,792,720,162      topdown-br-mispredict            #     32.4 %  tma_branch_mispredicts 
                                                         #      0.8 %  tma_machine_clears     
     1,736,039,545      topdown-fetch-lat                #      8.0 %  tma_fetch_bandwidth    
                                                         #      7.9 %  tma_fetch_latency      
     6,879,973,915      topdown-bad-spec                                                      
        71,467,774      INT_MISC.UOP_DROPPING                                                 

       1.838614979 seconds time elapsed

       1.478838000 seconds user
       0.356479000 seconds sys


