HOT_TABLE pid=2247825 base=0x7f553c5ff010 bytes=268435456 entries=16777216 anon_huge_kb=0 kernel_page_kb=4 mmu_page_kb=4
HOT_TABLE_WARMED pid=2247825 warmups=2 pre_measure_sleep_s=0

 Performance counter stats for '/home/domin/DutyFree/benchmarks/e2e/hash_join/build/cxl_join_bench --mode morsel --policy wb --fact-node 2 --hot-node 0 --fact-bytes 256m --hot-bytes 177838489 --warmups 2 --reps 1 --morsel 16m --cpu-list 32 --threads 1':

       152,949,099      l1d_pend_miss.fb_full                                                 
     3,469,923,997      cycles                                                                
     3,029,915,084      instructions                                                          
    20,818,806,798      TOPDOWN.SLOTS                    #     32.3 %  tma_bad_speculation    
                                                         #     17.0 %  tma_frontend_bound     
     3,041,292,608      topdown-retiring                 #     36.2 %  tma_backend_bound      
     3,640,382,836      topdown-fe-bound                                                      
     4,137,654,842      topdown-mem-bound                #     16.4 %  tma_core_bound         
                                                         #     19.7 %  tma_memory_bound       
     7,581,273,481      topdown-be-bound                                                      
       272,324,165      topdown-heavy-ops                #     14.5 %  tma_retiring           
                                                         #      1.3 %  tma_heavy_operations   
                                                         #     13.2 %  tma_light_operations   
     6,621,467,357      topdown-br-mispredict            #     31.6 %  tma_branch_mispredicts 
                                                         #      0.7 %  tma_machine_clears     
     1,835,444,083      topdown-fetch-lat                #      8.6 %  tma_fetch_bandwidth    
                                                         #      8.4 %  tma_fetch_latency      
     6,706,085,539      topdown-bad-spec                                                      
        70,237,609      INT_MISC.UOP_DROPPING                                                 

       1.831071052 seconds time elapsed

       1.437728000 seconds user
       0.390383000 seconds sys


