HOT_TABLE pid=2247844 base=0x76f5089ff010 bytes=268435456 entries=16777216 anon_huge_kb=0 kernel_page_kb=4 mmu_page_kb=4
HOT_TABLE_WARMED pid=2247844 warmups=2 pre_measure_sleep_s=0

 Performance counter stats for '/home/domin/DutyFree/benchmarks/e2e/hash_join/build/cxl_join_bench --mode morsel --policy wb --fact-node 2 --hot-node 0 --fact-bytes 256m --hot-bytes 177838489 --warmups 2 --reps 1 --morsel 16m --cpu-list 32 --threads 1':

       111,992,745      l1d_pend_miss.fb_full                                                 
     3,295,636,445      cycles                                                                
     3,008,262,027      instructions                                                          
    19,773,818,670      TOPDOWN.SLOTS                    #     35.9 %  tma_bad_speculation    
                                                         #     11.3 %  tma_frontend_bound     
     3,040,159,234      topdown-retiring                 #     37.4 %  tma_backend_bound      
     2,314,576,075      topdown-fe-bound                                                      
     3,699,191,234      topdown-mem-bound                #     18.7 %  tma_core_bound         
                                                         #     18.7 %  tma_memory_bound       
     7,398,191,895      topdown-be-bound                                                      
       263,424,634      topdown-heavy-ops                #     15.4 %  tma_retiring           
                                                         #      1.3 %  tma_heavy_operations   
                                                         #     14.0 %  tma_light_operations   
     6,940,177,030      topdown-br-mispredict            #     35.1 %  tma_branch_mispredicts 
                                                         #      0.8 %  tma_machine_clears     
     1,194,692,248      topdown-fetch-lat                #      5.7 %  tma_fetch_bandwidth    
                                                         #      5.7 %  tma_fetch_latency      
     7,018,445,167      topdown-bad-spec                                                      
        71,257,865      INT_MISC.UOP_DROPPING                                                 

       1.739240786 seconds time elapsed

       1.401734000 seconds user
       0.334459000 seconds sys


