HOT_TABLE pid=2247918 base=0x7d74fe2ff010 bytes=268435456 entries=16777216 anon_huge_kb=0 kernel_page_kb=4 mmu_page_kb=4
HOT_TABLE_WARMED pid=2247918 warmups=2 pre_measure_sleep_s=0

 Performance counter stats for '/home/domin/DutyFree/benchmarks/e2e/hash_join/build/cxl_join_bench --mode morsel --policy wb --fact-node 2 --hot-node 0 --fact-bytes 256m --hot-bytes 177838489 --warmups 2 --reps 1 --morsel 16m --no-stream --cpu-list 32 --threads 1':

        31,195,299      l1d_pend_miss.fb_full                                                 
     2,465,529,660      cycles                                                                
     1,775,342,476      instructions                                                          
    14,792,782,188      TOPDOWN.SLOTS                    #     37.6 %  tma_bad_speculation    
                                                         #     17.3 %  tma_frontend_bound     
     1,752,229,011      topdown-retiring                 #     33.3 %  tma_backend_bound      
     2,634,713,230      topdown-fe-bound                                                      
     2,341,051,012      topdown-mem-bound                #     17.6 %  tma_core_bound         
                                                         #     15.7 %  tma_memory_bound       
     4,961,317,816      topdown-be-bound                                                      
       120,739,359      topdown-heavy-ops                #     11.8 %  tma_retiring           
                                                         #      0.8 %  tma_heavy_operations   
                                                         #     10.9 %  tma_light_operations   
     5,509,120,067      topdown-br-mispredict            #     37.0 %  tma_branch_mispredicts 
                                                         #      0.6 %  tma_machine_clears     
     1,115,381,360      topdown-fetch-lat                #     10.2 %  tma_fetch_bandwidth    
                                                         #      7.2 %  tma_fetch_latency      
     5,552,893,983      topdown-bad-spec                                                      
        49,173,508      INT_MISC.UOP_DROPPING                                                 

       1.301081067 seconds time elapsed

       1.123455000 seconds user
       0.175758000 seconds sys


