HOT_TABLE pid=2247939 base=0x72ce549ff010 bytes=268435456 entries=16777216 anon_huge_kb=0 kernel_page_kb=4 mmu_page_kb=4
HOT_TABLE_WARMED pid=2247939 warmups=2 pre_measure_sleep_s=0

 Performance counter stats for '/home/domin/DutyFree/benchmarks/e2e/hash_join/build/cxl_join_bench --mode morsel --policy wb --fact-node 2 --hot-node 0 --fact-bytes 256m --hot-bytes 177838489 --warmups 2 --reps 1 --morsel 16m --cpu-list 32 --threads 1':

        96,433,075      l1d_pend_miss.fb_full                                                 
     3,213,202,197      cycles                                                                
     3,038,093,067      instructions                                                          
    19,279,058,190      TOPDOWN.SLOTS                    #     34.9 %  tma_bad_speculation    
                                                         #     15.9 %  tma_frontend_bound     
     3,095,526,625      topdown-retiring                 #     33.2 %  tma_backend_bound      
     3,140,754,851      topdown-fe-bound                                                      
     3,046,538,363      topdown-mem-bound                #     17.5 %  tma_core_bound         
                                                         #     15.7 %  tma_memory_bound       
     6,440,479,812      topdown-be-bound                                                      
       290,295,063      topdown-heavy-ops                #     16.0 %  tma_retiring           
                                                         #      1.5 %  tma_heavy_operations   
                                                         #     14.5 %  tma_light_operations   
     6,596,173,367      topdown-br-mispredict            #     34.1 %  tma_branch_mispredicts 
                                                         #      0.9 %  tma_machine_clears     
     1,559,827,580      topdown-fetch-lat                #      8.2 %  tma_fetch_bandwidth    
                                                         #      7.7 %  tma_fetch_latency      
     6,693,865,599      topdown-bad-spec                                                      
        68,225,488      INT_MISC.UOP_DROPPING                                                 

       1.695165226 seconds time elapsed

       1.387198000 seconds user
       0.305823000 seconds sys


