HOT_TABLE pid=2244272 base=0x72017a7ff010 bytes=268435456 entries=16777216 anon_huge_kb=0 kernel_page_kb=4 mmu_page_kb=4
HOT_TABLE_WARMED pid=2244272 warmups=2 pre_measure_sleep_s=0

 Performance counter stats for '/home/domin/DutyFree/benchmarks/e2e/hash_join/build/cxl_join_bench --mode morsel --policy wb --fact-node 2 --hot-node 0 --fact-bytes 256m --hot-bytes 177838489 --morsel 1m --warmups 2 --reps 1 --no-stream --cpu-list 32 --threads 1':

        31,709,083      l1d_pend_miss.fb_full                                                 
     2,500,070,479      cycles                                                                
     1,758,846,459      instructions                                                          
    14,999,963,298      TOPDOWN.SLOTS                    #     37.3 %  tma_bad_speculation    
                                                         #     16.8 %  tma_frontend_bound     
     1,750,882,766      topdown-retiring                 #     34.4 %  tma_backend_bound      
     2,605,915,861      topdown-fe-bound                                                      
     2,471,834,494      topdown-mem-bound                #     18.1 %  tma_core_bound         
                                                         #     16.3 %  tma_memory_bound       
     5,222,297,379      topdown-be-bound                                                      
       132,516,902      topdown-heavy-ops                #     11.5 %  tma_retiring           
                                                         #      0.9 %  tma_heavy_operations   
                                                         #     10.6 %  tma_light_operations   
     5,571,689,497      topdown-br-mispredict            #     36.7 %  tma_branch_mispredicts 
                                                         #      0.7 %  tma_machine_clears     
     1,096,833,546      topdown-fetch-lat                #      9.9 %  tma_fetch_bandwidth    
                                                         #      6.9 %  tma_fetch_latency      
     5,621,179,645      topdown-bad-spec                                                      
        49,229,603      INT_MISC.UOP_DROPPING                                                 

       1.318985171 seconds time elapsed

       1.122566000 seconds user
       0.194924000 seconds sys


