HOT_TABLE pid=2244985 base=0x7301ed7ff010 bytes=268435456 entries=16777216 anon_huge_kb=0 kernel_page_kb=4 mmu_page_kb=4
HOT_TABLE_WARMED pid=2244985 warmups=2 pre_measure_sleep_s=0

 Performance counter stats for '/home/domin/DutyFree/benchmarks/e2e/hash_join/build/cxl_join_bench --mode morsel --policy wb --fact-node 2 --hot-node 0 --fact-bytes 256m --hot-bytes 177838489 --morsel 1m --warmups 2 --reps 1 --cpu-list 32 --threads 1':

       156,535,832      l1d_pend_miss.fb_full                                                 
     3,476,596,178      cycles                                                                
     2,996,201,375      instructions                                                          
    20,859,272,592      TOPDOWN.SLOTS                    #     33.2 %  tma_bad_speculation    
                                                         #     15.0 %  tma_frontend_bound     
     3,034,470,128      topdown-retiring                 #     37.3 %  tma_backend_bound      
     3,206,901,501      topdown-fe-bound                                                      
     4,322,795,354      topdown-mem-bound                #     16.6 %  tma_core_bound         
                                                         #     20.7 %  tma_memory_bound       
     7,786,929,149      topdown-be-bound                                                      
       269,902,155      topdown-heavy-ops                #     14.5 %  tma_retiring           
                                                         #      1.3 %  tma_heavy_operations   
                                                         #     13.2 %  tma_light_operations   
     6,783,828,000      topdown-br-mispredict            #     32.5 %  tma_branch_mispredicts 
                                                         #      0.8 %  tma_machine_clears     
     1,618,777,418      topdown-fetch-lat                #      7.6 %  tma_fetch_bandwidth    
                                                         #      7.4 %  tma_fetch_latency      
     6,870,563,200      topdown-bad-spec                                                      
        71,491,409      INT_MISC.UOP_DROPPING                                                 

       1.833847557 seconds time elapsed

       1.445047000 seconds user
       0.386477000 seconds sys


