HOT_TABLE pid=2244964 base=0x7c714f6ff010 bytes=268435456 entries=16777216 anon_huge_kb=0 kernel_page_kb=4 mmu_page_kb=4
HOT_TABLE_WARMED pid=2244964 warmups=2 pre_measure_sleep_s=0

 Performance counter stats for '/home/domin/DutyFree/benchmarks/e2e/hash_join/build/cxl_join_bench --mode morsel --policy wb --fact-node 2 --hot-node 0 --fact-bytes 256m --hot-bytes 177838489 --morsel 1m --warmups 2 --reps 1 --no-stream --cpu-list 32 --threads 1':

        38,145,389      l1d_pend_miss.fb_full                                                 
     2,513,319,378      cycles                                                                
     1,769,914,054      instructions                                                          
    15,079,309,566      TOPDOWN.SLOTS                    #     37.2 %  tma_bad_speculation    
                                                         #     16.9 %  tma_frontend_bound     
     1,710,373,690      topdown-retiring                 #     34.6 %  tma_backend_bound      
     2,606,448,263      topdown-fe-bound                                                      
     2,557,263,823      topdown-mem-bound                #     17.7 %  tma_core_bound         
                                                         #     16.9 %  tma_memory_bound       
     5,245,621,636      topdown-be-bound                                                      
       137,040,874      topdown-heavy-ops                #     11.3 %  tma_retiring           
                                                         #      0.9 %  tma_heavy_operations   
                                                         #     10.4 %  tma_light_operations   
     5,545,714,613      topdown-br-mispredict            #     36.6 %  tma_branch_mispredicts 
                                                         #      0.6 %  tma_machine_clears     
     1,082,550,267      topdown-fetch-lat                #     10.1 %  tma_fetch_bandwidth    
                                                         #      6.8 %  tma_fetch_latency      
     5,590,180,896      topdown-bad-spec                                                      
        49,553,114      INT_MISC.UOP_DROPPING                                                 

       1.327470333 seconds time elapsed

       1.131856000 seconds user
       0.192635000 seconds sys


