HOT_TABLE pid=2245120 base=0x7e31973ff010 bytes=268435456 entries=16777216 anon_huge_kb=0 kernel_page_kb=4 mmu_page_kb=4
HOT_TABLE_WARMED pid=2245120 warmups=2 pre_measure_sleep_s=0

 Performance counter stats for '/home/domin/DutyFree/benchmarks/e2e/hash_join/build/cxl_join_bench --mode morsel --policy wb --fact-node 2 --hot-node 0 --fact-bytes 256m --hot-bytes 177838489 --morsel 1m --warmups 2 --reps 1 --cpu-list 32 --threads 1':

       112,157,597      l1d_pend_miss.fb_full                                                 
     3,300,013,653      cycles                                                                
     3,027,015,507      instructions                                                          
    19,798,176,642      TOPDOWN.SLOTS                    #     35.6 %  tma_bad_speculation    
                                                         #     11.2 %  tma_frontend_bound     
     3,044,986,037      topdown-retiring                 #     37.9 %  tma_backend_bound      
     2,289,311,658      topdown-fe-bound                                                      
     3,817,127,719      topdown-mem-bound                #     18.7 %  tma_core_bound         
                                                         #     19.2 %  tma_memory_bound       
     7,521,029,141      topdown-be-bound                                                      
       256,421,023      topdown-heavy-ops                #     15.3 %  tma_retiring           
                                                         #      1.3 %  tma_heavy_operations   
                                                         #     14.0 %  tma_light_operations   
     6,872,824,842      topdown-br-mispredict            #     34.6 %  tma_branch_mispredicts 
                                                         #      1.0 %  tma_machine_clears     
     1,269,310,118      topdown-fetch-lat                #      5.1 %  tma_fetch_bandwidth    
                                                         #      6.0 %  tma_fetch_latency      
     6,994,983,465      topdown-bad-spec                                                      
        70,557,953      INT_MISC.UOP_DROPPING                                                 

       1.741558416 seconds time elapsed

       1.408090000 seconds user
       0.330551000 seconds sys


