HOT_TABLE pid=2245082 base=0x7fe03e9ff010 bytes=268435456 entries=16777216 anon_huge_kb=0 kernel_page_kb=4 mmu_page_kb=4
HOT_TABLE_WARMED pid=2245082 warmups=2 pre_measure_sleep_s=0

 Performance counter stats for '/home/domin/DutyFree/benchmarks/e2e/hash_join/build/cxl_join_bench --mode morsel --policy wb --fact-node 2 --hot-node 0 --fact-bytes 256m --hot-bytes 177838489 --morsel 1m --warmups 2 --reps 1 --no-stream --cpu-list 32 --threads 1':

        39,031,450      l1d_pend_miss.fb_full                                                 
     2,496,707,759      cycles                                                                
     1,750,385,009      instructions                                                          
    14,980,146,096      TOPDOWN.SLOTS                    #     37.4 %  tma_bad_speculation    
                                                         #     17.3 %  tma_frontend_bound     
     1,691,249,214      topdown-retiring                 #     34.2 %  tma_backend_bound      
     2,655,930,435      topdown-fe-bound                                                      
     2,448,483,413      topdown-mem-bound                #     18.0 %  tma_core_bound         
                                                         #     16.2 %  tma_memory_bound       
     5,159,419,025      topdown-be-bound                                                      
       123,436,929      topdown-heavy-ops                #     11.2 %  tma_retiring           
                                                         #      0.8 %  tma_heavy_operations   
                                                         #     10.4 %  tma_light_operations   
     5,524,745,953      topdown-br-mispredict            #     36.6 %  tma_branch_mispredicts 
                                                         #      0.8 %  tma_machine_clears     
     1,130,174,408      topdown-fetch-lat                #     10.1 %  tma_fetch_bandwidth    
                                                         #      7.2 %  tma_fetch_latency      
     5,591,038,760      topdown-bad-spec                                                      
        49,379,928      INT_MISC.UOP_DROPPING                                                 

       1.318463942 seconds time elapsed

       1.124019000 seconds user
       0.191662000 seconds sys


