
 Performance counter stats for '/home/domin/DutyFree/benchmarks/e2e/hash_join/build/cxl_join_bench --mode split --policy wb --fact-node 2 --hot-node 0 --fact-bytes 256m --hot-bytes 177838489 --morsel 1m --warmups 2 --reps 1 --cpu-list 32,33 --scan-threads 1 --probe-threads 1 --queue-depth 16':

       161,740,482      l1d_pend_miss.fb_full                                                 
     3,717,152,723      cycles                                                                
     3,612,573,253      instructions                                                          
    22,302,733,218      TOPDOWN.SLOTS                    #     32.6 %  tma_bad_speculation    
                                                         #     10.6 %  tma_frontend_bound     
     3,690,408,150      topdown-retiring                 #     40.2 %  tma_backend_bound      
     2,452,712,638      topdown-fe-bound                                                      
     4,707,678,003      topdown-mem-bound                #     19.2 %  tma_core_bound         
                                                         #     21.0 %  tma_memory_bound       
     8,998,665,203      topdown-be-bound                                                      
       351,400,420      topdown-heavy-ops                #     16.5 %  tma_retiring           
                                                         #      1.6 %  tma_heavy_operations   
                                                         #     14.9 %  tma_light_operations   
     7,087,402,424      topdown-br-mispredict            #     31.7 %  tma_branch_mispredicts 
                                                         #      1.0 %  tma_machine_clears     
     1,436,343,221      topdown-fetch-lat                #      4.5 %  tma_fetch_bandwidth    
                                                         #      6.1 %  tma_fetch_latency      
     7,230,212,760      topdown-bad-spec                                                      
        71,743,677      INT_MISC.UOP_DROPPING                                                 

       1.912568021 seconds time elapsed

       1.477353000 seconds user
       0.481137000 seconds sys


