
 Performance counter stats for '/home/domin/DutyFree/benchmarks/e2e/hash_join/build/cxl_join_bench --mode split --policy wb --fact-node 2 --hot-node 0 --fact-bytes 256m --hot-bytes 177838489 --morsel 1m --warmups 2 --reps 1 --cpu-list 32,160 --scan-threads 1 --probe-threads 1 --queue-depth 16':

       310,850,010      l1d_pend_miss.fb_full                                                 
     4,044,374,116      cycles                                                                
     3,614,708,510      instructions                                                          
    23,470,367,544      TOPDOWN.SLOTS                    #     32.2 %  tma_bad_speculation    
                                                         #     11.3 %  tma_frontend_bound     
     3,613,435,878      topdown-retiring                 #     41.2 %  tma_backend_bound      
     2,744,263,908      topdown-fe-bound                                                      
     5,531,556,367      topdown-mem-bound                #     17.7 %  tma_core_bound         
                                                         #     23.5 %  tma_memory_bound       
     9,699,263,713      topdown-be-bound                                                      
       312,238,074      topdown-heavy-ops                #     15.3 %  tma_retiring           
                                                         #      1.3 %  tma_heavy_operations   
                                                         #     14.0 %  tma_light_operations   
     7,404,451,946      topdown-br-mispredict            #     31.4 %  tma_branch_mispredicts 
                                                         #      0.8 %  tma_machine_clears     
     1,570,894,359      topdown-fetch-lat                #      5.0 %  tma_fetch_bandwidth    
                                                         #      6.3 %  tma_fetch_latency      
     7,505,518,050      topdown-bad-spec                                                      
        77,913,697      INT_MISC.UOP_DROPPING                                                 

       2.064121357 seconds time elapsed

       1.612850000 seconds user
       0.518309000 seconds sys


