
 Performance counter stats for '/home/domin/DutyFree/benchmarks/e2e/hash_join/build/cxl_join_bench --mode split --policy wb --fact-node 2 --hot-node 0 --fact-bytes 256m --hot-bytes 177838489 --morsel 1m --warmups 2 --reps 1 --cpu-list 32,33 --scan-threads 1 --probe-threads 1 --queue-depth 16':

       178,568,111      l1d_pend_miss.fb_full                                                 
     3,739,098,662      cycles                                                                
     3,606,048,953      instructions                                                          
    22,434,591,972      TOPDOWN.SLOTS                    #     32.0 %  tma_bad_speculation    
                                                         #     11.2 %  tma_frontend_bound     
     3,676,763,397      topdown-retiring                 #     40.5 %  tma_backend_bound      
     2,586,652,985      topdown-fe-bound                                                      
     4,871,834,354      topdown-mem-bound                #     18.8 %  tma_core_bound         
                                                         #     21.7 %  tma_memory_bound       
     9,092,046,816      topdown-be-bound                                                      
       300,208,728      topdown-heavy-ops                #     16.4 %  tma_retiring           
                                                         #      1.3 %  tma_heavy_operations   
                                                         #     15.0 %  tma_light_operations   
     6,985,092,227      topdown-br-mispredict            #     31.1 %  tma_branch_mispredicts 
                                                         #      0.9 %  tma_machine_clears     
     1,381,479,511      topdown-fetch-lat                #      5.4 %  tma_fetch_bandwidth    
                                                         #      5.8 %  tma_fetch_latency      
     7,119,759,320      topdown-bad-spec                                                      
        70,968,286      INT_MISC.UOP_DROPPING                                                 

       1.924573496 seconds time elapsed

       1.477625000 seconds user
       0.492541000 seconds sys


