
 Performance counter stats for '/home/domin/DutyFree/benchmarks/e2e/hash_join/build/cxl_join_bench --mode split --policy wb --fact-node 2 --hot-node 0 --fact-bytes 256m --hot-bytes 177838489 --morsel 1m --warmups 2 --reps 1 --cpu-list 32,33 --scan-threads 1 --probe-threads 1 --queue-depth 16':

       218,206,161      l1d_pend_miss.fb_full                                                 
     3,942,455,402      cycles                                                                
     3,613,929,048      instructions                                                          
    23,654,732,412      TOPDOWN.SLOTS                    #     31.9 %  tma_bad_speculation    
                                                         #     10.6 %  tma_frontend_bound     
     3,716,148,649      topdown-retiring                 #     41.9 %  tma_backend_bound      
     2,610,444,153      topdown-fe-bound                                                      
     5,714,310,960      topdown-mem-bound                #     17.9 %  tma_core_bound         
                                                         #     24.0 %  tma_memory_bound       
     9,982,488,321      topdown-be-bound                                                      
       363,722,518      topdown-heavy-ops                #     15.6 %  tma_retiring           
                                                         #      1.5 %  tma_heavy_operations   
                                                         #     14.1 %  tma_light_operations   
     7,379,239,051      topdown-br-mispredict            #     31.0 %  tma_branch_mispredicts 
                                                         #      0.9 %  tma_machine_clears     
     1,414,261,799      topdown-fetch-lat                #      5.0 %  tma_fetch_bandwidth    
                                                         #      5.6 %  tma_fetch_latency      
     7,527,359,014      topdown-bad-spec                                                      
        74,690,097      INT_MISC.UOP_DROPPING                                                 

       2.018313754 seconds time elapsed

       1.565328000 seconds user
       0.511780000 seconds sys


