
 Performance counter stats for '/home/domin/DutyFree/benchmarks/e2e/hash_join/build/cxl_join_bench --mode split --policy wb --fact-node 2 --hot-node 0 --fact-bytes 256m --hot-bytes 177838489 --morsel 1m --warmups 2 --reps 1 --cpu-list 32,160 --scan-threads 1 --probe-threads 1 --queue-depth 16':

       315,856,711      l1d_pend_miss.fb_full                                                 
     4,028,703,593      cycles                                                                
     3,613,991,027      instructions                                                          
    23,374,404,570      TOPDOWN.SLOTS                    #     32.4 %  tma_bad_speculation    
                                                         #     11.2 %  tma_frontend_bound     
     3,692,071,650      topdown-retiring                 #     40.7 %  tma_backend_bound      
     2,710,747,040      topdown-fe-bound                                                      
     5,363,494,989      topdown-mem-bound                #     17.9 %  tma_core_bound         
                                                         #     22.8 %  tma_memory_bound       
     9,564,830,423      topdown-be-bound                                                      
       314,760,517      topdown-heavy-ops                #     15.7 %  tma_retiring           
                                                         #      1.3 %  tma_heavy_operations   
                                                         #     14.4 %  tma_light_operations   
     7,345,894,219      topdown-br-mispredict            #     31.2 %  tma_branch_mispredicts 
                                                         #      1.2 %  tma_machine_clears     
     1,513,804,305      topdown-fetch-lat                #      5.1 %  tma_fetch_bandwidth    
                                                         #      6.1 %  tma_fetch_latency      
     7,539,725,268      topdown-bad-spec                                                      
        77,592,988      INT_MISC.UOP_DROPPING                                                 

       2.054976957 seconds time elapsed

       1.611066000 seconds user
       0.511386000 seconds sys


