HOT_TABLE pid=2244291 base=0x7cde37fff010 bytes=268435456 entries=16777216 anon_huge_kb=0 kernel_page_kb=4 mmu_page_kb=4
HOT_TABLE_WARMED pid=2244291 warmups=2 pre_measure_sleep_s=0

 Performance counter stats for '/home/domin/DutyFree/benchmarks/e2e/hash_join/build/cxl_join_bench --mode morsel --policy wb --fact-node 2 --hot-node 0 --fact-bytes 256m --hot-bytes 177838489 --morsel 1m --warmups 2 --reps 1 --no-stream --cpu-list 32 --threads 1':

        28,518,134      l1d_pend_miss.fb_full                                                 
     2,447,195,879      cycles                                                                
     1,752,465,640      instructions                                                          
    14,683,175,274      TOPDOWN.SLOTS                    #     38.0 %  tma_bad_speculation    
                                                         #     17.5 %  tma_frontend_bound     
     1,740,585,951      topdown-retiring                 #     32.7 %  tma_backend_bound      
     2,637,724,780      topdown-fe-bound                                                      
     2,234,182,239      topdown-mem-bound                #     17.6 %  tma_core_bound         
                                                         #     15.1 %  tma_memory_bound       
     4,824,275,604      topdown-be-bound                                                      
       134,046,410      topdown-heavy-ops                #     11.8 %  tma_retiring           
                                                         #      0.9 %  tma_heavy_operations   
                                                         #     10.9 %  tma_light_operations   
     5,492,216,661      topdown-br-mispredict            #     37.2 %  tma_branch_mispredicts 
                                                         #      0.8 %  tma_machine_clears     
     1,133,937,928      topdown-fetch-lat                #     10.2 %  tma_fetch_bandwidth    
                                                         #      7.4 %  tma_fetch_latency      
     5,555,582,696      topdown-bad-spec                                                      
        48,832,939      INT_MISC.UOP_DROPPING                                                 

       1.291691783 seconds time elapsed

       1.120692000 seconds user
       0.168803000 seconds sys


