
 Performance counter stats for '/home/domin/DutyFree/benchmarks/e2e/hash_join/build/cxl_join_bench --mode split --policy wb --fact-node 2 --hot-node 0 --fact-bytes 256m --hot-bytes 177838489 --morsel 1m --warmups 2 --reps 1 --cpu-list 32,160 --scan-threads 1 --probe-threads 1 --queue-depth 16':

       179,633,959      l1d_pend_miss.fb_full                                                 
     3,784,522,172      cycles                                                                
     3,626,174,902      instructions                                                          
    22,053,519,438      TOPDOWN.SLOTS                    #     32.9 %  tma_bad_speculation    
                                                         #     11.4 %  tma_frontend_bound     
     3,698,788,826      topdown-retiring                 #     39.1 %  tma_backend_bound      
     2,603,557,969      topdown-fe-bound                                                      
     4,478,650,859      topdown-mem-bound                #     18.9 %  tma_core_bound         
                                                         #     20.1 %  tma_memory_bound       
     8,690,649,583      topdown-be-bound                                                      
       298,973,052      topdown-heavy-ops                #     16.6 %  tma_retiring           
                                                         #      1.3 %  tma_heavy_operations   
                                                         #     15.3 %  tma_light_operations   
     7,165,978,054      topdown-br-mispredict            #     32.2 %  tma_branch_mispredicts 
                                                         #      0.7 %  tma_machine_clears     
     1,433,812,452      topdown-fetch-lat                #      5.3 %  tma_fetch_bandwidth    
                                                         #      6.1 %  tma_fetch_latency      
     7,244,670,262      topdown-bad-spec                                                      
        74,937,040      INT_MISC.UOP_DROPPING                                                 

       1.939604139 seconds time elapsed

       1.537652000 seconds user
       0.456599000 seconds sys


