
 Performance counter stats for '/home/domin/DutyFree/benchmarks/e2e/hash_join/build/cxl_join_bench --mode split --policy wb --fact-node 2 --hot-node 0 --fact-bytes 256m --hot-bytes 177838489 --morsel 1m --warmups 2 --reps 1 --cpu-list 32,33 --scan-threads 1 --probe-threads 1 --queue-depth 16':

       153,028,347      l1d_pend_miss.fb_full                                                 
     3,660,945,820      cycles                                                                
     3,613,197,932      instructions                                                          
    21,965,535,240      TOPDOWN.SLOTS                    #     33.0 %  tma_bad_speculation    
                                                         #     11.7 %  tma_frontend_bound     
     3,659,138,070      topdown-retiring                 #     38.7 %  tma_backend_bound      
     2,635,842,918      topdown-fe-bound                                                      
     4,405,103,680      topdown-mem-bound                #     18.7 %  tma_core_bound         
                                                         #     20.0 %  tma_memory_bound       
     8,512,261,235      topdown-be-bound                                                      
       294,605,152      topdown-heavy-ops                #     16.6 %  tma_retiring           
                                                         #      1.3 %  tma_heavy_operations   
                                                         #     15.3 %  tma_light_operations   
     7,097,944,427      topdown-br-mispredict            #     32.3 %  tma_branch_mispredicts 
                                                         #      0.8 %  tma_machine_clears     
     1,440,670,141      topdown-fetch-lat                #      5.4 %  tma_fetch_bandwidth    
                                                         #      6.2 %  tma_fetch_latency      
     7,194,164,220      topdown-bad-spec                                                      
        71,141,424      INT_MISC.UOP_DROPPING                                                 

       1.883393699 seconds time elapsed

       1.476282000 seconds user
       0.452779000 seconds sys


