HOT_TABLE pid=2244331 base=0x79ed05fff010 bytes=268435456 entries=16777216 anon_huge_kb=0 kernel_page_kb=4 mmu_page_kb=4
HOT_TABLE_WARMED pid=2244331 warmups=2 pre_measure_sleep_s=0

 Performance counter stats for '/home/domin/DutyFree/benchmarks/e2e/hash_join/build/cxl_join_bench --mode morsel --policy wb --fact-node 2 --hot-node 0 --fact-bytes 256m --hot-bytes 177838489 --morsel 1m --warmups 2 --reps 1 --cpu-list 32 --threads 1':

       106,069,013      l1d_pend_miss.fb_full                                                 
     3,281,096,476      cycles                                                                
     3,022,151,512      instructions                                                          
    19,686,076,776      TOPDOWN.SLOTS                    #     34.3 %  tma_bad_speculation    
                                                         #     14.8 %  tma_frontend_bound     
     3,065,209,773      topdown-retiring                 #     35.4 %  tma_backend_bound      
     3,005,433,100      topdown-fe-bound                                                      
     3,540,536,410      topdown-mem-bound                #     17.5 %  tma_core_bound         
                                                         #     17.9 %  tma_memory_bound       
     7,012,993,428      topdown-be-bound                                                      
       255,357,677      topdown-heavy-ops                #     15.5 %  tma_retiring           
                                                         #      1.3 %  tma_heavy_operations   
                                                         #     14.2 %  tma_light_operations   
     6,639,425,354      topdown-br-mispredict            #     33.5 %  tma_branch_mispredicts 
                                                         #      0.8 %  tma_machine_clears     
     1,498,619,758      topdown-fetch-lat                #      7.6 %  tma_fetch_bandwidth    
                                                         #      7.2 %  tma_fetch_latency      
     6,722,100,747      topdown-bad-spec                                                      
        69,058,927      INT_MISC.UOP_DROPPING                                                 

       1.731482409 seconds time elapsed

       1.394030000 seconds user
       0.334527000 seconds sys


