
 Performance counter stats for '/home/domin/DutyFree/benchmarks/e2e/hash_join/build/cxl_join_bench --mode split --policy wb --fact-node 2 --hot-node 0 --fact-bytes 256m --hot-bytes 177838489 --morsel 1m --warmups 2 --reps 1 --cpu-list 32,160 --scan-threads 1 --probe-threads 1 --queue-depth 16':

       176,363,749      l1d_pend_miss.fb_full                                                 
     3,759,083,473      cycles                                                                
     3,622,116,034      instructions                                                          
    21,895,872,564      TOPDOWN.SLOTS                    #     33.0 %  tma_bad_speculation    
                                                         #     11.9 %  tma_frontend_bound     
     3,629,358,190      topdown-retiring                 #     38.6 %  tma_backend_bound      
     2,671,605,699      topdown-fe-bound                                                      
     4,439,556,313      topdown-mem-bound                #     18.3 %  tma_core_bound         
                                                         #     20.3 %  tma_memory_bound       
     8,454,139,503      topdown-be-bound                                                      
       348,603,051      topdown-heavy-ops                #     16.6 %  tma_retiring           
                                                         #      1.6 %  tma_heavy_operations   
                                                         #     15.0 %  tma_light_operations   
     6,963,847,157      topdown-br-mispredict            #     31.8 %  tma_branch_mispredicts 
                                                         #      1.2 %  tma_machine_clears     
     1,455,941,802      topdown-fetch-lat                #      5.6 %  tma_fetch_bandwidth    
                                                         #      6.3 %  tma_fetch_latency      
     7,141,816,192      topdown-bad-spec                                                      
        74,070,681      INT_MISC.UOP_DROPPING                                                 

       1.925133687 seconds time elapsed

       1.514291000 seconds user
       0.466166000 seconds sys


