HOT_TABLE pid=2244428 base=0x7432653ff010 bytes=268435456 entries=16777216 anon_huge_kb=0 kernel_page_kb=4 mmu_page_kb=4
HOT_TABLE_WARMED pid=2244428 warmups=2 pre_measure_sleep_s=0

 Performance counter stats for '/home/domin/DutyFree/benchmarks/e2e/hash_join/build/cxl_join_bench --mode morsel --policy wb --fact-node 2 --hot-node 0 --fact-bytes 256m --hot-bytes 177838489 --morsel 1m --warmups 2 --reps 1 --cpu-list 32 --threads 1':

       109,547,320      l1d_pend_miss.fb_full                                                 
     3,300,364,393      cycles                                                                
     2,998,072,566      instructions                                                          
    19,802,186,358      TOPDOWN.SLOTS                    #     35.2 %  tma_bad_speculation    
                                                         #     12.6 %  tma_frontend_bound     
     3,043,389,343      topdown-retiring                 #     36.9 %  tma_backend_bound      
     2,570,692,496      topdown-fe-bound                                                      
     3,789,012,774      topdown-mem-bound                #     17.9 %  tma_core_bound         
                                                         #     19.1 %  tma_memory_bound       
     7,337,648,819      topdown-be-bound                                                      
       260,269,531      topdown-heavy-ops                #     15.3 %  tma_retiring           
                                                         #      1.3 %  tma_heavy_operations   
                                                         #     14.0 %  tma_light_operations   
     6,836,632,190      topdown-br-mispredict            #     34.4 %  tma_branch_mispredicts 
                                                         #      0.8 %  tma_machine_clears     
     1,263,105,242      topdown-fetch-lat                #      6.6 %  tma_fetch_bandwidth    
                                                         #      6.0 %  tma_fetch_latency      
     6,920,378,105      topdown-bad-spec                                                      
        70,480,640      INT_MISC.UOP_DROPPING                                                 

       1.741305462 seconds time elapsed

       1.402938000 seconds user
       0.335745000 seconds sys


