
 Performance counter stats for '/home/domin/DutyFree/benchmarks/e2e/hash_join/build/cxl_join_bench --mode split --policy wb --fact-node 2 --hot-node 0 --fact-bytes 256m --hot-bytes 177838489 --morsel 1m --warmups 2 --reps 1 --cpu-list 32,33 --scan-threads 1 --probe-threads 1 --queue-depth 16':

       161,479,884      l1d_pend_miss.fb_full                                                 
     3,723,672,389      cycles                                                                
     3,617,083,680      instructions                                                          
    22,336,786,212      TOPDOWN.SLOTS                    #     31.9 %  tma_bad_speculation    
                                                         #     12.2 %  tma_frontend_bound     
     3,739,150,131      topdown-retiring                 #     39.1 %  tma_backend_bound      
     2,808,642,354      topdown-fe-bound                                                      
     4,637,565,578      topdown-mem-bound                #     18.4 %  tma_core_bound         
                                                         #     20.7 %  tma_memory_bound       
     8,759,725,313      topdown-be-bound                                                      
       352,562,993      topdown-heavy-ops                #     16.7 %  tma_retiring           
                                                         #      1.6 %  tma_heavy_operations   
                                                         #     15.1 %  tma_light_operations   
     6,979,973,580      topdown-br-mispredict            #     31.2 %  tma_branch_mispredicts 
                                                         #      0.8 %  tma_machine_clears     
     1,535,472,549      topdown-fetch-lat                #      5.7 %  tma_fetch_bandwidth    
                                                         #      6.5 %  tma_fetch_latency      
     7,078,647,138      topdown-bad-spec                                                      
        70,684,817      INT_MISC.UOP_DROPPING                                                 

       1.916779024 seconds time elapsed

       1.501409000 seconds user
       0.460512000 seconds sys


