HOT_TABLE pid=2244447 base=0x7c52a1dff010 bytes=268435456 entries=16777216 anon_huge_kb=0 kernel_page_kb=4 mmu_page_kb=4
HOT_TABLE_WARMED pid=2244447 warmups=2 pre_measure_sleep_s=0

 Performance counter stats for '/home/domin/DutyFree/benchmarks/e2e/hash_join/build/cxl_join_bench --mode morsel --policy wb --fact-node 2 --hot-node 0 --fact-bytes 256m --hot-bytes 177838489 --morsel 1m --warmups 2 --reps 1 --cpu-list 32 --threads 1':

       110,411,872      l1d_pend_miss.fb_full                                                 
     3,300,535,371      cycles                                                                
     3,009,510,871      instructions                                                          
    19,802,861,754      TOPDOWN.SLOTS                    #     35.7 %  tma_bad_speculation    
                                                         #     11.8 %  tma_frontend_bound     
     3,044,784,656      topdown-retiring                 #     37.2 %  tma_backend_bound      
     2,428,384,377      topdown-fe-bound                                                      
     3,790,198,698      topdown-mem-bound                #     18.2 %  tma_core_bound         
                                                         #     19.0 %  tma_memory_bound       
     7,417,024,992      topdown-be-bound                                                      
       259,289,257      topdown-heavy-ops                #     15.3 %  tma_retiring           
                                                         #      1.3 %  tma_heavy_operations   
                                                         #     14.0 %  tma_light_operations   
     6,908,123,160      topdown-br-mispredict            #     34.7 %  tma_branch_mispredicts 
                                                         #      1.0 %  tma_machine_clears     
     1,220,306,242      topdown-fetch-lat                #      6.1 %  tma_fetch_bandwidth    
                                                         #      5.8 %  tma_fetch_latency      
     7,031,850,673      topdown-bad-spec                                                      
        70,862,974      INT_MISC.UOP_DROPPING                                                 

       1.740976302 seconds time elapsed

       1.382277000 seconds user
       0.356555000 seconds sys


