HOT_TABLE pid=2244579 base=0x718d2cdff010 bytes=268435456 entries=16777216 anon_huge_kb=0 kernel_page_kb=4 mmu_page_kb=4
HOT_TABLE_WARMED pid=2244579 warmups=2 pre_measure_sleep_s=0

 Performance counter stats for '/home/domin/DutyFree/benchmarks/e2e/hash_join/build/cxl_join_bench --mode morsel --policy wb --fact-node 2 --hot-node 0 --fact-bytes 256m --hot-bytes 177838489 --morsel 1m --warmups 2 --reps 1 --cpu-list 32 --threads 1':

       165,671,154      l1d_pend_miss.fb_full                                                 
     3,548,030,629      cycles                                                                
     3,008,497,443      instructions                                                          
    21,288,183,774      TOPDOWN.SLOTS                    #     34.3 %  tma_bad_speculation    
                                                         #     12.0 %  tma_frontend_bound     
     3,057,071,197      topdown-retiring                 #     39.4 %  tma_backend_bound      
     2,635,032,497      topdown-fe-bound                                                      
     4,680,877,058      topdown-mem-bound                #     17.5 %  tma_core_bound         
                                                         #     21.9 %  tma_memory_bound       
     8,411,729,326      topdown-be-bound                                                      
       280,987,571      topdown-heavy-ops                #     14.3 %  tma_retiring           
                                                         #      1.3 %  tma_heavy_operations   
                                                         #     13.0 %  tma_light_operations   
     7,149,333,677      topdown-br-mispredict            #     33.5 %  tma_branch_mispredicts 
                                                         #      0.8 %  tma_machine_clears     
     1,311,186,371      topdown-fetch-lat                #      6.2 %  tma_fetch_bandwidth    
                                                         #      5.8 %  tma_fetch_latency      
     7,237,873,419      topdown-bad-spec                                                      
        74,022,561      INT_MISC.UOP_DROPPING                                                 

       1.872267988 seconds time elapsed

       1.491711000 seconds user
       0.377673000 seconds sys


