HOT_TABLE pid=2244637 base=0x73df949ff010 bytes=268435456 entries=16777216 anon_huge_kb=0 kernel_page_kb=4 mmu_page_kb=4
HOT_TABLE_WARMED pid=2244637 warmups=2 pre_measure_sleep_s=0

 Performance counter stats for '/home/domin/DutyFree/benchmarks/e2e/hash_join/build/cxl_join_bench --mode morsel --policy wb --fact-node 2 --hot-node 0 --fact-bytes 256m --hot-bytes 177838489 --morsel 1m --warmups 2 --reps 1 --cpu-list 32 --threads 1':

       161,129,267      l1d_pend_miss.fb_full                                                 
     3,482,307,746      cycles                                                                
     3,020,360,871      instructions                                                          
    20,893,524,600      TOPDOWN.SLOTS                    #     34.7 %  tma_bad_speculation    
                                                         #     12.0 %  tma_frontend_bound     
     3,039,660,546      topdown-retiring                 #     38.9 %  tma_backend_bound      
     2,595,489,921      topdown-fe-bound                                                      
     4,387,501,113      topdown-mem-bound                #     18.0 %  tma_core_bound         
                                                         #     20.9 %  tma_memory_bound       
     8,176,962,054      topdown-be-bound                                                      
       270,375,255      topdown-heavy-ops                #     14.5 %  tma_retiring           
                                                         #      1.3 %  tma_heavy_operations   
                                                         #     13.2 %  tma_light_operations   
     7,136,175,342      topdown-br-mispredict            #     33.9 %  tma_branch_mispredicts 
                                                         #      0.7 %  tma_machine_clears     
     1,405,215,689      topdown-fetch-lat                #      5.7 %  tma_fetch_bandwidth    
                                                         #      6.3 %  tma_fetch_latency      
     7,220,016,788      topdown-bad-spec                                                      
        73,318,134      INT_MISC.UOP_DROPPING                                                 

       1.837809784 seconds time elapsed

       1.459109000 seconds user
       0.375513000 seconds sys


