
 Performance counter stats for '/home/domin/DutyFree/benchmarks/e2e/hash_join/build/cxl_join_bench --mode split --policy wb --fact-node 2 --hot-node 0 --fact-bytes 256m --hot-bytes 177838489 --morsel 1m --warmups 2 --reps 1 --cpu-list 32,33 --scan-threads 1 --probe-threads 1 --queue-depth 16':

       178,491,612      l1d_pend_miss.fb_full                                                 
     3,721,049,085      cycles                                                                
     3,596,094,240      instructions                                                          
    22,326,072,306      TOPDOWN.SLOTS                    #     32.1 %  tma_bad_speculation    
                                                         #     11.5 %  tma_frontend_bound     
     3,691,469,873      topdown-retiring                 #     39.9 %  tma_backend_bound      
     2,662,877,034      topdown-fe-bound                                                      
     4,833,141,540      topdown-mem-bound                #     18.4 %  tma_core_bound         
                                                         #     21.5 %  tma_memory_bound       
     8,965,498,443      topdown-be-bound                                                      
       351,449,779      topdown-heavy-ops                #     16.4 %  tma_retiring           
                                                         #      1.6 %  tma_heavy_operations   
                                                         #     14.9 %  tma_light_operations   
     6,979,300,467      topdown-br-mispredict            #     31.1 %  tma_branch_mispredicts 
                                                         #      1.0 %  tma_machine_clears     
     1,428,962,187      topdown-fetch-lat                #      5.5 %  tma_fetch_bandwidth    
                                                         #      6.0 %  tma_fetch_latency      
     7,127,473,732      topdown-bad-spec                                                      
        70,718,244      INT_MISC.UOP_DROPPING                                                 

       1.914220319 seconds time elapsed

       1.475999000 seconds user
       0.484671000 seconds sys


