HOT_TABLE pid=2244677 base=0x7b7378fff010 bytes=268435456 entries=16777216 anon_huge_kb=0 kernel_page_kb=4 mmu_page_kb=4
HOT_TABLE_WARMED pid=2244677 warmups=2 pre_measure_sleep_s=0

 Performance counter stats for '/home/domin/DutyFree/benchmarks/e2e/hash_join/build/cxl_join_bench --mode morsel --policy wb --fact-node 2 --hot-node 0 --fact-bytes 256m --hot-bytes 177838489 --morsel 1m --warmups 2 --reps 1 --no-stream --cpu-list 32 --threads 1':

        39,452,431      l1d_pend_miss.fb_full                                                 
     2,502,844,515      cycles                                                                
     1,752,043,931      instructions                                                          
    15,016,872,066      TOPDOWN.SLOTS                    #     37.4 %  tma_bad_speculation    
                                                         #     16.5 %  tma_frontend_bound     
     1,717,116,047      topdown-retiring                 #     34.7 %  tma_backend_bound      
     2,530,470,617      topdown-fe-bound                                                      
     2,512,796,761      topdown-mem-bound                #     18.0 %  tma_core_bound         
                                                         #     16.7 %  tma_memory_bound       
     5,230,144,495      topdown-be-bound                                                      
       114,772,358      topdown-heavy-ops                #     11.4 %  tma_retiring           
                                                         #      0.8 %  tma_heavy_operations   
                                                         #     10.6 %  tma_light_operations   
     5,561,280,358      topdown-br-mispredict            #     36.9 %  tma_branch_mispredicts 
                                                         #      0.5 %  tma_machine_clears     
     1,096,318,177      topdown-fetch-lat                #      9.5 %  tma_fetch_bandwidth    
                                                         #      7.0 %  tma_fetch_latency      
     5,583,419,813      topdown-bad-spec                                                      
        49,368,056      INT_MISC.UOP_DROPPING                                                 

       1.321200377 seconds time elapsed

       1.139149000 seconds user
       0.179708000 seconds sys


