HOT_TABLE pid=2244695 base=0x705f17dff010 bytes=268435456 entries=16777216 anon_huge_kb=0 kernel_page_kb=4 mmu_page_kb=4
HOT_TABLE_WARMED pid=2244695 warmups=2 pre_measure_sleep_s=0

 Performance counter stats for '/home/domin/DutyFree/benchmarks/e2e/hash_join/build/cxl_join_bench --mode morsel --policy wb --fact-node 2 --hot-node 0 --fact-bytes 256m --hot-bytes 177838489 --morsel 1m --warmups 2 --reps 1 --cpu-list 32 --threads 1':

       157,839,722      l1d_pend_miss.fb_full                                                 
     3,477,771,751      cycles                                                                
     3,020,032,257      instructions                                                          
    20,865,952,740      TOPDOWN.SLOTS                    #     34.2 %  tma_bad_speculation    
                                                         #     13.3 %  tma_frontend_bound     
     3,042,800,937      topdown-retiring                 #     38.0 %  tma_backend_bound      
     2,880,238,861      topdown-fe-bound                                                      
     4,360,553,694      topdown-mem-bound                #     17.2 %  tma_core_bound         
                                                         #     20.7 %  tma_memory_bound       
     7,983,913,550      topdown-be-bound                                                      
       274,523,023      topdown-heavy-ops                #     14.5 %  tma_retiring           
                                                         #      1.3 %  tma_heavy_operations   
                                                         #     13.2 %  tma_light_operations   
     7,036,730,868      topdown-br-mispredict            #     33.5 %  tma_branch_mispredicts 
                                                         #      0.8 %  tma_machine_clears     
     1,466,963,627      topdown-fetch-lat                #      6.7 %  tma_fetch_bandwidth    
                                                         #      6.6 %  tma_fetch_latency      
     7,124,097,465      topdown-bad-spec                                                      
        72,921,864      INT_MISC.UOP_DROPPING                                                 

       1.834779965 seconds time elapsed

       1.456499000 seconds user
       0.375870000 seconds sys


