
 Performance counter stats for '/home/domin/DutyFree/benchmarks/e2e/hash_join/build/cxl_join_bench --mode split --policy wb --fact-node 2 --hot-node 0 --fact-bytes 256m --hot-bytes 177838489 --morsel 1m --warmups 2 --reps 1 --cpu-list 32,33 --scan-threads 1 --probe-threads 1 --queue-depth 16':

       160,389,891      l1d_pend_miss.fb_full                                                 
     3,707,028,181      cycles                                                                
     3,608,275,798      instructions                                                          
    22,242,035,598      TOPDOWN.SLOTS                    #     32.6 %  tma_bad_speculation    
                                                         #     11.5 %  tma_frontend_bound     
     3,679,516,007      topdown-retiring                 #     39.4 %  tma_backend_bound      
     2,617,720,217      topdown-fe-bound                                                      
     4,608,520,916      topdown-mem-bound                #     18.6 %  tma_core_bound         
                                                         #     20.8 %  tma_memory_bound       
     8,739,041,751      topdown-be-bound                                                      
       353,332,864      topdown-heavy-ops                #     16.6 %  tma_retiring           
                                                         #      1.6 %  tma_heavy_operations   
                                                         #     15.0 %  tma_light_operations   
     7,067,570,238      topdown-br-mispredict            #     31.8 %  tma_branch_mispredicts 
                                                         #      0.7 %  tma_machine_clears     
     1,454,505,745      topdown-fetch-lat                #      5.2 %  tma_fetch_bandwidth    
                                                         #      6.2 %  tma_fetch_latency      
     7,160,929,479      topdown-bad-spec                                                      
        71,543,456      INT_MISC.UOP_DROPPING                                                 

       1.908043412 seconds time elapsed

       1.492065000 seconds user
       0.461093000 seconds sys


