HOT_TABLE pid=2244755 base=0x7577589ff010 bytes=268435456 entries=16777216 anon_huge_kb=0 kernel_page_kb=4 mmu_page_kb=4
HOT_TABLE_WARMED pid=2244755 warmups=2 pre_measure_sleep_s=0

 Performance counter stats for '/home/domin/DutyFree/benchmarks/e2e/hash_join/build/cxl_join_bench --mode morsel --policy wb --fact-node 2 --hot-node 0 --fact-bytes 256m --hot-bytes 177838489 --morsel 1m --warmups 2 --reps 1 --cpu-list 32 --threads 1':

       106,359,070      l1d_pend_miss.fb_full                                                 
     3,278,026,446      cycles                                                                
     2,996,524,899      instructions                                                          
    19,668,158,676      TOPDOWN.SLOTS                    #     34.3 %  tma_bad_speculation    
                                                         #     14.9 %  tma_frontend_bound     
     3,022,660,455      topdown-retiring                 #     35.4 %  tma_backend_bound      
     2,999,349,897      topdown-fe-bound                                                      
     3,624,350,801      topdown-mem-bound                #     17.0 %  tma_core_bound         
                                                         #     18.4 %  tma_memory_bound       
     6,967,614,437      topdown-be-bound                                                      
       254,419,643      topdown-heavy-ops                #     15.4 %  tma_retiring           
                                                         #      1.3 %  tma_heavy_operations   
                                                         #     14.1 %  tma_light_operations   
     6,584,194,049      topdown-br-mispredict            #     33.5 %  tma_branch_mispredicts 
                                                         #      0.8 %  tma_machine_clears     
     1,462,609,756      topdown-fetch-lat                #      7.8 %  tma_fetch_bandwidth    
                                                         #      7.1 %  tma_fetch_latency      
     6,665,991,257      topdown-bad-spec                                                      
        68,606,834      INT_MISC.UOP_DROPPING                                                 

       1.730351191 seconds time elapsed

       1.408380000 seconds user
       0.318633000 seconds sys


