
 Performance counter stats for '/home/domin/DutyFree/benchmarks/e2e/hash_join/build/cxl_join_bench --mode split --policy wb --fact-node 2 --hot-node 0 --fact-bytes 256m --hot-bytes 177838489 --morsel 1m --warmups 2 --reps 1 --cpu-list 32,33 --scan-threads 1 --probe-threads 1 --queue-depth 16':

       160,099,851      l1d_pend_miss.fb_full                                                 
     3,702,376,495      cycles                                                                
     3,591,943,344      instructions                                                          
    22,214,098,302      TOPDOWN.SLOTS                    #     32.4 %  tma_bad_speculation    
                                                         #     11.9 %  tma_frontend_bound     
     3,667,274,113      topdown-retiring                 #     39.2 %  tma_backend_bound      
     2,734,242,530      topdown-fe-bound                                                      
     4,613,248,006      topdown-mem-bound                #     18.5 %  tma_core_bound         
                                                         #     20.7 %  tma_memory_bound       
     8,737,212,977      topdown-be-bound                                                      
       296,012,613      topdown-heavy-ops                #     16.4 %  tma_retiring           
                                                         #      1.3 %  tma_heavy_operations   
                                                         #     15.1 %  tma_light_operations   
     7,059,798,529      topdown-br-mispredict            #     31.7 %  tma_branch_mispredicts 
                                                         #      0.8 %  tma_machine_clears     
     1,490,450,911      topdown-fetch-lat                #      5.6 %  tma_fetch_bandwidth    
                                                         #      6.4 %  tma_fetch_latency      
     7,157,916,887      topdown-bad-spec                                                      
        71,103,154      INT_MISC.UOP_DROPPING                                                 

       1.904868835 seconds time elapsed

       1.481393000 seconds user
       0.469490000 seconds sys


