HOT_TABLE pid=2244831 base=0x75b3118ff010 bytes=268435456 entries=16777216 anon_huge_kb=0 kernel_page_kb=4 mmu_page_kb=4
HOT_TABLE_WARMED pid=2244831 warmups=2 pre_measure_sleep_s=0

 Performance counter stats for '/home/domin/DutyFree/benchmarks/e2e/hash_join/build/cxl_join_bench --mode morsel --policy wb --fact-node 2 --hot-node 0 --fact-bytes 256m --hot-bytes 177838489 --morsel 1m --warmups 2 --reps 1 --no-stream --cpu-list 32 --threads 1':

        30,560,735      l1d_pend_miss.fb_full                                                 
     2,447,449,371      cycles                                                                
     1,756,429,826      instructions                                                          
    14,684,696,226      TOPDOWN.SLOTS                    #     37.8 %  tma_bad_speculation    
                                                         #     17.7 %  tma_frontend_bound     
     1,727,974,859      topdown-retiring                 #     32.9 %  tma_backend_bound      
     2,674,063,785      topdown-fe-bound                                                      
     2,208,508,822      topdown-mem-bound                #     18.0 %  tma_core_bound         
                                                         #     14.9 %  tma_memory_bound       
     4,882,400,746      topdown-be-bound                                                      
       131,385,612      topdown-heavy-ops                #     11.6 %  tma_retiring           
                                                         #      0.9 %  tma_heavy_operations   
                                                         #     10.8 %  tma_light_operations   
     5,479,063,505      topdown-br-mispredict            #     36.9 %  tma_branch_mispredicts 
                                                         #      0.9 %  tma_machine_clears     
     1,148,014,880      topdown-fetch-lat                #     10.3 %  tma_fetch_bandwidth    
                                                         #      7.4 %  tma_fetch_latency      
     5,555,641,544      topdown-bad-spec                                                      
        49,052,332      INT_MISC.UOP_DROPPING                                                 

       1.291729281 seconds time elapsed

       1.125831000 seconds user
       0.163684000 seconds sys


