HOT_TABLE pid=2244868 base=0x73a6f33ff010 bytes=268435456 entries=16777216 anon_huge_kb=0 kernel_page_kb=4 mmu_page_kb=4
HOT_TABLE_WARMED pid=2244868 warmups=2 pre_measure_sleep_s=0

 Performance counter stats for '/home/domin/DutyFree/benchmarks/e2e/hash_join/build/cxl_join_bench --mode morsel --policy wb --fact-node 2 --hot-node 0 --fact-bytes 256m --hot-bytes 177838489 --morsel 1m --warmups 2 --reps 1 --cpu-list 32 --threads 1':

        96,542,928      l1d_pend_miss.fb_full                                                 
     3,187,932,504      cycles                                                                
     2,990,238,757      instructions                                                          
    19,127,595,024      TOPDOWN.SLOTS                    #     35.9 %  tma_bad_speculation    
                                                         #     14.3 %  tma_frontend_bound     
     3,012,257,871      topdown-retiring                 #     34.2 %  tma_backend_bound      
     2,822,406,621      topdown-fe-bound                                                      
     3,189,658,841      topdown-mem-bound                #     17.7 %  tma_core_bound         
                                                         #     16.5 %  tma_memory_bound       
     6,612,746,346      topdown-be-bound                                                      
       281,066,301      topdown-heavy-ops                #     15.6 %  tma_retiring           
                                                         #      1.5 %  tma_heavy_operations   
                                                         #     14.1 %  tma_light_operations   
     6,788,707,803      topdown-br-mispredict            #     35.1 %  tma_branch_mispredicts 
                                                         #      0.8 %  tma_machine_clears     
     1,404,024,660      topdown-fetch-lat                #      7.3 %  tma_fetch_bandwidth    
                                                         #      6.9 %  tma_fetch_latency      
     6,867,832,325      topdown-bad-spec                                                      
        69,076,156      INT_MISC.UOP_DROPPING                                                 

       1.682195092 seconds time elapsed

       1.376727000 seconds user
       0.302720000 seconds sys


